{
  "checked_at": "2026-09-14T05:21:09.143Z",
  "source_file_hash": "0626b0396ae96d1fd0d05cd95afe7335b6a0b7ba28007923504a6c796a206624",
  "bank_content_hash": "d04dc84b2726d05c31bc8a04d126257e7c687e629e8e0d59c3e3fb7b4dea074c",
  "public_content_hash": "0e9365a3cf43a622df904b8c5afd794222c88781cb41990e451a8b5e5769075a",
  "set_count": 236,
  "subquestion_count": 510,
  "criterion_count": 1840,
  "max_points": 1840,
  "ready": true,
  "errors": [],
  "source_hash_mismatches": [],
  "content_review_performed": true,
  "full_bank_validation": {
    "exit_code": 0,
    "signal": null,
    "elapsed_ms": 71800,
    "error_code": null
  },
  "report_path": "C:\\Users\\cntrl\\Workspace\\study\\audit_say\\cpa_uploader\\analysis\\reviews\\case-applied-2026-09-14\\db-publication-v1\\readiness.json"
}
{
  "applied_at": "2026-09-14T05:22:38.997Z",
  "project_host": "xvifzicrjmbfqaepcfpp.supabase.co",
  "applied": true,
  "reused": false,
  "set_count": 236,
  "release_id": "9fde77ff-c4ed-4b4c-b383-8f632d6caf93",
  "learning_classification_count": 510,
  "source_file_hash": "0626b0396ae96d1fd0d05cd95afe7335b6a0b7ba28007923504a6c796a206624",
  "bank_content_hash": "d04dc84b2726d05c31bc8a04d126257e7c687e629e8e0d59c3e3fb7b4dea074c",
  "public_round_trip": true,
  "source_bytes_identical": true,
  "content_review_performed": true,
  "progress_initialized": false,
  "learning_unit_count": 415
}
