{
  "output": "C:\\Users\\cntrl\\Workspace\\study\\audit_say\\cpa_uploader\\analysis\\reviews\\case-applied-2026-09-14\\db-publication-v1\\verification.json",
  "status": "passed",
  "expected": {
    "sets": 236,
    "questions": 510,
    "criteria": 1840,
    "points": 1840,
    "standard_questions": 354,
    "case_questions": 156,
    "case_parents": 61,
    "learning_units": 415,
    "topic_links": 650,
    "topics": 19
  },
  "failures": [],
  "requests": 240,
  "remote_write_queries": 0,
  "model_api_calls": 0
}
