node:internal/modules/run_main:107
    triggerUncaughtException(
    ^

AssertionError [ERR_ASSERTION]: Changed evidence: cpa_uploader/questionEfficientReview.ts
+ actual - expected

+ '5c9cb38e8f71dd8e597ce2ce37ac3e3e7b6e84f50c346d14d875d0485d0ae9e7'
- '1ef56e0d94ebeec0b2b40d8545db611e241494863f177b43f4ae5e30ef92e72c'

    at readFile (C:\Users\cntrl\Workspace\study\audit_say\cpa_uploader\questionEfficientReview.ts:110:12)
    at createEfficientReviewReceipt (C:\Users\cntrl\Workspace\study\audit_say\cpa_uploader\questionEfficientReview.ts:584:49)
    at file:///C:/Users/cntrl/Workspace/study/audit_say/cpa_uploader/analysis/reviews/standard-points-implementation-2026-09-14/prepare-published-stage.mjs:25:27
    at withPublicationLock (C:\Users\cntrl\Workspace\study\audit_say\cpa_uploader\questionBankPublication.ts:329:18)
    at file:///C:/Users/cntrl/Workspace/study/audit_say/cpa_uploader/analysis/reviews/standard-points-implementation-2026-09-14/prepare-published-stage.mjs:19:1
    at ModuleJob.run (node:internal/modules/esm/module_job:413:25)
    at async onImport.tracePromise.__proto__ (node:internal/modules/esm/loader:660:26)
    at async asyncRunEntryPointWithESMLoader (node:internal/modules/run_main:101:5) {
  generatedMessage: false,
  code: 'ERR_ASSERTION',
  actual: '5c9cb38e8f71dd8e597ce2ce37ac3e3e7b6e84f50c346d14d875d0485d0ae9e7',
  expected: '1ef56e0d94ebeec0b2b40d8545db611e241494863f177b43f4ae5e30ef92e72c',
  operator: 'strictEqual',
  diff: 'simple'
}

Node.js v24.12.0
