{
  "wikiDir": "C:\\Users\\cntrl\\Workspace\\study\\audit_say\\cpa_uploader\\wiki",
  "markdownFiles": 568,
  "contentPages": 565,
  "errors": [],
  "warnings": [
    "concepts/audit-evidence-assertions.md: 220줄, 분할 검토 권장",
    "concepts/completion-subsequent-events-going-concern.md: 233줄, 분할 검토 권장",
    "concepts/fraud-laws-governance-communication.md: 253줄, 분할 검토 권장",
    "concepts/inventory-litigation-confirmations-opening-balances.md: 221줄, 분할 검토 권장",
    "concepts/planning-documentation-materiality.md: 213줄, 분할 검토 권장",
    "index.md: 297줄, 분할 검토 권장",
    "log.md: 323줄, 분할 검토 권장",
    "questions/draft-standard-expansion-20260913-e01.md: 201줄, 분할 검토 권장",
    "questions/pilot-09-010.md: 207줄, 분할 검토 권장",
    "questions/pilot-17-006.md: 202줄, 분할 검토 권장"
  ],
  "drift": [],
  "sourceNavigation": {
    "expectedLinks": 151,
    "actualLinks": 151,
    "topics": 19,
    "errors": []
  },
  "generatedPages": 541,
  "summary": {
    "wikiDir": "C:\\Users\\cntrl\\Workspace\\study\\audit_say\\cpa_uploader\\wiki",
    "topics": 19,
    "questionSets": 369,
    "subquestions": 546,
    "criteria": 1869,
    "requirements": 1426,
    "sourceFiles": 63,
    "sourceUnits": 7849,
    "sourceCatalogPages": 145,
    "sourceNavigationLinks": 151,
    "contentPages": 565
  }
}
