{"set_id":"pilot-14-006","case_id":"sub1/stored-model","attempt":1,"matched":true,"execution_error":false}
{"set_id":"pilot-14-006","case_id":"sub1/equivalent","attempt":1,"matched":true,"execution_error":false}
{"set_id":"pilot-14-006","case_id":"sub1/reverse","attempt":1,"matched":true,"execution_error":false}
{"set_id":"pilot-14-006","case_id":"sub1/single-sentence","attempt":1,"matched":true,"execution_error":false}
{"set_id":"pilot-14-006","case_id":"sub1/irrelevant-prefix","attempt":1,"matched":true,"execution_error":false}
{"set_id":"pilot-14-006","case_id":"sub1/empty","attempt":1,"matched":true,"execution_error":false}
{"set_id":"pilot-14-006","case_id":"sub1/omit-sentence-1","attempt":1,"matched":false,"execution_error":false}
{"set_id":"pilot-14-006","case_id":"sub1/omit-sentence-1","attempt":2,"matched":false,"execution_error":false}
{"set_id":"pilot-14-006","case_id":"sub1/omit-sentence-1","attempt":3,"matched":false,"execution_error":false}
{"set_id":"pilot-14-006","case_id":"sub1/opposite-1","attempt":1,"matched":true,"execution_error":false}
{"set_id":"pilot-14-006","case_id":"sub1/omit-2","attempt":1,"matched":true,"execution_error":false}
{"set_id":"pilot-14-006","case_id":"sub1/opposite-2","attempt":1,"matched":true,"execution_error":false}
{"set_id":"pilot-14-006","case_id":"sub1/implicit-judgment","attempt":1,"matched":true,"execution_error":false}
{"set_id":"pilot-14-006","case_id":"sub1/judgment-only","attempt":1,"matched":true,"execution_error":false}
{"set_id":"pilot-14-006","case_id":"sub2/stored-model","attempt":1,"matched":true,"execution_error":false}
{"set_id":"pilot-14-006","case_id":"sub2/equivalent","attempt":1,"matched":true,"execution_error":false}
{"set_id":"pilot-14-006","case_id":"sub2/reverse","attempt":1,"matched":true,"execution_error":false}
{"set_id":"pilot-14-006","case_id":"sub2/single-sentence","attempt":1,"matched":true,"execution_error":false}
{"set_id":"pilot-14-006","case_id":"sub2/irrelevant-prefix","attempt":1,"matched":true,"execution_error":false}
{"set_id":"pilot-14-006","case_id":"sub2/empty","attempt":1,"matched":true,"execution_error":false}
{"set_id":"pilot-14-006","case_id":"sub2/omit-1","attempt":1,"matched":true,"execution_error":false}
{"set_id":"pilot-14-006","case_id":"sub2/opposite-1","attempt":1,"matched":true,"execution_error":false}
{"set_id":"pilot-14-006","case_id":"sub2/omit-2","attempt":1,"matched":true,"execution_error":false}
{"set_id":"pilot-14-006","case_id":"sub2/opposite-2","attempt":1,"matched":true,"execution_error":false}
{"set_id":"pilot-14-006","case_id":"sub2/omit-3","attempt":1,"matched":true,"execution_error":false}
{"set_id":"pilot-14-006","case_id":"sub2/opposite-3","attempt":1,"matched":true,"execution_error":false}
{"set_id":"pilot-14-006","case_id":"sub2/mild-versus-serious","attempt":1,"matched":true,"execution_error":false}
{"set_id":"pilot-14-006","case_id":"sub1/root-unrelated","attempt":1,"matched":true,"execution_error":false}
{"set_id":"pilot-14-006","case_id":"sub2/root-unrelated","attempt":1,"matched":true,"execution_error":false}
{"set_id":"pilot-14-006","case_id":"sub1/root-boundary-1","attempt":1,"matched":true,"execution_error":false}
{"set_id":"pilot-14-006","case_id":"sub1/root-boundary-2","attempt":1,"matched":true,"execution_error":false}
{"set_id":"pilot-14-006","case_id":"sub2/root-boundary-1","attempt":1,"matched":true,"execution_error":false}
{"set_id":"pilot-14-006","case_id":"sub2/root-boundary-2","attempt":1,"matched":true,"execution_error":false}
{"set_id":"pilot-14-006","case_id":"sub2/root-boundary-3","attempt":1,"matched":true,"execution_error":false}
