{
  "checked_at": "2026-09-14T06:20:01.613Z",
  "source_file_hash": "895d44668c6bd86f89793c3355545bd7745398489845e8e26fe71609ad972104",
  "bank_content_hash": "547d307d30c76cf29bb953f8c43b696b81b868e71e458da7fe458602bc6eb9cd",
  "public_content_hash": "a3ce2bf4cd76790f7c79d232e525f6d1b3d3e81533e1d0a02dd0d6b7cbfb83e7",
  "set_count": 363,
  "subquestion_count": 528,
  "criterion_count": 1831,
  "max_points": 1831,
  "ready": true,
  "errors": [],
  "source_hash_mismatches": [],
  "content_review_performed": true,
  "full_bank_validation": {
    "exit_code": 0,
    "signal": null,
    "elapsed_ms": 71301,
    "error_code": null
  },
  "report_path": "C:\\Users\\cntrl\\Workspace\\study\\audit_say\\cpa_uploader\\analysis\\reviews\\standard-points-implementation-2026-09-14\\publication-v3\\stage\\readiness.json"
}
읽기 전용 검증 완료. --apply 없이는 DB를 변경하지 않습니다.
