{
  "checked_at": "2026-09-18T05:01:23.277Z",
  "source_file_hash": "7127f42b5ca7fc64b9bd2b75ec4c07ae5eefe27a0bd2f9f0f5280bfbf5453104",
  "bank_content_hash": "a523b345477ba74ffc7918b963b9faa97fb93e6c4127fdc31a1cc1d046208a53",
  "public_content_hash": "abc546b4083ae0eb8bb9f82ed5eeeb51266c412e7d7ade0b1bf231fb1fc1ef74",
  "set_count": 369,
  "subquestion_count": 546,
  "criterion_count": 1871,
  "max_points": 1871,
  "ready": true,
  "errors": [],
  "source_hash_mismatches": [],
  "content_review_performed": true,
  "full_bank_validation": {
    "exit_code": 0,
    "signal": null,
    "elapsed_ms": 177465,
    "error_code": null
  },
  "report_path": "C:\\Users\\cntrl\\Workspace\\study\\audit_say\\cpa_uploader\\analysis\\reviews\\case-review-2026-09-15\\publication-r05-r06\\stage\\db-readiness.json"
}
읽기 전용 검증 완료. --apply 없이는 DB를 변경하지 않습니다.
