{
  "output": "C:\\Users\\cntrl\\Workspace\\study\\audit_say\\cpa_uploader\\analysis\\reviews\\case-review-2026-09-15\\publication\\db-import\\publication-v1\\verification.json",
  "status": "passed",
  "expected": {
    "sets": 371,
    "questions": 551,
    "criteria": 1882,
    "points": 1882,
    "standard_questions": 372,
    "case_questions": 179,
    "case_parents": 69,
    "learning_units": 441,
    "topic_links": 712,
    "topics": 19
  },
  "failures": [],
  "requests": 375,
  "remote_write_queries": 0,
  "model_api_calls": 0
}
