{
  "wikiDir": "C:\\Users\\cntrl\\Workspace\\study\\audit_say\\cpa_uploader\\wiki",
  "markdownFiles": 562,
  "contentPages": 559,
  "errors": [],
  "warnings": [
    "concepts/audit-evidence-assertions.md: 220줄, 분할 검토 권장",
    "concepts/completion-subsequent-events-going-concern.md: 223줄, 분할 검토 권장",
    "concepts/fraud-laws-governance-communication.md: 242줄, 분할 검토 권장",
    "concepts/inventory-litigation-confirmations-opening-balances.md: 211줄, 분할 검토 권장",
    "concepts/planning-documentation-materiality.md: 202줄, 분할 검토 권장",
    "index.md: 294줄, 분할 검토 권장",
    "log.md: 312줄, 분할 검토 권장",
    "questions/draft-standard-expansion-20260913-e01.md: 201줄, 분할 검토 권장",
    "questions/pilot-09-010.md: 207줄, 분할 검토 권장",
    "questions/pilot-17-006.md: 202줄, 분할 검토 권장"
  ],
  "drift": [],
  "sourceNavigation": {
    "expectedLinks": 151,
    "actualLinks": 151,
    "topics": 19,
    "errors": []
  },
  "generatedPages": 535,
  "summary": {
    "wikiDir": "C:\\Users\\cntrl\\Workspace\\study\\audit_say\\cpa_uploader\\wiki",
    "topics": 19,
    "questionSets": 363,
    "subquestions": 528,
    "criteria": 1831,
    "requirements": 1385,
    "sourceFiles": 63,
    "sourceUnits": 7849,
    "sourceCatalogPages": 145,
    "sourceNavigationLinks": 151,
    "contentPages": 559
  }
}
