pilot-05-003: 직렬화 의미검수 입력 288632자
pilot-05-003/5c2cf69e380b4f0fbee43a3cc91f003e420b49435c704d17ea7c5efff5ba886c: 사례 채점 일치
pilot-05-003/00eaf05863128b72561ae634e9aac165a8d085de3c16ebf3381c1a61343c1015: 사례 채점 일치
pilot-05-003/92688444f96307ae0d20ceb2204ad819bfb9f2f693bdb4cc4941309c58f89f35: 사례 채점 일치
pilot-05-003/3975e5e171aced61896c39218e698e5c54b8f2755f375725cd62713fe4978700: 사례 채점 일치
pilot-05-003/a803e8cd81bf307332ef35775f3802b05828d7d71409a064c30c8e0e12b023bd: 사례 채점 불일치
pilot-05-003/064c279aecb8ec0f46c31c64c2648c3db13d364488f0a2658ccf1d5aec0d4a91: 사례 채점 일치
pilot-05-003/5b7a97c1ccc331c16cf23ce421491f9adf2c536e3cbc8cbf6171b9e0df31ea73: 사례 채점 일치
pilot-05-003/cd1cad6715a9bd9e04cc4f72f144b240bb53b7b37ea7ac362dbcaee69133e226: 사례 채점 일치
pilot-05-003/e7c4e054c189f1ec0c062f2c09a1592376ee57d0a0e8f0d0a6ac17675abe4512: 사례 채점 일치
pilot-05-003/92ba5ced83a224cc21823319b00cbc79464260e93e4a69157fbe7764bdb18637: 사례 채점 일치
pilot-05-003/4be2ad77af4729da196a2c1e8f3164a282350e4c4520bbe5b783c4ee0eadd573: 사례 채점 일치
pilot-05-003/f94d4ce6172f84f67a8c28c3cdfa231fb5c18815dcae6cfcd9e6391b8ca639d9: 사례 채점 일치
pilot-05-003/0fcd7ca2f2ff74523190cedeb333c4a108f6ee7bfeecbb4f2f89b554e8d2a3a9: 사례 채점 일치
pilot-05-003/659bb6dd132a24255cd28d67a4095d437e43de5b92df3f2ebbeac8e67abd1dc2: 사례 채점 일치
pilot-05-003/e3f546ecf280113a5c56ba243a7d3fa97665dfb1bb4f3069465426ccdb55ed8a: 사례 채점 일치
pilot-05-003/a82389d1b1ec6f0e4af112c12599c665f76ee0f078ea485719f6c757f33a1318: 사례 채점 일치
pilot-05-003/f7eb4edc7ca7534d98334ca9000a8ea393ff0803c6165d1c3b0b7ade82a1ccbf: 사례 채점 일치
pilot-05-003/3156c665a3fee9b6aa2fa6126d5c92c627390052f06d2c20bc44c5233d003c9a: 사례 채점 일치
pilot-05-003/13226451c83180ec2b6f05e9d6e0780cacdc0f8e4abef07860e2acfea65f0d90: 사례 채점 일치
pilot-05-003/dd63ffbe8548511afe018514bb63557182ad178b4933f7784a514fb846c512bc: 사례 채점 일치
pilot-05-003/d345049928f10a24b136aa0a4f0eb25235d95dcb7ff55fb95a8af4b91aeafdbf: 사례 채점 일치
pilot-05-003/2ca69160a61f0a7e69a9fba10d8af46988339c591ee41b0b6a431730db7b627c: 사례 채점 일치
pilot-05-003/3acfb64feaf385ccf59ec6583504f03f49a48efb56a2991fa64d11a4d0fe7556: 사례 채점 일치
pilot-05-003/ee708109bc15a05e5209ebe1e465e6d2745d6e97f5de3402a08514f2238ea3f9: 사례 채점 일치
pilot-05-003/a693fc4da4d06e4555326c7cef967b41e87fe944cc13da800472ecfd5ded64f1: 사례 채점 일치
pilot-05-003/e32fbae0c5ce1f3082c8fe65ad60086c60d023980b7f59f4a3981b31f2885fcf: 사례 채점 일치
pilot-05-003/b4b15bdd56c1f91b946d6e8c3709d6c70cbcb7dfd16e7a996e89c9510288c272: 사례 채점 일치
pilot-05-003/2a58603a4424b4f5c7d3cc522b98e495e0425288965b93e0af36df902a996302: 사례 채점 일치
pilot-05-003/10a106e68d581e5944ea5141ffa12c6b023e94f415a720391442fc5652957495: 사례 채점 일치
pilot-05-003/44b2610aa24d9b98f4a3aa2adaad6ccd8437724efe427a45ca79f93813317ff4: 사례 채점 일치
pilot-05-003/ee78520ddc339efe6044ce9bf64b1d12ea598c9ee498699569abf0c15a804648: 사례 채점 일치
pilot-05-003/cf289ea1f8f400e22939cff9467ee9b78f039167a1e726e2cd54104be65fa81f: 사례 채점 일치
pilot-05-003/b4332c52cbf5283347a0eb48a622f0eb9dfa42d98e1ebc01fb137046508a950a: 사례 채점 일치
pilot-05-003/334a72cd8b470388d66d0ad1b54c3b39b4f083021376637b01a8f2d4201dd463: 사례 채점 일치
pilot-05-003/51459c40531240796e4b7a7a51e70fdc6950e293e57334a1b023aa27887468e2: 사례 채점 일치
pilot-05-003/0c7141d88b0cbd6cd36cb89379637d8819cad7f60e9195a1d8f35b546f75363d: 사례 채점 일치
pilot-05-003/e32f844b979d4468d8a05125c5a7016b3b67fad579984c2e163eb9925189559c: 사례 채점 일치
pilot-05-003/6ac7c149a7d1d4efec78b33361ed7b75fc605e8d62014128ea78f637ad05d58c: 사례 채점 일치
pilot-05-003/empty-answer: 사례 채점 일치
의미검수 산출물: C:\Users\cntrl\Workspace\study\audit_say\cpa_uploader\analysis\reviews\point-review-and-publication-2026-09-11\execution-resumes\resume-2026-09-12-v2\canary\grading-b\pilot-05-003\grading.json (pilot-05-003=pass)
문항 상태는 변경하지 않았습니다. pass도 사람의 실제 검수 근거와 별도 verified/published 승급이 필요합니다.
