✔ valid synthetic efficient receipt preserves case context and exactly five representative answers (401.2419ms)
✔ unspecified budget is recorded as null without claiming a provider limit (306.8369ms)
✔ a different positive provider budget preserves the same evidence requirements (249.6311ms)
✔ missing or contradictory budget metadata is rejected (210.8224ms)
✔ agent known content findings are never waived by perfect score accuracy (159.5335ms)
✔ criterion-only official sources are mandatory content-review coverage (193.0925ms)
✔ missing content question or criterion rejects the whole review (187.723ms)
✔ unreviewed model answer change invalidates the content hash (290.2072ms)
✔ no runtime snapshot list cannot bypass current-code checks (295.8481ms)
✔ original QA answer or expected sum cannot be silently rewritten (242.3028ms)
✔ expected verdict totals must equal the declared integer score (199.4721ms)
✔ context-only case child cannot contribute a nonzero score or omitted expectation (205.6847ms)
✔ missing observations cannot reduce the denominator (185.1701ms)
✔ duplicate entries cannot inflate the denominator (195.0314ms)
✔ response injection marker is never accepted (235.439ms)
✔ raw output must match the trace rather than a saved score (335.1286ms)
✔ forged deterministic result cannot replace production replay (262.0003ms)
✔ fake usage is rejected even when grading otherwise matches (226.8431ms)
✔ security suspicion in the primary judgment is not score tolerance (195.2123ms)
✔ invalid trace attempt is not a legitimate production response (196.0748ms)
✔ schema-invalid extra raw properties do not bypass the schema via groundJudgment (220.6182ms)
✔ provider output array and convenience output_text must agree (336.2824ms)
✔ successful first response cannot be followed by a second quality retry (202.0833ms)
✔ stale classification source identity rejects a changed source version (235.5621ms)
✔ hash-changing evidence rejects before receipt creation (177.4018ms)
✔ cached validation context still detects later evidence tampering at final guard (237.8851ms)
✔ cached evidence JSON cannot be mutated through a later consumer (476.8605ms)
✔ historical efficient receipt uses archived execution bytes without rewriting old runtime (347.867ms)
✔ promotion ledger accepts the explicit efficient route but rejects mismatched receipt summary or dual routes (275.9559ms)
✔ actual promotion CLI rejects conflicting routes and efficient published shortcut before any write (1464.3654ms)
✔ changed transport sampling or reasoning parameters are a different request (206.9124ms)
✔ provider request ID mismatch cannot be hidden in an accounting callback (169.0299ms)
✔ non-enumerable SDK request header can be absent from old JSON while body and usage remain bound (270.2486ms)
✔ explicit new response header metadata must match the observed request header (189.2242ms)
✔ missing serialized header never relaxes the actual provider response identity (166.537ms)
✔ explicit reuse accepts immutable raw evidence after a recorder-only revision (230.0641ms)
✔ reuse selects the original manifest sibling snapshot despite an earlier ancestor index (223.7707ms)
✔ a second recovery reuses observations whose unchanged runtime index was inherited (499.3887ms)
✔ repeated links to one ancestor count as one inherited snapshot candidate (163.0552ms)
✔ a present incomplete sibling cannot fall back to a complete ancestor index (279.252ms)
✔ an unlinked snapshot index cannot establish inherited execution provenance (285.2492ms)
✔ an inherited snapshot must cover recorder bytes as well as the eight grading files (341.152ms)
✔ two distinct complete linked ancestor indexes are ambiguous rather than first-match wins (185.0169ms)
✔ linked ancestor manifest bytes cannot be changed while retaining their declared identity (181.6332ms)
✔ inherited index bytes remain bound to the index identity in the ancestor manifest (173.8347ms)
✔ inherited archived runtime bytes are verified before accepting the observation (197.2124ms)
✔ historical reused receipt retains archive compatibility while new acceptance rejects current grading drift (495.2774ms)
✔ a foreign-manifest observation needs an explicit reuse declaration (228.0485ms)
✔ reuse cannot relabel the original expected score or worker (247.1712ms)
✔ a grading behavior change invalidates reuse despite a new archived snapshot (216.1058ms)
✔ duplicate reuse declarations cannot double-count a prior observation (257.9434ms)
✔ tampered original raw evidence cannot be refreshed by a new run manifest (251.6121ms)
✔ not_met with answer evidence is rejected before tolerance scoring (215.8357ms)
✔ false injection flag with nonempty security evidence is a grounding error (214.698ms)
✔ partial verdict for a one-point criterion is not a tolerated scoring discrepancy (206.3503ms)
✔ a permanent authentication error cannot justify another production request (241.5574ms)
✔ removing an entire reviewed set and its observations cannot shrink a fixed cohort (286.4256ms)
✔ within-one discrepancy is retained strictly while its representative still meets tolerance (216.6956ms)
✔ nineteen of twenty meets 95 percent only with a separate content-rechecked residual finding (868.0956ms)
ℹ tests 59
ℹ suites 0
ℹ pass 59
ℹ fail 0
ℹ cancelled 0
ℹ skipped 0
ℹ todo 0
ℹ duration_ms 17201.1605
