{
  "checked_at": "2026-09-14T09:13:01.875Z",
  "source_file_hash": "67a8738f4f9dc959ca52a213c7e07b224836fc3a94effe1f20b56090d01f9da7",
  "bank_content_hash": "f707c7f1a6840fcf2bb032bc48308599822f8e2017257e6194f883519cdd3d53",
  "public_content_hash": "1e0c5c70b5340ea254697dd85c913d0276b876bcd2e624eae2b9c9e6c99faec0",
  "set_count": 372,
  "subquestion_count": 555,
  "criterion_count": 1889,
  "max_points": 1889,
  "ready": true,
  "errors": [],
  "source_hash_mismatches": [],
  "content_review_performed": true,
  "full_bank_validation": {
    "exit_code": 0,
    "signal": null,
    "elapsed_ms": 92519,
    "error_code": null
  },
  "report_path": "C:\\Users\\cntrl\\Workspace\\study\\audit_say\\cpa_uploader\\analysis\\reviews\\standard-new-verification-2026-09-14\\fix-v2\\publication-v1\\stage\\db-readiness.json"
}
읽기 전용 검증 완료. --apply 없이는 DB를 변경하지 않습니다.
