pilot-05-003: 직렬화 의미검수 입력 290460자
pilot-05-003/5c2cf69e380b4f0fbee43a3cc91f003e420b49435c704d17ea7c5efff5ba886c: 사례 채점 일치
pilot-05-003/bc708f6643ccb73bb0a89caeda780775a6f388117058566accb7e8caff34f9ed: 사례 채점 일치
pilot-05-003/bc5ec430d24216b630ae7309ccad2899ab2b731160cbe9c42b878bf55700fdd9: 사례 채점 일치
pilot-05-003/dcbfa750682eec39f6c4aacb3ac0960e4b3eb5028c00af971f74e187faa0629e: 사례 채점 일치
pilot-05-003/6d5184ac7a234f4cac89832899282d1592a7e723fba0168084e8a2cff63a2ade: 사례 채점 일치
pilot-05-003/39a95339e2e7685181f334d2ec2cfa8d95ccb4298964956b5c169b4a3b4ae67d: 사례 채점 일치
pilot-05-003/1cc4960647948dc8840c062761b9bf45d9ec920e7fa18290b15ed41a0281c2ca: 사례 채점 불일치
pilot-05-003/eb6b85e84ed95c69101f66093147eec7fa58f1705d4b6b549a5c564cab2bc935: 사례 채점 일치
pilot-05-003/f5a0303dd422e1c11b70109f05934b533b87c319a13be95f9ed5c287a3ed5bdd: 사례 채점 일치
pilot-05-003/22513c731baebbaf6a10f2085432ae7bc05ac93f915c6accb992827137a5ca5a: 사례 채점 일치
pilot-05-003/09fa26ed3565e466a044a52b4f404df7576f1749bd7ccdd0ab85124c6a993bda: 사례 채점 일치
pilot-05-003/142b6d8cab6c40b2e0beda6758fbf3e8d46638d9bc36f7982e8963dd7cd916f8: 사례 채점 일치
pilot-05-003/319c63fbdb78522b104bfafbab833b0e0c71a6dd148f800d52353ca40f00277b: 사례 채점 일치
pilot-05-003/659bb6dd132a24255cd28d67a4095d437e43de5b92df3f2ebbeac8e67abd1dc2: 사례 채점 일치
pilot-05-003/6e3c99e9f57d67d264f01089eb6a42971f0b02767e491930ee06bcb61b60416f: 사례 채점 일치
pilot-05-003/82b6ce497946d74c9be4bc8ebb22811db233e1965fc715b0d820da983df7352e: 사례 채점 불일치
pilot-05-003/cc81ce92882e7eceade96332d7d3e1efdb2c43344743a82af762659fb77ef216: 사례 채점 일치
pilot-05-003/91d9fb5e6bde78dcc6a6cf33feda98cb4cbfdd847ac1a0dd178d3f066259c55c: 사례 채점 일치
pilot-05-003/03881456391130d35b67dfa674b9ef1bd9f3a8e2f9e677a4adbd73ae92aec3a6: 사례 채점 일치
pilot-05-003/dd63ffbe8548511afe018514bb63557182ad178b4933f7784a514fb846c512bc: 사례 채점 일치
pilot-05-003/98941356ab46f093ce3de1f2bdf907cd63e9c5e0cbdf362f60167c65ac6e9110: 사례 채점 일치
pilot-05-003/f9d3f55ed8130cb79d941e7b0355ddd36312f28f885dc573300166895c03412e: 사례 채점 일치
pilot-05-003/43747c6b3459f47a25472da28515d5e15165356907d5e7c6caad2d4bf35ec6dd: 사례 채점 일치
pilot-05-003/00ea86d6cf998c0b3b7308782cdf770caccc46f12003473fb33233d9f3a91cc7: 사례 채점 일치
pilot-05-003/005eb69d2618ea38c5c8952bac3328e55ed1e0b4127aeb1661e325d635a77eac: 사례 채점 일치
pilot-05-003/7c4c3c39f49f0e59b9e3576e58a5abe22879a95ec27db027fc0f04ac3ea23a04: 사례 채점 일치
pilot-05-003/dac04f2a901566ad2d41f367fcdbbeae0567361001a1b9ca9c25b614afcba950: 사례 채점 일치
pilot-05-003/ed22044c93140a761b30b8b6c6bf9a1138710f9ce8ac6e5acea3829782159e91: 사례 채점 일치
pilot-05-003/e6637a0484a300688d4290039e7900c2dd68973c7da572077235b2a6c29ea24e: 사례 채점 일치
pilot-05-003/0ef6663b02fabcfdd23cd480c961adceb98f9915c9eb01a28293e4b55cc0b49e: 사례 채점 일치
pilot-05-003/efd45c99ea862acd60b567c27f31ef0edda0ad822587f10a95bff410c18293dd: 사례 채점 일치
pilot-05-003/08fd3134679ee1668f32545bcd7b05866831fad204240dd2351509f980524a3c: 사례 채점 일치
pilot-05-003/974ea93e32368a2b803b5fe1ad58258b2537e7b4c5d7ca77245c9c97038241ce: 사례 채점 일치
pilot-05-003/763a28edec3e70c669f49891f11cc284ccc812bfc913e10b0c3023c95871e338: 사례 채점 일치
pilot-05-003/e3b71930ecc4f10104b715d83601786113a33c5ede73c042e661a6ff59771300: 사례 채점 일치
pilot-05-003/5a1cfbb2adb003731c8605388eeb3599f7b4be1aac9d63173b02f57d4e938390: 사례 채점 일치
pilot-05-003/5a37f0b4ee6e94e3471aeed29106e91ea45ecf75719663680f7aad618cc9300f: 사례 채점 일치
pilot-05-003/c11212d9a2441ea596671dafefc2e0df5455ad0c0ec66fa8a2bbb566aab23bb2: 사례 채점 일치
pilot-05-003/empty-answer: 사례 채점 일치
의미검수 산출물: C:\Users\cntrl\Workspace\study\audit_say\cpa_uploader\analysis\reviews\point-review-and-publication-2026-09-11\execution-resumes\resume-2026-09-12-v3\canary\grading-b\pilot-05-003\grading.json (pilot-05-003=pass)
문항 상태는 변경하지 않았습니다. pass도 사람의 실제 검수 근거와 별도 verified/published 승급이 필요합니다.
