{"set_id":"pilot-10-007","case_id":"sub2-crit7-opposite","attempt":1,"matched":true,"execution_error":false}
{"set_id":"pilot-10-007","case_id":"sub2-crit7-condition-boundary","attempt":1,"matched":true,"execution_error":false}
{"set_id":"pilot-10-007","case_id":"sub2-crit7-omission","attempt":1,"matched":true,"execution_error":false}
{"set_id":"pilot-10-007","case_id":"sub3-model-answer","attempt":1,"matched":true,"execution_error":false}
{"set_id":"pilot-10-007","case_id":"sub3-empty","attempt":1,"matched":true,"execution_error":false}
{"set_id":"pilot-10-007","case_id":"sub3-reverse-order","attempt":1,"matched":true,"execution_error":false}
{"set_id":"pilot-10-007","case_id":"sub3-one-sentence","attempt":1,"matched":true,"execution_error":false}
{"set_id":"pilot-10-007","case_id":"sub3-irrelevant-prefix","attempt":1,"matched":true,"execution_error":false}
{"set_id":"pilot-10-007","case_id":"sub3-duplicate-and-extra-correct","attempt":1,"matched":true,"execution_error":false}
{"set_id":"pilot-10-007","case_id":"sub3-all-paraphrases","attempt":1,"matched":true,"execution_error":false}
{"set_id":"pilot-10-007","case_id":"sub3-questioning-alone","attempt":1,"matched":true,"execution_error":false}
{"set_id":"pilot-10-007","case_id":"sub3-crit8-paraphrase","attempt":1,"matched":false,"execution_error":false}
{"set_id":"pilot-10-007","case_id":"sub3-crit8-paraphrase","attempt":2,"matched":false,"execution_error":false}
{"set_id":"pilot-10-007","case_id":"sub3-crit8-paraphrase","attempt":3,"matched":false,"execution_error":false}
{"set_id":"pilot-10-007","case_id":"sub3-crit8-opposite","attempt":1,"matched":true,"execution_error":false}
{"set_id":"pilot-10-007","case_id":"sub3-crit8-condition-boundary","attempt":1,"matched":true,"execution_error":false}
{"set_id":"pilot-10-007","case_id":"sub3-crit8-omission","attempt":1,"matched":true,"execution_error":false}
{"set_id":"pilot-10-007","case_id":"sub3-crit9-paraphrase","attempt":1,"matched":true,"execution_error":false}
{"set_id":"pilot-10-007","case_id":"sub3-crit9-opposite","attempt":1,"matched":true,"execution_error":false}
{"set_id":"pilot-10-007","case_id":"sub3-crit9-condition-boundary","attempt":1,"matched":true,"execution_error":false}
{"set_id":"pilot-10-007","case_id":"sub3-crit9-omission","attempt":1,"matched":true,"execution_error":false}
