
> crimson-lagoon@0.1.0 analysis:check
> node scripts/manage-analysis.mjs --check && node cpa_uploader/analysis/reviews/migrate-review-artifacts.mjs --check

{
  "mode": "check",
  "files": 45,
  "sets": 372,
  "questions": 555,
  "criteria": 1889,
  "extracted_elements": 3409,
  "candidate_elements": 672,
  "source_units": 3760,
  "links": 248,
  "reviewed_links": 84,
  "stale_links": 94,
  "relationship_review_pending": 164,
  "errors": []
}
{
  "files": 371,
  "verified": 371,
  "bytes": 40020397,
  "unavailableLocal": [],
  "errors": []
}
