
> crimson-lagoon@0.1.0 analysis:check
> node scripts/manage-analysis.mjs --check && node cpa_uploader/analysis/reviews/migrate-review-artifacts.mjs --check

{
  "mode": "check",
  "files": 45,
  "sets": 372,
  "questions": 555,
  "criteria": 1889,
  "extracted_elements": 3409,
  "candidate_elements": 672,
  "source_units": 3760,
  "links": 248,
  "reviewed_links": 82,
  "stale_links": 96,
  "relationship_review_pending": 166,
  "errors": [
    "cpa_uploader/analysis/coverage/registry.json: 현재 입력과 생성 결과 불일치",
    "cpa_uploader/analysis/coverage/summary.md: 현재 입력과 생성 결과 불일치",
    "cpa_uploader/analysis/coverage/topics/02.md: 현재 입력과 생성 결과 불일치",
    "cpa_uploader/analysis/coverage/topics/03.md: 현재 입력과 생성 결과 불일치",
    "cpa_uploader/analysis/coverage/topics/05.md: 현재 입력과 생성 결과 불일치",
    "cpa_uploader/analysis/coverage/topics/18.md: 현재 입력과 생성 결과 불일치"
  ]
}
