{
  "output": "C:\\Users\\cntrl\\Workspace\\study\\audit_say\\cpa_uploader\\analysis\\reviews\\case-review-2026-09-15\\publication-r13-r15\\db-import\\publication-v1\\verification.json",
  "status": "passed",
  "expected": {
    "sets": 358,
    "questions": 514,
    "criteria": 1803,
    "points": 1803,
    "standard_questions": 371,
    "case_questions": 143,
    "case_parents": 56,
    "learning_units": 427,
    "topic_links": 677,
    "topics": 19
  },
  "failures": [],
  "requests": 362,
  "remote_write_queries": 0,
  "model_api_calls": 0
}
