✔ valid synthetic efficient receipt preserves case context and exactly five representative answers (483.8782ms)
✔ agent known content findings are never waived by perfect score accuracy (294.1385ms)
✔ criterion-only official sources are mandatory content-review coverage (263.424ms)
✔ missing content question or criterion rejects the whole review (224.5482ms)
✔ unreviewed model answer change invalidates the content hash (336.2171ms)
✔ no runtime snapshot list cannot bypass current-code checks (272.2776ms)
✔ original QA answer or expected sum cannot be silently rewritten (289.9967ms)
✔ expected verdict totals must equal the declared integer score (283.1681ms)
✔ context-only case child cannot contribute a nonzero score or omitted expectation (278.802ms)
✔ missing observations cannot reduce the denominator (234.392ms)
✔ duplicate entries cannot inflate the denominator (221.5361ms)
✔ response injection marker is never accepted (218.17ms)
✔ raw output must match the trace rather than a saved score (286.9676ms)
✔ forged deterministic result cannot replace production replay (282.9032ms)
✔ fake usage is rejected even when grading otherwise matches (283.6529ms)
✔ security suspicion in the primary judgment is not score tolerance (259.766ms)
✔ invalid trace attempt is not a legitimate production response (218.9461ms)
✔ schema-invalid extra raw properties do not bypass the schema via groundJudgment (211.2131ms)
✔ provider output array and convenience output_text must agree (200.8689ms)
✔ successful first response cannot be followed by a second quality retry (232.3762ms)
✔ stale classification source identity rejects a changed source version (192.137ms)
✔ hash-changing evidence rejects before receipt creation (197.4863ms)
✔ cached validation context still detects later evidence tampering at final guard (259.5659ms)
✔ historical efficient receipt uses archived execution bytes without rewriting old runtime (405.0469ms)
✔ promotion ledger accepts the explicit efficient route but rejects mismatched receipt summary or dual routes (295.4543ms)
✔ actual promotion CLI rejects conflicting routes and efficient published shortcut before any write (1315.6119ms)
✔ changed transport sampling or reasoning parameters are a different request (197.7523ms)
✔ provider request ID mismatch cannot be hidden in an accounting callback (192.6214ms)
✔ non-enumerable SDK request header can be absent from old JSON while body and usage remain bound (200.879ms)
✔ explicit new response header metadata must match the observed request header (205.2263ms)
✔ missing serialized header never relaxes the actual provider response identity (211.8623ms)
✔ explicit reuse accepts immutable raw evidence after a recorder-only revision (279.5932ms)
✔ a foreign-manifest observation needs an explicit reuse declaration (217.3552ms)
✔ reuse cannot relabel the original expected score or worker (212.2463ms)
✔ a grading behavior change invalidates reuse despite a new archived snapshot (181.6524ms)
✔ duplicate reuse declarations cannot double-count a prior observation (186.7251ms)
✔ tampered original raw evidence cannot be refreshed by a new run manifest (214.4938ms)
✔ not_met with answer evidence is rejected before tolerance scoring (193.3947ms)
✔ false injection flag with nonempty security evidence is a grounding error (189.5444ms)
✔ partial verdict for a one-point criterion is not a tolerated scoring discrepancy (169.5663ms)
✔ a permanent authentication error cannot justify another production request (175.2282ms)
✔ removing an entire reviewed set and its observations cannot shrink a fixed cohort (169.3766ms)
✔ within-one discrepancy is retained strictly while its representative still meets tolerance (210.6547ms)
✔ nineteen of twenty meets 95 percent only with a separate content-rechecked residual finding (866.35ms)
ℹ tests 44
ℹ suites 0
ℹ pass 44
ℹ fail 0
ℹ cancelled 0
ℹ skipped 0
ℹ todo 0
ℹ duration_ms 13654.7163
