✔ valid synthetic efficient receipt preserves case context and exactly five representative answers (722.6072ms)
✔ agent known content findings are never waived by perfect score accuracy (243.2389ms)
✔ criterion-only official sources are mandatory content-review coverage (272.1556ms)
✔ missing content question or criterion rejects the whole review (230.5443ms)
✔ unreviewed model answer change invalidates the content hash (321.3408ms)
✔ no runtime snapshot list cannot bypass current-code checks (205.3974ms)
✔ original QA answer or expected sum cannot be silently rewritten (317.7596ms)
✔ expected verdict totals must equal the declared integer score (350.3292ms)
✔ context-only case child cannot contribute a nonzero score or omitted expectation (320.5485ms)
✔ missing observations cannot reduce the denominator (258.5386ms)
✔ duplicate entries cannot inflate the denominator (248.1745ms)
✔ response injection marker is never accepted (221.809ms)
✔ raw output must match the trace rather than a saved score (531.5834ms)
✔ forged deterministic result cannot replace production replay (246.8051ms)
✔ fake usage is rejected even when grading otherwise matches (243.0288ms)
✔ security suspicion in the primary judgment is not score tolerance (227.3627ms)
✔ invalid trace attempt is not a legitimate production response (267.9383ms)
✔ schema-invalid extra raw properties do not bypass the schema via groundJudgment (235.72ms)
✔ provider output array and convenience output_text must agree (241.6419ms)
✔ successful first response cannot be followed by a second quality retry (219.5016ms)
✔ stale classification source identity rejects a changed source version (176.8847ms)
✔ hash-changing evidence rejects before receipt creation (239.1046ms)
✔ cached validation context still detects later evidence tampering at final guard (299.1933ms)
✔ historical efficient receipt uses archived execution bytes without rewriting old runtime (395.3498ms)
✔ promotion ledger accepts the explicit efficient route but rejects mismatched receipt summary or dual routes (316.4456ms)
✔ actual promotion CLI rejects conflicting routes and efficient published shortcut before any write (1395.3707ms)
✔ changed transport sampling or reasoning parameters are a different request (252.0949ms)
✔ provider request ID mismatch cannot be hidden in an accounting callback (211.4328ms)
✔ not_met with answer evidence is rejected before tolerance scoring (221.6907ms)
✔ false injection flag with nonempty security evidence is a grounding error (207.6909ms)
✔ partial verdict for a one-point criterion is not a tolerated scoring discrepancy (219.6762ms)
✔ a permanent authentication error cannot justify another production request (230.2877ms)
✔ removing an entire reviewed set and its observations cannot shrink a fixed cohort (230.1579ms)
✔ within-one discrepancy is retained strictly while its representative still meets tolerance (265.3815ms)
✔ nineteen of twenty meets 95 percent only with a separate content-rechecked residual finding (1299.8142ms)
ℹ tests 35
ℹ suites 0
ℹ pass 35
ℹ fail 0
ℹ cancelled 0
ℹ skipped 0
ℹ todo 0
ℹ duration_ms 12912.3289
