✔ valid synthetic efficient receipt preserves case context and exactly five representative answers (689.6186ms)
✔ agent known content findings are never waived by perfect score accuracy (199.5551ms)
✔ criterion-only official sources are mandatory content-review coverage (211.3959ms)
✔ missing content question or criterion rejects the whole review (215.9632ms)
✔ unreviewed model answer change invalidates the content hash (281.6127ms)
✔ no runtime snapshot list cannot bypass current-code checks (193.5328ms)
✔ original QA answer or expected sum cannot be silently rewritten (242.9598ms)
✔ expected verdict totals must equal the declared integer score (246.1367ms)
✔ context-only case child cannot contribute a nonzero score or omitted expectation (232.9055ms)
✔ missing observations cannot reduce the denominator (193.8829ms)
✔ duplicate entries cannot inflate the denominator (204.8113ms)
✔ response injection marker is never accepted (279.0997ms)
✔ raw output must match the trace rather than a saved score (277.4111ms)
✔ forged deterministic result cannot replace production replay (236.4536ms)
✔ fake usage is rejected even when grading otherwise matches (232.0386ms)
✔ security suspicion in the primary judgment is not score tolerance (262.1171ms)
✔ invalid trace attempt is not a legitimate production response (237.0484ms)
✔ schema-invalid extra raw properties do not bypass the schema via groundJudgment (283.7248ms)
✔ provider output array and convenience output_text must agree (248.9143ms)
✔ successful first response cannot be followed by a second quality retry (215.4098ms)
✔ stale classification source identity rejects a changed source version (218.9877ms)
✔ hash-changing evidence rejects before receipt creation (222.7709ms)
✔ cached validation context still detects later evidence tampering at final guard (315.3697ms)
✔ historical efficient receipt uses archived execution bytes without rewriting old runtime (485.0111ms)
✔ promotion ledger accepts the explicit efficient route but rejects mismatched receipt summary or dual routes (432.2656ms)
✔ actual promotion CLI rejects conflicting routes and efficient published shortcut before any write (2830.7033ms)
✔ changed transport sampling or reasoning parameters are a different request (507.6337ms)
✔ provider request ID mismatch cannot be hidden in an accounting callback (464.2348ms)
✔ non-enumerable SDK request header can be absent from old JSON while body and usage remain bound (352.713ms)
✔ explicit new response header metadata must match the observed request header (239.38ms)
✔ missing serialized header never relaxes the actual provider response identity (250.0238ms)
✔ not_met with answer evidence is rejected before tolerance scoring (270.8799ms)
✔ false injection flag with nonempty security evidence is a grounding error (234.0534ms)
✔ partial verdict for a one-point criterion is not a tolerated scoring discrepancy (233.3033ms)
✔ a permanent authentication error cannot justify another production request (234.4616ms)
✔ removing an entire reviewed set and its observations cannot shrink a fixed cohort (230.5298ms)
✔ within-one discrepancy is retained strictly while its representative still meets tolerance (307.9223ms)
✔ nineteen of twenty meets 95 percent only with a separate content-rechecked residual finding (1243.91ms)
ℹ tests 38
ℹ suites 0
ℹ pass 38
ℹ fail 0
ℹ cancelled 0
ℹ skipped 0
ℹ todo 0
ℹ duration_ms 15230.8826
