{"entry":"standard-0-model","reused":true,"actual_sdk_calls":0,"original_actual_sdk_calls":1,"strict_matched":true,"within_tolerance":true}
{"entry":"standard-0-partial","reused":true,"actual_sdk_calls":0,"original_actual_sdk_calls":1,"strict_matched":false,"within_tolerance":false}
{"entry":"standard-0-wrong","reused":true,"actual_sdk_calls":0,"original_actual_sdk_calls":1,"strict_matched":true,"within_tolerance":true}
{"entry":"standard-1-model","reused":true,"actual_sdk_calls":0,"original_actual_sdk_calls":1,"strict_matched":true,"within_tolerance":true}
{"entry":"standard-1-partial","reused":true,"actual_sdk_calls":0,"original_actual_sdk_calls":1,"strict_matched":false,"within_tolerance":false}
{"entry":"standard-1-wrong","reused":true,"actual_sdk_calls":0,"original_actual_sdk_calls":1,"strict_matched":true,"within_tolerance":true}
✔ cost arithmetic records cache read/write and output includes reasoning once (1.7462ms)
✔ long context rate switches only above 272000 actual input tokens (0.4217ms)
✔ unknown model/tier/endpoint/usage cannot silently claim a cost (0.3829ms)
✔ missing cache writes preserves a cost bound and malformed writes are unknown (0.361ms)
✔ quota is found below generic transport wrappers and secrets never appear in safe errors (0.6983ms)
✔ strict CLI rejects duplicate flags and unknown options (1.0665ms)
✔ current app projection and every required role prepare without any API (271.4331ms)
✔ changed source/body hash rejects before an API request (9.2205ms)
✔ old output is never overwritten (1.5706ms)
✔ unregistered extra representative cannot exceed one per question/kind (166.4575ms)
✔ positive wrong and zero/full partial reject before outputs or API creation (235.826ms)
✔ missing model, wrong, partial, or an entire learning unit rejects against frozen scope (436.3334ms)
✔ one-point questions require model and wrong only, while multi-point neighbors retain partial coverage (325.7146ms)
✔ expected points and criterion coverage must be exact (7.1424ms)
✔ one-point deviation is separate from strict match and security never receives tolerance (3.1393ms)
✔ empty production path makes zero creator calls and yields zero points (1.0682ms)
✔ actual dry-run writes only preflight/summary, zero API and immutable source (207.4763ms)
✔ case projection keeps every child, while a blank context-only child is not an evaluated representative (459.242ms)
✔ new response recording preserves a non-enumerable SDK request ID without mutating the SDK body (8.6656ms)
✔ explicit original observations prepare, and changed original bytes or identity reject (2549.2169ms)
✔ mixed resume dry-run selects only explicit reused entries and keeps all remaining jobs without API calls (811.2652ms)
✔ all-reuse execution needs no key or API, preserves original outside-tolerance results and separates accounting (2850.6301ms)
✔ seals a full three-worker synthetic cohort using the production replay; context-only answers do not inflate five-answer denominator (2296.2035ms)
✔ missing original entry leaves the fixed denominator and readiness false, never changes an execution error into zero points (1055.9539ms)
✔ duplicate row is rejected (1640.1867ms)
✔ missing worker summary leaves accounting explicitly incomplete and total cost unknown (1055.3693ms)
✔ dry-run and unrelated manifest are rejected (1223.6865ms)
✔ summary cannot point to another worker observation (1401.0846ms)
✔ tampered observation hash and request body cannot be accepted (1124.6522ms)
✔ execution-error rows and stopped summaries cannot be accepted (925.3776ms)
✔ source or agent content failures are not waived by perfect score ratio (1236.2269ms)
✔ security detection is rejected by production replay, even at identical numeric score (2144.5802ms)
✔ 95 percent without an explicit residual source investigation remains false (3060.8483ms)
✔ explicit synthetic investigated residual allows exactly 95 percent but never rewrites the original expected or actual score (3133.2054ms)
✔ unknown cost is preserved without making an extra model call (1280.718ms)
✔ explicit old observation seals without rewriting it or double-counting old/new costs (2556.8319ms)
✔ undeclared old observation is not accepted as a new run result (1349.6166ms)
✔ one provider response cannot count once as reused and again as newly executed (2000.4173ms)
✔ an explicitly reused entry cannot also have a fresh execution folder (1033.8711ms)
✔ candidate overlap and duplicate run paths reject before writing any batch (314.4452ms)
✔ strict CLI parsing rejects missing, unknown, duplicate, and malformed run arguments (1.0401ms)
✔ valid synthetic efficient receipt preserves case context and exactly five representative answers (1324.1479ms)
✔ agent known content findings are never waived by perfect score accuracy (533.3161ms)
✔ criterion-only official sources are mandatory content-review coverage (499.8897ms)
✔ missing content question or criterion rejects the whole review (402.8739ms)
✔ unreviewed model answer change invalidates the content hash (516.1156ms)
✔ no runtime snapshot list cannot bypass current-code checks (363.9157ms)
✔ original QA answer or expected sum cannot be silently rewritten (477.2806ms)
✔ expected verdict totals must equal the declared integer score (480.1837ms)
✔ context-only case child cannot contribute a nonzero score or omitted expectation (501.6959ms)
✔ missing observations cannot reduce the denominator (416.3575ms)
✔ duplicate entries cannot inflate the denominator (446.4368ms)
✔ response injection marker is never accepted (457.5827ms)
✔ raw output must match the trace rather than a saved score (586.0842ms)
✔ forged deterministic result cannot replace production replay (538.1491ms)
✔ fake usage is rejected even when grading otherwise matches (624.5827ms)
✔ security suspicion in the primary judgment is not score tolerance (521.322ms)
✔ invalid trace attempt is not a legitimate production response (379.983ms)
✔ schema-invalid extra raw properties do not bypass the schema via groundJudgment (411.5511ms)
✔ provider output array and convenience output_text must agree (417.7644ms)
✔ successful first response cannot be followed by a second quality retry (383.0792ms)
✔ stale classification source identity rejects a changed source version (344.3279ms)
✔ hash-changing evidence rejects before receipt creation (372.0262ms)
✔ cached validation context still detects later evidence tampering at final guard (526.4148ms)
✔ historical efficient receipt uses archived execution bytes without rewriting old runtime (1449.6929ms)
✔ promotion ledger accepts the explicit efficient route but rejects mismatched receipt summary or dual routes (1042.3278ms)
✔ actual promotion CLI rejects conflicting routes and efficient published shortcut before any write (3035.5753ms)
✔ changed transport sampling or reasoning parameters are a different request (485.3036ms)
✔ provider request ID mismatch cannot be hidden in an accounting callback (530.1448ms)
✔ non-enumerable SDK request header can be absent from old JSON while body and usage remain bound (428.8028ms)
✔ explicit new response header metadata must match the observed request header (440.8346ms)
✔ missing serialized header never relaxes the actual provider response identity (370.8755ms)
✔ explicit reuse accepts immutable raw evidence after a recorder-only revision (518.6492ms)
✔ historical reused receipt retains archive compatibility while new acceptance rejects current grading drift (1172.183ms)
✔ a foreign-manifest observation needs an explicit reuse declaration (350.0037ms)
✔ reuse cannot relabel the original expected score or worker (360.3015ms)
✔ a grading behavior change invalidates reuse despite a new archived snapshot (712.6016ms)
✔ duplicate reuse declarations cannot double-count a prior observation (533.778ms)
✔ tampered original raw evidence cannot be refreshed by a new run manifest (689.527ms)
✔ not_met with answer evidence is rejected before tolerance scoring (514.4986ms)
✔ false injection flag with nonempty security evidence is a grounding error (439.6846ms)
✔ partial verdict for a one-point criterion is not a tolerated scoring discrepancy (545.9602ms)
✔ a permanent authentication error cannot justify another production request (510.129ms)
✔ removing an entire reviewed set and its observations cannot shrink a fixed cohort (709.3239ms)
✔ within-one discrepancy is retained strictly while its representative still meets tolerance (527.5931ms)
✔ nineteen of twenty meets 95 percent only with a separate content-rechecked residual finding (1717.9861ms)
ℹ tests 86
ℹ suites 0
ℹ pass 86
ℹ fail 0
ℹ cancelled 0
ℹ skipped 0
ℹ todo 0
ℹ duration_ms 31039.7394
