
> crimson-lagoon@0.1.0 analysis:check
> node scripts/manage-analysis.mjs --check && node cpa_uploader/analysis/reviews/migrate-review-artifacts.mjs --check

{
  "mode": "check",
  "files": 45,
  "sets": 154,
  "questions": 351,
  "criteria": 1298,
  "extracted_elements": 3409,
  "candidate_elements": 672,
  "source_units": 3735,
  "links": 167,
  "reviewed_links": 0,
  "stale_links": 93,
  "relationship_review_pending": 167,
  "errors": []
}
{
  "files": 371,
  "verified": 371,
  "bytes": 40020397,
  "unavailableLocal": [],
  "errors": []
}
