
> crimson-lagoon@0.1.0 wiki:check
> node cpa_uploader/wiki/scripts/check-wiki.mjs

{
  "wikiDir": "C:\\Users\\cntrl\\Workspace\\study\\audit_say\\cpa_uploader\\wiki",
  "markdownFiles": 351,
  "contentPages": 348,
  "errors": [],
  "warnings": [
    "index.md: 257줄, 분할 검토 권장",
    "log.md: 225줄, 분할 검토 권장",
    "questions/pilot-08-008.md: 225줄, 분할 검토 권장",
    "questions/pilot-11-005.md: 202줄, 분할 검토 권장",
    "questions/pilot-13-009.md: 216줄, 분할 검토 권장",
    "questions/pilot-13-010.md: 205줄, 분할 검토 권장"
  ],
  "drift": [],
  "sourceNavigation": {
    "expectedLinks": 151,
    "actualLinks": 151,
    "topics": 19,
    "errors": []
  },
  "generatedPages": 324,
  "summary": {
    "wikiDir": "C:\\Users\\cntrl\\Workspace\\study\\audit_say\\cpa_uploader\\wiki",
    "topics": 19,
    "questionSets": 154,
    "subquestions": 351,
    "criteria": 1298,
    "requirements": 665,
    "sourceFiles": 57,
    "sourceUnits": 7824,
    "sourceCatalogPages": 143,
    "sourceNavigationLinks": 151,
    "contentPages": 348
  }
}
