{
  "checked_at": "2026-09-12T05:01:47.490Z",
  "source_file_hash": "4891f97bcfc98cdeda77567b59657577da184317df199fd53c859004728acd80",
  "bank_content_hash": "0086b8484ac8e609149faf54aadc77f557453544ff9f0ea8a04a60620ad5e92d",
  "public_content_hash": "4266ae699fefc5a769da074b1087a555f71bd35fe779bf712a6c78b0e39ff1c4",
  "set_count": 154,
  "subquestion_count": 351,
  "criterion_count": 1298,
  "max_points": 1298,
  "ready": true,
  "errors": [],
  "source_hash_mismatches": [],
  "content_review_performed": true,
  "report_path": "C:\\Users\\cntrl\\Workspace\\study\\audit_say\\cpa_uploader\\analysis\\reviews\\point-review-and-publication-2026-09-11\\efficient-verification-2026-09-12\\db-publication-v4\\readiness.json"
}
{
  "applied_at": "2026-09-12T05:02:25.670Z",
  "project_host": "xvifzicrjmbfqaepcfpp.supabase.co",
  "applied": true,
  "reused": false,
  "set_count": 154,
  "release_id": "2fe460a1-8107-40cd-8afd-e6eb539ef997",
  "learning_classification_count": 351,
  "source_file_hash": "4891f97bcfc98cdeda77567b59657577da184317df199fd53c859004728acd80",
  "bank_content_hash": "0086b8484ac8e609149faf54aadc77f557453544ff9f0ea8a04a60620ad5e92d",
  "public_round_trip": true,
  "source_bytes_identical": true,
  "content_review_performed": true,
  "progress_initialized": false,
  "learning_unit_count": 320
}
