{"entry":"pilot-02-001--sub1--standard--model","reused":true,"actual_sdk_calls":0,"original_actual_sdk_calls":1,"strict_matched":true,"within_tolerance":true}
{"entry":"pilot-02-001--sub2--standard--model","reused":true,"actual_sdk_calls":0,"original_actual_sdk_calls":1,"strict_matched":true,"within_tolerance":true}
{"entry":"pilot-02-004--sub2--standard--model","reused":true,"actual_sdk_calls":0,"original_actual_sdk_calls":1,"strict_matched":true,"within_tolerance":true}
{"entry":"pilot-02-005--sub1--standard--model","reused":true,"actual_sdk_calls":0,"original_actual_sdk_calls":1,"strict_matched":true,"within_tolerance":true}
{"entry":"pilot-02-005--sub2--standard--model","reused":true,"actual_sdk_calls":0,"original_actual_sdk_calls":1,"strict_matched":true,"within_tolerance":true}
{"entry":"pilot-19-003--sub2--standard--model","reused":true,"actual_sdk_calls":0,"original_actual_sdk_calls":1,"strict_matched":true,"within_tolerance":true}
{"entry":"pilot-02-006--sub1--standard--model","reused":true,"actual_sdk_calls":0,"original_actual_sdk_calls":1,"strict_matched":true,"within_tolerance":true}
{"entry":"pilot-02-006--case--model","reused":true,"actual_sdk_calls":0,"original_actual_sdk_calls":1,"strict_matched":true,"within_tolerance":true}
{"entry":"pilot-05-009--sub1--standard--model","reused":true,"actual_sdk_calls":0,"original_actual_sdk_calls":1,"strict_matched":true,"within_tolerance":true}
{"entry":"pilot-02-007--sub1--standard--model","reused":true,"actual_sdk_calls":0,"original_actual_sdk_calls":1,"strict_matched":true,"within_tolerance":true}
{"entry":"pilot-02-007--case--model","reused":true,"actual_sdk_calls":0,"original_actual_sdk_calls":1,"strict_matched":true,"within_tolerance":true}
{"entry":"pilot-01-002--sub1--standard--model","reused":true,"actual_sdk_calls":0,"original_actual_sdk_calls":1,"strict_matched":true,"within_tolerance":true}
{"entry":"pilot-01-002--sub2--standard--model","reused":true,"actual_sdk_calls":0,"original_actual_sdk_calls":1,"strict_matched":true,"within_tolerance":true}
{"entry":"pilot-01-004--sub1--standard--model","reused":true,"actual_sdk_calls":0,"original_actual_sdk_calls":1,"strict_matched":true,"within_tolerance":true}
{"entry":"pilot-01-004--sub2--standard--model","reused":true,"actual_sdk_calls":0,"original_actual_sdk_calls":1,"strict_matched":true,"within_tolerance":true}
{"entry":"pilot-04-002--sub1--standard--model","reused":true,"actual_sdk_calls":0,"original_actual_sdk_calls":1,"strict_matched":true,"within_tolerance":true}
{"entry":"pilot-19-002--sub1--standard--model","reused":true,"actual_sdk_calls":0,"original_actual_sdk_calls":1,"strict_matched":true,"within_tolerance":true}
{"entry":"pilot-19-004--sub1--standard--model","reused":true,"actual_sdk_calls":0,"original_actual_sdk_calls":1,"strict_matched":true,"within_tolerance":true}
{"entry":"pilot-05-008--sub2--standard--model","reused":true,"actual_sdk_calls":0,"original_actual_sdk_calls":1,"strict_matched":true,"within_tolerance":true}
{"entry":"pilot-01-005--case--model","reused":true,"actual_sdk_calls":0,"original_actual_sdk_calls":1,"strict_matched":true,"within_tolerance":true}
{"entry":"pilot-01-005--sub3--standard--model","reused":true,"actual_sdk_calls":0,"original_actual_sdk_calls":1,"strict_matched":true,"within_tolerance":true}
{"entry":"pilot-13-009--sub1--standard--model","reused":true,"actual_sdk_calls":0,"original_actual_sdk_calls":1,"strict_matched":true,"within_tolerance":true}
{"entry":"pilot-14-006--case--model","reused":true,"actual_sdk_calls":0,"original_actual_sdk_calls":1,"strict_matched":true,"within_tolerance":true}
{"entry":"pilot-01-006--sub1--standard--model","reused":true,"actual_sdk_calls":0,"original_actual_sdk_calls":1,"strict_matched":true,"within_tolerance":true}
{"entry":"pilot-01-006--sub2--standard--model","reused":true,"actual_sdk_calls":0,"original_actual_sdk_calls":1,"strict_matched":true,"within_tolerance":true}
{"entry":"pilot-01-006--sub3--standard--model","reused":true,"actual_sdk_calls":0,"original_actual_sdk_calls":1,"strict_matched":true,"within_tolerance":true}
{"entry":"pilot-03-001--sub1--standard--model","reused":true,"actual_sdk_calls":0,"original_actual_sdk_calls":1,"strict_matched":true,"within_tolerance":true}
{"entry":"pilot-03-001--sub2--standard--model","reused":true,"actual_sdk_calls":0,"original_actual_sdk_calls":1,"strict_matched":true,"within_tolerance":true}
{"entry":"pilot-03-002--sub1--standard--model","reused":true,"actual_sdk_calls":0,"original_actual_sdk_calls":1,"strict_matched":true,"within_tolerance":true}
{"entry":"pilot-03-002--sub2--standard--model","reused":true,"actual_sdk_calls":0,"original_actual_sdk_calls":1,"strict_matched":true,"within_tolerance":true}
{"entry":"pilot-03-004--sub1--standard--model","reused":true,"actual_sdk_calls":0,"original_actual_sdk_calls":1,"strict_matched":true,"within_tolerance":true}
{"entry":"pilot-03-004--sub2--standard--model","reused":true,"actual_sdk_calls":0,"original_actual_sdk_calls":1,"strict_matched":true,"within_tolerance":true}
{"entry":"pilot-05-007--sub1--standard--model","reused":true,"actual_sdk_calls":0,"original_actual_sdk_calls":1,"strict_matched":true,"within_tolerance":true}
{"entry":"pilot-05-007--sub2--standard--model","reused":true,"actual_sdk_calls":0,"original_actual_sdk_calls":1,"strict_matched":true,"within_tolerance":true}
{"entry":"pilot-14-004--sub1--standard--model","reused":true,"actual_sdk_calls":0,"original_actual_sdk_calls":1,"strict_matched":true,"within_tolerance":true}
{"entry":"pilot-18-002--sub1--standard--model","reused":true,"actual_sdk_calls":0,"original_actual_sdk_calls":1,"strict_matched":true,"within_tolerance":true}
{"entry":"pilot-19-003--sub1--standard--model","reused":true,"actual_sdk_calls":0,"original_actual_sdk_calls":1,"strict_matched":true,"within_tolerance":true}
{"entry":"pilot-03-005--sub1--standard--model","reused":true,"actual_sdk_calls":0,"original_actual_sdk_calls":1,"strict_matched":true,"within_tolerance":true}
{"entry":"pilot-03-005--sub2--standard--model","reused":true,"actual_sdk_calls":0,"original_actual_sdk_calls":1,"strict_matched":true,"within_tolerance":true}
{"entry":"pilot-03-005--case--model","reused":true,"actual_sdk_calls":0,"original_actual_sdk_calls":1,"strict_matched":true,"within_tolerance":true}
{"entry":"pilot-16-010--case--model","reused":true,"actual_sdk_calls":0,"original_actual_sdk_calls":1,"strict_matched":true,"within_tolerance":true}
{"entry":"pilot-03-006--case--model","reused":true,"actual_sdk_calls":0,"original_actual_sdk_calls":1,"strict_matched":true,"within_tolerance":true}
{"entry":"pilot-03-006--sub2--standard--model","reused":true,"actual_sdk_calls":0,"original_actual_sdk_calls":1,"strict_matched":true,"within_tolerance":true}
{"entry":"pilot-04-001--sub1--standard--model","reused":true,"actual_sdk_calls":0,"original_actual_sdk_calls":1,"strict_matched":true,"within_tolerance":true}
{"entry":"pilot-04-001--sub2--standard--model","reused":true,"actual_sdk_calls":0,"original_actual_sdk_calls":1,"strict_matched":true,"within_tolerance":true}
{"entry":"pilot-04-002--sub2--standard--model","reused":true,"actual_sdk_calls":0,"original_actual_sdk_calls":1,"strict_matched":true,"within_tolerance":true}
{"entry":"pilot-04-004--sub1--standard--model","reused":true,"actual_sdk_calls":0,"original_actual_sdk_calls":1,"strict_matched":true,"within_tolerance":true}
{"entry":"pilot-04-004--sub2--standard--partial","reused":true,"actual_sdk_calls":0,"original_actual_sdk_calls":1,"strict_matched":true,"within_tolerance":true}
{"entry":"pilot-04-005--case--partial","reused":true,"actual_sdk_calls":0,"original_actual_sdk_calls":1,"strict_matched":true,"within_tolerance":true}
{"entry":"pilot-04-005--sub2--standard--partial","reused":true,"actual_sdk_calls":0,"original_actual_sdk_calls":1,"strict_matched":true,"within_tolerance":true}
{"entry":"pilot-14-002--sub1--standard--partial","reused":true,"actual_sdk_calls":0,"original_actual_sdk_calls":1,"strict_matched":true,"within_tolerance":true}
{"entry":"pilot-18-003--sub2--standard--partial","reused":true,"actual_sdk_calls":0,"original_actual_sdk_calls":1,"strict_matched":true,"within_tolerance":true}
{"entry":"pilot-18-003--sub3--standard--partial","reused":true,"actual_sdk_calls":0,"original_actual_sdk_calls":1,"strict_matched":true,"within_tolerance":true}
{"entry":"pilot-18-003--sub4--standard--partial","reused":true,"actual_sdk_calls":0,"original_actual_sdk_calls":1,"strict_matched":true,"within_tolerance":true}
{"entry":"draft-04-320-freq01--case--partial","reused":true,"actual_sdk_calls":0,"original_actual_sdk_calls":1,"strict_matched":true,"within_tolerance":true}
{"entry":"draft-04-320-freq01--q2--standard--partial","reused":true,"actual_sdk_calls":0,"original_actual_sdk_calls":1,"strict_matched":true,"within_tolerance":true}
{"entry":"pilot-04-006--case--partial","reused":true,"actual_sdk_calls":0,"original_actual_sdk_calls":1,"strict_matched":false,"within_tolerance":true}
{"entry":"pilot-04-006--sub2--standard--partial","reused":true,"actual_sdk_calls":0,"original_actual_sdk_calls":1,"strict_matched":true,"within_tolerance":true}
{"entry":"pilot-04-006--sub3--standard--partial","reused":true,"actual_sdk_calls":0,"original_actual_sdk_calls":1,"strict_matched":true,"within_tolerance":true}
{"entry":"pilot-04-007--sub1--standard--partial","reused":true,"actual_sdk_calls":0,"original_actual_sdk_calls":1,"strict_matched":true,"within_tolerance":true}
{"entry":"pilot-04-007--case--partial","reused":true,"actual_sdk_calls":0,"original_actual_sdk_calls":1,"strict_matched":true,"within_tolerance":true}
{"entry":"pilot-04-007--sub3--standard--partial","strict_matched":true,"within_tolerance":true,"actual_sdk_calls":1}
{"entry":"pilot-12-009--sub3--standard--partial","reused":true,"actual_sdk_calls":0,"original_actual_sdk_calls":1,"strict_matched":true,"within_tolerance":true}
{"entry":"pilot-16-012--sub2--standard--partial","reused":true,"actual_sdk_calls":0,"original_actual_sdk_calls":1,"strict_matched":true,"within_tolerance":true}
{"entry":"pilot-19-005--case--partial","reused":true,"actual_sdk_calls":0,"original_actual_sdk_calls":1,"strict_matched":true,"within_tolerance":true}
{"entry":"pilot-02-004--sub1--standard--partial","reused":true,"actual_sdk_calls":0,"original_actual_sdk_calls":1,"strict_matched":true,"within_tolerance":true}
{"entry":"pilot-08-002--sub1--standard--partial","reused":true,"actual_sdk_calls":0,"original_actual_sdk_calls":1,"strict_matched":true,"within_tolerance":true}
{"entry":"pilot-08-002--sub2--standard--partial","reused":true,"actual_sdk_calls":0,"original_actual_sdk_calls":1,"strict_matched":true,"within_tolerance":true}
{"entry":"pilot-08-005--sub1--standard--partial","reused":true,"actual_sdk_calls":0,"original_actual_sdk_calls":1,"strict_matched":true,"within_tolerance":true}
{"entry":"pilot-08-005--sub2--standard--partial","reused":true,"actual_sdk_calls":0,"original_actual_sdk_calls":1,"strict_matched":true,"within_tolerance":true}
{"entry":"pilot-08-006--case--partial","reused":true,"actual_sdk_calls":0,"original_actual_sdk_calls":1,"strict_matched":true,"within_tolerance":true}
{"entry":"pilot-08-007--case--partial","reused":true,"actual_sdk_calls":0,"original_actual_sdk_calls":1,"strict_matched":true,"within_tolerance":true}
{"entry":"pilot-13-009--sub3--standard--partial","reused":true,"actual_sdk_calls":0,"original_actual_sdk_calls":1,"strict_matched":true,"within_tolerance":true}
{"entry":"pilot-08-008--case--partial","reused":true,"actual_sdk_calls":0,"original_actual_sdk_calls":1,"strict_matched":true,"within_tolerance":true}
{"entry":"pilot-08-008--sub2--standard--partial","strict_matched":true,"within_tolerance":true,"actual_sdk_calls":1}
{"entry":"pilot-08-008--sub4--standard--partial","reused":true,"actual_sdk_calls":0,"original_actual_sdk_calls":1,"strict_matched":true,"within_tolerance":true}
{"entry":"pilot-08-008--sub3--standard--partial","reused":true,"actual_sdk_calls":0,"original_actual_sdk_calls":1,"strict_matched":true,"within_tolerance":true}
{"entry":"pilot-07-008--case--partial","reused":true,"actual_sdk_calls":0,"original_actual_sdk_calls":1,"strict_matched":true,"within_tolerance":true}
{"entry":"pilot-09-010--case--partial","reused":true,"actual_sdk_calls":0,"original_actual_sdk_calls":1,"strict_matched":true,"within_tolerance":true}
{"entry":"pilot-10-007--case--partial","reused":true,"actual_sdk_calls":0,"original_actual_sdk_calls":1,"strict_matched":false,"within_tolerance":true}
{"entry":"pilot-10-007-standards--sub4--standard--partial","reused":true,"actual_sdk_calls":0,"original_actual_sdk_calls":1,"strict_matched":true,"within_tolerance":true}
{"entry":"pilot-05-005--sub2--standard--partial","reused":true,"actual_sdk_calls":0,"original_actual_sdk_calls":1,"strict_matched":true,"within_tolerance":true}
{"entry":"pilot-06-001--sub1--standard--partial","reused":true,"actual_sdk_calls":0,"original_actual_sdk_calls":1,"strict_matched":true,"within_tolerance":true}
{"entry":"pilot-06-001--sub2--standard--partial","reused":true,"actual_sdk_calls":0,"original_actual_sdk_calls":1,"strict_matched":false,"within_tolerance":true}
{"entry":"pilot-06-002--sub1--standard--partial","reused":true,"actual_sdk_calls":0,"original_actual_sdk_calls":1,"strict_matched":true,"within_tolerance":true}
{"entry":"pilot-06-002--sub2--standard--partial","reused":true,"actual_sdk_calls":0,"original_actual_sdk_calls":1,"strict_matched":true,"within_tolerance":true}
{"entry":"pilot-06-003--sub1--standard--partial","reused":true,"actual_sdk_calls":0,"original_actual_sdk_calls":1,"strict_matched":true,"within_tolerance":true}
{"entry":"pilot-06-003--sub2--standard--partial","reused":true,"actual_sdk_calls":0,"original_actual_sdk_calls":1,"strict_matched":true,"within_tolerance":true}
{"entry":"pilot-06-005--sub1--standard--partial","reused":true,"actual_sdk_calls":0,"original_actual_sdk_calls":1,"strict_matched":true,"within_tolerance":true}
{"entry":"pilot-06-005--sub2--standard--partial","reused":true,"actual_sdk_calls":0,"original_actual_sdk_calls":1,"strict_matched":true,"within_tolerance":true}
{"entry":"draft-09-501-freq01--q2--standard--partial","reused":true,"actual_sdk_calls":0,"original_actual_sdk_calls":1,"strict_matched":true,"within_tolerance":true}
{"entry":"pilot-06-006--case--partial","reused":true,"actual_sdk_calls":0,"original_actual_sdk_calls":1,"strict_matched":true,"within_tolerance":true}
{"entry":"pilot-06-007--case--partial","reused":true,"actual_sdk_calls":0,"original_actual_sdk_calls":1,"strict_matched":true,"within_tolerance":true}
{"entry":"pilot-07-007--case--partial","reused":true,"actual_sdk_calls":0,"original_actual_sdk_calls":1,"strict_matched":true,"within_tolerance":true}
{"entry":"pilot-11-005--sub2--standard--partial","reused":true,"actual_sdk_calls":0,"original_actual_sdk_calls":1,"strict_matched":true,"within_tolerance":true}
{"entry":"pilot-06-008--sub1--standard--partial","reused":true,"actual_sdk_calls":0,"original_actual_sdk_calls":1,"strict_matched":true,"within_tolerance":true}
{"entry":"pilot-06-008--case--partial","reused":true,"actual_sdk_calls":0,"original_actual_sdk_calls":1,"strict_matched":true,"within_tolerance":true}
{"entry":"pilot-06-008--sub3--standard--partial","reused":true,"actual_sdk_calls":0,"original_actual_sdk_calls":1,"strict_matched":true,"within_tolerance":true}
{"entry":"pilot-13-011--sub1--standard--partial","reused":true,"actual_sdk_calls":0,"original_actual_sdk_calls":1,"strict_matched":true,"within_tolerance":true}
{"entry":"pilot-10-007--sub1--standard--partial","reused":true,"actual_sdk_calls":0,"original_actual_sdk_calls":1,"strict_matched":false,"within_tolerance":true}
{"entry":"pilot-07-005--sub1--standard--wrong","reused":true,"actual_sdk_calls":0,"original_actual_sdk_calls":1,"strict_matched":true,"within_tolerance":true}
{"entry":"pilot-11-004--sub2--standard--model","reused":true,"actual_sdk_calls":0,"original_actual_sdk_calls":1,"strict_matched":true,"within_tolerance":true}
{"entry":"draft-10-530-freq01--q1--standard--model","reused":true,"actual_sdk_calls":0,"original_actual_sdk_calls":1,"strict_matched":true,"within_tolerance":true}
{"entry":"draft-10-530-freq01--q2--standard--model","reused":true,"actual_sdk_calls":0,"original_actual_sdk_calls":1,"strict_matched":true,"within_tolerance":true}
{"entry":"pilot-07-006--case--model","reused":true,"actual_sdk_calls":0,"original_actual_sdk_calls":1,"strict_matched":true,"within_tolerance":true}
{"entry":"pilot-07-006--sub3--standard--model","reused":true,"actual_sdk_calls":0,"original_actual_sdk_calls":1,"strict_matched":true,"within_tolerance":true}
{"entry":"pilot-07-007--sub2--standard--model","reused":true,"actual_sdk_calls":0,"original_actual_sdk_calls":1,"strict_matched":true,"within_tolerance":true}
{"entry":"pilot-10-006--sub3--standard--model","reused":true,"actual_sdk_calls":0,"original_actual_sdk_calls":1,"strict_matched":true,"within_tolerance":true}
{"entry":"pilot-17-006--case--model","reused":true,"actual_sdk_calls":0,"original_actual_sdk_calls":1,"strict_matched":true,"within_tolerance":true}
{"entry":"pilot-09-002--sub1--standard--model","reused":true,"actual_sdk_calls":0,"original_actual_sdk_calls":1,"strict_matched":true,"within_tolerance":true}
{"entry":"pilot-09-002--sub2--standard--model","reused":true,"actual_sdk_calls":0,"original_actual_sdk_calls":1,"strict_matched":true,"within_tolerance":true}
{"entry":"pilot-09-003--sub1--standard--model","reused":true,"actual_sdk_calls":0,"original_actual_sdk_calls":1,"strict_matched":true,"within_tolerance":true}
{"entry":"pilot-09-003--sub2--standard--model","reused":true,"actual_sdk_calls":0,"original_actual_sdk_calls":1,"strict_matched":true,"within_tolerance":true}
{"entry":"pilot-09-004--sub1--standard--model","reused":true,"actual_sdk_calls":0,"original_actual_sdk_calls":1,"strict_matched":true,"within_tolerance":true}
{"entry":"pilot-09-004--sub2--standard--model","reused":true,"actual_sdk_calls":0,"original_actual_sdk_calls":1,"strict_matched":true,"within_tolerance":true}
{"entry":"pilot-09-005--sub1--standard--wrong","reused":true,"actual_sdk_calls":0,"original_actual_sdk_calls":1,"strict_matched":true,"within_tolerance":true}
{"entry":"pilot-09-005--sub2--standard--wrong","reused":true,"actual_sdk_calls":0,"original_actual_sdk_calls":1,"strict_matched":true,"within_tolerance":true}
{"entry":"pilot-09-007--sub1--standard--wrong","reused":true,"actual_sdk_calls":0,"original_actual_sdk_calls":1,"strict_matched":true,"within_tolerance":true}
{"entry":"pilot-09-007--sub2--standard--wrong","reused":true,"actual_sdk_calls":0,"original_actual_sdk_calls":1,"strict_matched":true,"within_tolerance":true}
{"entry":"pilot-09-008--sub1--standard--wrong","reused":true,"actual_sdk_calls":0,"original_actual_sdk_calls":1,"strict_matched":true,"within_tolerance":true}
{"entry":"pilot-09-008--sub2--standard--wrong","reused":true,"actual_sdk_calls":0,"original_actual_sdk_calls":1,"strict_matched":true,"within_tolerance":true}
{"entry":"draft-09-505-freq01--q1--standard--model","reused":true,"actual_sdk_calls":0,"original_actual_sdk_calls":1,"strict_matched":true,"within_tolerance":true}
{"entry":"draft-09-505-freq01--q2--standard--model","reused":true,"actual_sdk_calls":0,"original_actual_sdk_calls":1,"strict_matched":true,"within_tolerance":true}
{"entry":"pilot-09-009--sub1--standard--model","reused":true,"actual_sdk_calls":0,"original_actual_sdk_calls":1,"strict_matched":true,"within_tolerance":true}
{"entry":"pilot-09-009--sub2--standard--model","reused":true,"actual_sdk_calls":0,"original_actual_sdk_calls":1,"strict_matched":true,"within_tolerance":true}
{"entry":"pilot-09-009--sub3--standard--model","reused":true,"actual_sdk_calls":0,"original_actual_sdk_calls":1,"strict_matched":true,"within_tolerance":true}
{"entry":"pilot-05-001--sub1--standard--model","reused":true,"actual_sdk_calls":0,"original_actual_sdk_calls":1,"strict_matched":true,"within_tolerance":true}
{"entry":"pilot-05-001--sub2--standard--model","reused":true,"actual_sdk_calls":0,"original_actual_sdk_calls":1,"strict_matched":true,"within_tolerance":true}
{"entry":"pilot-05-002--sub1--standard--partial","reused":true,"actual_sdk_calls":0,"original_actual_sdk_calls":1,"strict_matched":true,"within_tolerance":true}
{"entry":"pilot-05-002--sub2--standard--partial","reused":true,"actual_sdk_calls":0,"original_actual_sdk_calls":1,"strict_matched":true,"within_tolerance":true}
{"entry":"pilot-05-003--sub1--standard--partial","reused":true,"actual_sdk_calls":0,"original_actual_sdk_calls":1,"strict_matched":true,"within_tolerance":true}
{"entry":"pilot-05-003--sub2--standard--partial","reused":true,"actual_sdk_calls":0,"original_actual_sdk_calls":1,"strict_matched":true,"within_tolerance":true}
{"entry":"pilot-05-005--sub1--standard--partial","reused":true,"actual_sdk_calls":0,"original_actual_sdk_calls":1,"strict_matched":true,"within_tolerance":true}
{"entry":"pilot-05-006--sub1--standard--wrong","reused":true,"actual_sdk_calls":0,"original_actual_sdk_calls":1,"strict_matched":true,"within_tolerance":true}
{"entry":"pilot-05-006--sub2--standard--wrong","reused":true,"actual_sdk_calls":0,"original_actual_sdk_calls":1,"strict_matched":true,"within_tolerance":true}
{"entry":"pilot-12-005--sub1--standard--wrong","reused":true,"actual_sdk_calls":0,"original_actual_sdk_calls":1,"strict_matched":true,"within_tolerance":true}
{"entry":"pilot-12-005--sub2--standard--wrong","reused":true,"actual_sdk_calls":0,"original_actual_sdk_calls":1,"strict_matched":true,"within_tolerance":true}
{"entry":"pilot-12-006--sub2--standard--wrong","reused":true,"actual_sdk_calls":0,"original_actual_sdk_calls":1,"strict_matched":true,"within_tolerance":true}
{"entry":"pilot-14-003--sub2--standard--wrong","reused":true,"actual_sdk_calls":0,"original_actual_sdk_calls":1,"strict_matched":true,"within_tolerance":true}
{"entry":"pilot-15-004--sub2--standard--wrong","reused":true,"actual_sdk_calls":0,"original_actual_sdk_calls":1,"strict_matched":true,"within_tolerance":true}
{"entry":"pilot-05-008--sub1--standard--wrong","reused":true,"actual_sdk_calls":0,"original_actual_sdk_calls":1,"strict_matched":true,"within_tolerance":true}
{"entry":"pilot-05-009--sub2--standard--wrong","reused":true,"actual_sdk_calls":0,"original_actual_sdk_calls":1,"strict_matched":true,"within_tolerance":true}
{"entry":"pilot-05-009--sub3--standard--wrong","reused":true,"actual_sdk_calls":0,"original_actual_sdk_calls":1,"strict_matched":true,"within_tolerance":true}
{"entry":"pilot-11-006--sub3--standard--wrong","reused":true,"actual_sdk_calls":0,"original_actual_sdk_calls":1,"strict_matched":true,"within_tolerance":true}
{"entry":"pilot-05-010--sub1--standard--wrong","reused":true,"actual_sdk_calls":0,"original_actual_sdk_calls":1,"strict_matched":true,"within_tolerance":true}
{"entry":"pilot-05-010--sub2--standard--wrong","reused":true,"actual_sdk_calls":0,"original_actual_sdk_calls":1,"strict_matched":true,"within_tolerance":true}
{"entry":"pilot-11-001--sub1--standard--wrong","reused":true,"actual_sdk_calls":0,"original_actual_sdk_calls":1,"strict_matched":true,"within_tolerance":true}
{"entry":"pilot-11-001--sub2--standard--wrong","reused":true,"actual_sdk_calls":0,"original_actual_sdk_calls":1,"strict_matched":true,"within_tolerance":true}
{"entry":"pilot-11-004--sub1--standard--wrong","reused":true,"actual_sdk_calls":0,"original_actual_sdk_calls":1,"strict_matched":true,"within_tolerance":true}
{"entry":"pilot-11-005--case--wrong","reused":true,"actual_sdk_calls":0,"original_actual_sdk_calls":1,"strict_matched":true,"within_tolerance":true}
{"entry":"pilot-11-006--sub1--standard--wrong","reused":true,"actual_sdk_calls":0,"original_actual_sdk_calls":1,"strict_matched":true,"within_tolerance":true}
{"entry":"pilot-11-006--sub2--standard--wrong","reused":true,"actual_sdk_calls":0,"original_actual_sdk_calls":1,"strict_matched":true,"within_tolerance":true}
{"entry":"pilot-13-002--sub1--standard--wrong","reused":true,"actual_sdk_calls":0,"original_actual_sdk_calls":1,"strict_matched":true,"within_tolerance":true}
{"entry":"pilot-13-002--sub2--standard--wrong","reused":true,"actual_sdk_calls":0,"original_actual_sdk_calls":1,"strict_matched":true,"within_tolerance":true}
{"entry":"pilot-13-003--sub1--standard--wrong","reused":true,"actual_sdk_calls":0,"original_actual_sdk_calls":1,"strict_matched":true,"within_tolerance":true}
{"entry":"pilot-13-003--sub2--standard--wrong","reused":true,"actual_sdk_calls":0,"original_actual_sdk_calls":1,"strict_matched":true,"within_tolerance":true}
{"entry":"pilot-13-005--sub1--standard--wrong","reused":true,"actual_sdk_calls":0,"original_actual_sdk_calls":1,"strict_matched":true,"within_tolerance":true}
{"entry":"pilot-13-005--sub2--standard--wrong","reused":true,"actual_sdk_calls":0,"original_actual_sdk_calls":1,"strict_matched":true,"within_tolerance":true}
{"entry":"pilot-13-006--sub1--standard--wrong","reused":true,"actual_sdk_calls":0,"original_actual_sdk_calls":1,"strict_matched":true,"within_tolerance":true}
{"entry":"pilot-13-006--sub2--standard--wrong","reused":true,"actual_sdk_calls":0,"original_actual_sdk_calls":1,"strict_matched":true,"within_tolerance":true}
{"entry":"pilot-13-009--sub2--standard--wrong","reused":true,"actual_sdk_calls":0,"original_actual_sdk_calls":1,"strict_matched":true,"within_tolerance":true}
{"entry":"pilot-13-010--sub1--standard--wrong","reused":true,"actual_sdk_calls":0,"original_actual_sdk_calls":1,"strict_matched":true,"within_tolerance":true}
{"entry":"pilot-13-010--sub2--standard--wrong","reused":true,"actual_sdk_calls":0,"original_actual_sdk_calls":1,"strict_matched":true,"within_tolerance":true}
{"entry":"pilot-13-010--sub3--standard--wrong","reused":true,"actual_sdk_calls":0,"original_actual_sdk_calls":1,"strict_matched":true,"within_tolerance":true}
{"entry":"pilot-13-011--case--wrong","reused":true,"actual_sdk_calls":0,"original_actual_sdk_calls":1,"strict_matched":true,"within_tolerance":true}
{"entry":"pilot-10-002--sub1--standard--wrong","reused":true,"actual_sdk_calls":0,"original_actual_sdk_calls":1,"strict_matched":true,"within_tolerance":true}
{"entry":"pilot-10-002--sub3--standard--wrong","reused":true,"actual_sdk_calls":0,"original_actual_sdk_calls":1,"strict_matched":true,"within_tolerance":true}
{"entry":"pilot-10-002--sub4--standard--wrong","reused":true,"actual_sdk_calls":0,"original_actual_sdk_calls":1,"strict_matched":true,"within_tolerance":true}
{"entry":"pilot-10-002--sub2--standard--wrong","reused":true,"actual_sdk_calls":0,"original_actual_sdk_calls":1,"strict_matched":true,"within_tolerance":true}
{"entry":"pilot-10-003--sub1--standard--wrong","reused":true,"actual_sdk_calls":0,"original_actual_sdk_calls":1,"strict_matched":true,"within_tolerance":true}
{"entry":"pilot-10-003--sub2--standard--wrong","reused":true,"actual_sdk_calls":0,"original_actual_sdk_calls":1,"strict_matched":true,"within_tolerance":true}
{"entry":"pilot-10-004--sub1--standard--wrong","reused":true,"actual_sdk_calls":0,"original_actual_sdk_calls":1,"strict_matched":true,"within_tolerance":true}
{"entry":"pilot-10-004--sub2--standard--wrong","reused":true,"actual_sdk_calls":0,"original_actual_sdk_calls":1,"strict_matched":true,"within_tolerance":true}
{"entry":"pilot-10-006--case--wrong","reused":true,"actual_sdk_calls":0,"original_actual_sdk_calls":1,"strict_matched":true,"within_tolerance":true}
{"entry":"pilot-10-007--sub3--standard--wrong","reused":true,"actual_sdk_calls":0,"original_actual_sdk_calls":1,"strict_matched":true,"within_tolerance":true}
{"entry":"pilot-12-001--subq1--standard--wrong","reused":true,"actual_sdk_calls":0,"original_actual_sdk_calls":1,"strict_matched":true,"within_tolerance":true}
{"entry":"pilot-12-001--case--wrong","reused":true,"actual_sdk_calls":0,"original_actual_sdk_calls":1,"strict_matched":true,"within_tolerance":true}
{"entry":"pilot-12-002--sub1--standard--wrong","reused":true,"actual_sdk_calls":0,"original_actual_sdk_calls":1,"strict_matched":true,"within_tolerance":true}
{"entry":"pilot-12-002--sub2--standard--wrong","reused":true,"actual_sdk_calls":0,"original_actual_sdk_calls":1,"strict_matched":true,"within_tolerance":true}
{"entry":"pilot-12-004--sub1--standard--wrong","reused":true,"actual_sdk_calls":0,"original_actual_sdk_calls":1,"strict_matched":true,"within_tolerance":true}
{"entry":"pilot-12-006--sub1--standard--model","reused":true,"actual_sdk_calls":0,"original_actual_sdk_calls":1,"strict_matched":true,"within_tolerance":true}
{"entry":"pilot-12-007--sub1--standard--model","reused":true,"actual_sdk_calls":0,"original_actual_sdk_calls":1,"strict_matched":true,"within_tolerance":true}
{"entry":"pilot-12-007--sub2--standard--model","reused":true,"actual_sdk_calls":0,"original_actual_sdk_calls":1,"strict_matched":true,"within_tolerance":true}
{"entry":"pilot-12-008--sub1--standard--partial","reused":true,"actual_sdk_calls":0,"original_actual_sdk_calls":1,"strict_matched":true,"within_tolerance":true}
{"entry":"pilot-12-008--sub2--standard--partial","reused":true,"actual_sdk_calls":0,"original_actual_sdk_calls":1,"strict_matched":true,"within_tolerance":true}
{"entry":"draft-12-560-freq01--q1--standard--partial","reused":true,"actual_sdk_calls":0,"original_actual_sdk_calls":1,"strict_matched":true,"within_tolerance":true}
{"entry":"draft-12-560-freq01--q2--standard--partial","reused":true,"actual_sdk_calls":0,"original_actual_sdk_calls":1,"strict_matched":true,"within_tolerance":true}
{"entry":"draft-12-570-freq01--q1--standard--partial","reused":true,"actual_sdk_calls":0,"original_actual_sdk_calls":1,"strict_matched":true,"within_tolerance":true}
{"entry":"draft-12-570-freq01--q2--standard--partial","reused":true,"actual_sdk_calls":0,"original_actual_sdk_calls":1,"strict_matched":true,"within_tolerance":true}
{"entry":"pilot-17-005--case--partial","reused":true,"actual_sdk_calls":0,"original_actual_sdk_calls":1,"strict_matched":true,"within_tolerance":true}
{"entry":"pilot-12-009--case--partial","reused":true,"actual_sdk_calls":0,"original_actual_sdk_calls":1,"strict_matched":true,"within_tolerance":true}
{"entry":"pilot-12-009--sub2--standard--partial","reused":true,"actual_sdk_calls":0,"original_actual_sdk_calls":1,"strict_matched":true,"within_tolerance":true}
{"entry":"pilot-12-010--case--partial","reused":true,"actual_sdk_calls":0,"original_actual_sdk_calls":1,"strict_matched":false,"within_tolerance":true}
{"entry":"pilot-12-010--sub2--standard--partial","reused":true,"actual_sdk_calls":0,"original_actual_sdk_calls":1,"strict_matched":true,"within_tolerance":true}
{"entry":"pilot-15-001--subq1--standard--partial","reused":true,"actual_sdk_calls":0,"original_actual_sdk_calls":1,"strict_matched":true,"within_tolerance":true}
{"entry":"pilot-15-001--subq2--standard--partial","reused":true,"actual_sdk_calls":0,"original_actual_sdk_calls":1,"strict_matched":true,"within_tolerance":true}
{"entry":"pilot-15-002--sub1--standard--partial","reused":true,"actual_sdk_calls":0,"original_actual_sdk_calls":1,"strict_matched":true,"within_tolerance":true}
{"entry":"pilot-15-002--sub3--standard--partial","reused":true,"actual_sdk_calls":0,"original_actual_sdk_calls":1,"strict_matched":true,"within_tolerance":true}
{"entry":"pilot-15-002--sub4--standard--partial","reused":true,"actual_sdk_calls":0,"original_actual_sdk_calls":1,"strict_matched":true,"within_tolerance":true}
{"entry":"pilot-15-002--sub2--standard--partial","reused":true,"actual_sdk_calls":0,"original_actual_sdk_calls":1,"strict_matched":true,"within_tolerance":true}
{"entry":"pilot-15-004--sub1--standard--partial","reused":true,"actual_sdk_calls":0,"original_actual_sdk_calls":1,"strict_matched":true,"within_tolerance":true}
{"entry":"pilot-15-005--sub1--standard--wrong","reused":true,"actual_sdk_calls":0,"original_actual_sdk_calls":1,"strict_matched":true,"within_tolerance":true}
{"entry":"pilot-15-005--sub2--standard--wrong","reused":true,"actual_sdk_calls":0,"original_actual_sdk_calls":1,"strict_matched":false,"within_tolerance":true}
{"entry":"pilot-15-005--sub3--standard--wrong","reused":true,"actual_sdk_calls":0,"original_actual_sdk_calls":1,"strict_matched":true,"within_tolerance":true}
{"entry":"pilot-16-008--case--wrong","reused":true,"actual_sdk_calls":0,"original_actual_sdk_calls":1,"strict_matched":true,"within_tolerance":true}
{"entry":"pilot-16-008--sub2--standard--wrong","reused":true,"actual_sdk_calls":0,"original_actual_sdk_calls":1,"strict_matched":true,"within_tolerance":true}
{"entry":"pilot-16-011--case--wrong","reused":true,"actual_sdk_calls":0,"original_actual_sdk_calls":1,"strict_matched":true,"within_tolerance":true}
{"entry":"pilot-15-006--case--wrong","reused":true,"actual_sdk_calls":0,"original_actual_sdk_calls":1,"strict_matched":true,"within_tolerance":true}
{"entry":"pilot-15-006--sub2--standard--wrong","reused":true,"actual_sdk_calls":0,"original_actual_sdk_calls":1,"strict_matched":true,"within_tolerance":true}
{"entry":"pilot-15-007--case--wrong","reused":true,"actual_sdk_calls":0,"original_actual_sdk_calls":1,"strict_matched":true,"within_tolerance":true}
{"entry":"pilot-16-003--sub1--standard--wrong","reused":true,"actual_sdk_calls":0,"original_actual_sdk_calls":1,"strict_matched":true,"within_tolerance":true}
{"entry":"pilot-16-003--sub2--standard--wrong","reused":true,"actual_sdk_calls":0,"original_actual_sdk_calls":1,"strict_matched":true,"within_tolerance":true}
{"entry":"pilot-16-004--sub1--standard--wrong","reused":true,"actual_sdk_calls":0,"original_actual_sdk_calls":1,"strict_matched":true,"within_tolerance":true}
{"entry":"pilot-16-004--sub2--standard--wrong","reused":true,"actual_sdk_calls":0,"original_actual_sdk_calls":1,"strict_matched":true,"within_tolerance":true}
{"entry":"pilot-16-005--sub1--standard--wrong","reused":true,"actual_sdk_calls":0,"original_actual_sdk_calls":1,"strict_matched":true,"within_tolerance":true}
{"entry":"pilot-16-005--sub2--standard--wrong","reused":true,"actual_sdk_calls":0,"original_actual_sdk_calls":1,"strict_matched":true,"within_tolerance":true}
{"entry":"pilot-16-007--sub1--standard--wrong","reused":true,"actual_sdk_calls":0,"original_actual_sdk_calls":1,"strict_matched":true,"within_tolerance":true}
{"entry":"pilot-16-007--sub2--standard--wrong","reused":true,"actual_sdk_calls":0,"original_actual_sdk_calls":1,"strict_matched":true,"within_tolerance":true}
{"entry":"pilot-16-008--sub3--standard--wrong","reused":true,"actual_sdk_calls":0,"original_actual_sdk_calls":1,"strict_matched":true,"within_tolerance":true}
{"entry":"pilot-16-009--sub1--standard--wrong","reused":true,"actual_sdk_calls":0,"original_actual_sdk_calls":1,"strict_matched":true,"within_tolerance":true}
{"entry":"pilot-16-009--sub2--standard--wrong","reused":true,"actual_sdk_calls":0,"original_actual_sdk_calls":1,"strict_matched":true,"within_tolerance":true}
{"entry":"pilot-16-011--sub2--standard--wrong","reused":true,"actual_sdk_calls":0,"original_actual_sdk_calls":1,"strict_matched":true,"within_tolerance":true}
{"entry":"pilot-16-012--case--wrong","reused":true,"actual_sdk_calls":0,"original_actual_sdk_calls":1,"strict_matched":true,"within_tolerance":true}
{"entry":"pilot-14-001--sub1--standard--wrong","reused":true,"actual_sdk_calls":0,"original_actual_sdk_calls":1,"strict_matched":true,"within_tolerance":true}
{"entry":"pilot-14-001--sub2--standard--wrong","reused":true,"actual_sdk_calls":0,"original_actual_sdk_calls":1,"strict_matched":true,"within_tolerance":true}
{"entry":"pilot-14-002--sub2--standard--wrong","reused":true,"actual_sdk_calls":0,"original_actual_sdk_calls":1,"strict_matched":true,"within_tolerance":true}
{"entry":"pilot-14-003--sub1--standard--wrong","reused":true,"actual_sdk_calls":0,"original_actual_sdk_calls":1,"strict_matched":true,"within_tolerance":true}
{"entry":"pilot-14-004--sub2--standard--wrong","reused":true,"actual_sdk_calls":0,"original_actual_sdk_calls":1,"strict_matched":true,"within_tolerance":true}
{"entry":"pilot-14-005--sub1--standard--wrong","reused":true,"actual_sdk_calls":0,"original_actual_sdk_calls":1,"strict_matched":true,"within_tolerance":true}
{"entry":"pilot-14-005--sub2--standard--wrong","reused":true,"actual_sdk_calls":0,"original_actual_sdk_calls":1,"strict_matched":true,"within_tolerance":true}
{"entry":"pilot-14-007--case--wrong","reused":true,"actual_sdk_calls":0,"original_actual_sdk_calls":1,"strict_matched":true,"within_tolerance":true}
{"entry":"pilot-14-008--sub1--standard--wrong","reused":true,"actual_sdk_calls":0,"original_actual_sdk_calls":1,"strict_matched":true,"within_tolerance":true}
{"entry":"pilot-14-008--case--wrong","reused":true,"actual_sdk_calls":0,"original_actual_sdk_calls":1,"strict_matched":true,"within_tolerance":true}
{"entry":"pilot-17-002--sub1--standard--wrong","reused":true,"actual_sdk_calls":0,"original_actual_sdk_calls":1,"strict_matched":true,"within_tolerance":true}
{"entry":"pilot-17-002--sub2--standard--wrong","reused":true,"actual_sdk_calls":0,"original_actual_sdk_calls":1,"strict_matched":true,"within_tolerance":true}
{"entry":"pilot-17-004--sub1--standard--wrong","reused":true,"actual_sdk_calls":0,"original_actual_sdk_calls":1,"strict_matched":true,"within_tolerance":true}
{"entry":"pilot-17-004--sub2--standard--wrong","reused":true,"actual_sdk_calls":0,"original_actual_sdk_calls":1,"strict_matched":true,"within_tolerance":true}
{"entry":"pilot-18-003--sub1--standard--model","reused":true,"actual_sdk_calls":0,"original_actual_sdk_calls":1,"strict_matched":true,"within_tolerance":true}
{"entry":"pilot-18-005--sub1--standard--model","reused":true,"actual_sdk_calls":0,"original_actual_sdk_calls":1,"strict_matched":true,"within_tolerance":true}
{"entry":"pilot-18-005--sub2--standard--model","reused":true,"actual_sdk_calls":0,"original_actual_sdk_calls":1,"strict_matched":true,"within_tolerance":true}
{"entry":"pilot-18-005--case--model","reused":true,"actual_sdk_calls":0,"original_actual_sdk_calls":1,"strict_matched":true,"within_tolerance":true}
{"entry":"pilot-19-001--sub1--standard--model","reused":true,"actual_sdk_calls":0,"original_actual_sdk_calls":1,"strict_matched":true,"within_tolerance":true}
{"entry":"pilot-19-001--sub2--standard--model","reused":true,"actual_sdk_calls":0,"original_actual_sdk_calls":1,"strict_matched":true,"within_tolerance":true}
{"entry":"pilot-19-002--sub2--standard--model","reused":true,"actual_sdk_calls":0,"original_actual_sdk_calls":1,"strict_matched":true,"within_tolerance":true}
{"entry":"pilot-19-004--sub2--standard--model","reused":true,"actual_sdk_calls":0,"original_actual_sdk_calls":1,"strict_matched":true,"within_tolerance":true}
{"entry":"pilot-19-005--sub1--standard--model","reused":true,"actual_sdk_calls":0,"original_actual_sdk_calls":1,"strict_matched":true,"within_tolerance":true}
