{
  "output": "C:\\Users\\cntrl\\Workspace\\study\\audit_say\\cpa_uploader\\analysis\\reviews\\point-review-and-publication-2026-09-11\\efficient-verification-2026-09-12\\db-publication-v4\\verification.json",
  "status": "failed",
  "expected": {
    "sets": 154,
    "questions": 351,
    "criteria": 1298,
    "points": 1298,
    "standard_questions": 279,
    "case_questions": 72,
    "case_parents": 41,
    "learning_units": 320,
    "topic_links": 451,
    "topics": 19
  },
  "failures": [
    "EXACT_PRIVATE_STORAGE_PROJECTION:pilot-01-002",
    "EXACT_PRIVATE_STORAGE_PROJECTION:pilot-01-004",
    "EXACT_PRIVATE_STORAGE_PROJECTION:pilot-02-001",
    "EXACT_PRIVATE_STORAGE_PROJECTION:pilot-02-004",
    "EXACT_PRIVATE_STORAGE_PROJECTION:pilot-02-005",
    "EXACT_PRIVATE_STORAGE_PROJECTION:pilot-03-001",
    "EXACT_PRIVATE_STORAGE_PROJECTION:pilot-03-002",
    "EXACT_PRIVATE_STORAGE_PROJECTION:pilot-03-004",
    "EXACT_PRIVATE_STORAGE_PROJECTION:pilot-04-001",
    "EXACT_PRIVATE_STORAGE_PROJECTION:pilot-04-002",
    "EXACT_PRIVATE_STORAGE_PROJECTION:pilot-04-004",
    "EXACT_PRIVATE_STORAGE_PROJECTION:pilot-04-005",
    "EXACT_PRIVATE_STORAGE_PROJECTION:pilot-05-001",
    "EXACT_PRIVATE_STORAGE_PROJECTION:pilot-05-002",
    "EXACT_PRIVATE_STORAGE_PROJECTION:pilot-05-003",
    "EXACT_PRIVATE_STORAGE_PROJECTION:pilot-05-005",
    "EXACT_PRIVATE_STORAGE_PROJECTION:pilot-05-006",
    "EXACT_PRIVATE_STORAGE_PROJECTION:pilot-05-007",
    "EXACT_PRIVATE_STORAGE_PROJECTION:pilot-19-003",
    "EXACT_PRIVATE_STORAGE_PROJECTION:pilot-05-008",
    "EXACT_PRIVATE_STORAGE_PROJECTION:pilot-08-006",
    "EXACT_PRIVATE_STORAGE_PROJECTION:pilot-08-007",
    "EXACT_PRIVATE_STORAGE_PROJECTION:pilot-06-006",
    "EXACT_PRIVATE_STORAGE_PROJECTION:pilot-06-007",
    "EXACT_PRIVATE_STORAGE_PROJECTION:pilot-07-006",
    "EXACT_PRIVATE_STORAGE_PROJECTION:pilot-07-007",
    "EXACT_PRIVATE_STORAGE_PROJECTION:pilot-05-009",
    "EXACT_PRIVATE_STORAGE_PROJECTION:pilot-16-011",
    "EXACT_PRIVATE_STORAGE_PROJECTION:pilot-17-005",
    "EXACT_PRIVATE_STORAGE_PROJECTION:pilot-08-008",
    "EXACT_PRIVATE_STORAGE_PROJECTION:pilot-06-008",
    "EXACT_PRIVATE_STORAGE_PROJECTION:pilot-07-008",
    "EXACT_PRIVATE_STORAGE_PROJECTION:pilot-10-006",
    "EXACT_PRIVATE_STORAGE_PROJECTION:pilot-10-007",
    "EXACT_PRIVATE_STORAGE_PROJECTION:pilot-12-009",
    "EXACT_PRIVATE_STORAGE_PROJECTION:pilot-12-010",
    "EXACT_PRIVATE_STORAGE_PROJECTION:pilot-10-007-standards"
  ],
  "requests": 158,
  "remote_write_queries": 0,
  "model_api_calls": 0
}
