node:internal/modules/run_main:107
    triggerUncaughtException(
    ^

Error: Transform failed with 3 errors:
C:\Users\cntrl\Workspace\study\audit_say\cpa_uploader\analysis\reviews\point-review-and-publication-2026-09-11\efficient-verification-2026-09-12\backup-live.ts:19:15: ERROR: Top-level await is currently not supported with the "cjs" output format
C:\Users\cntrl\Workspace\study\audit_say\cpa_uploader\analysis\reviews\point-review-and-publication-2026-09-11\efficient-verification-2026-09-12\backup-live.ts:22:16: ERROR: Top-level await is currently not supported with the "cjs" output format
C:\Users\cntrl\Workspace\study\audit_say\cpa_uploader\analysis\reviews\point-review-and-publication-2026-09-11\efficient-verification-2026-09-12\backup-live.ts:26:24: ERROR: Top-level await is currently not supported with the "cjs" output format
    at failureErrorWithLog (C:\Users\cntrl\Workspace\study\audit_say\node_modules\esbuild\lib\main.js:1748:15)
    at C:\Users\cntrl\Workspace\study\audit_say\node_modules\esbuild\lib\main.js:1017:50
    at responseCallbacks.<computed> (C:\Users\cntrl\Workspace\study\audit_say\node_modules\esbuild\lib\main.js:884:9)
    at handleIncomingPacket (C:\Users\cntrl\Workspace\study\audit_say\node_modules\esbuild\lib\main.js:939:12)
    at Socket.readFromStdout (C:\Users\cntrl\Workspace\study\audit_say\node_modules\esbuild\lib\main.js:862:7)
    at Socket.emit (node:events:508:28)
    at addChunk (node:internal/streams/readable:559:12)
    at readableAddChunkPushByteMode (node:internal/streams/readable:510:3)
    at Readable.push (node:internal/streams/readable:390:5)
    at Pipe.onStreamRead (node:internal/stream_base_commons:189:23) {
  name: 'TransformError'
}

Node.js v24.12.0
