✔ valid synthetic efficient receipt preserves case context and exactly five representative answers (500.3862ms)
✔ agent known content findings are never waived by perfect score accuracy (342.1074ms)
✔ criterion-only official sources are mandatory content-review coverage (275.781ms)
✔ missing content question or criterion rejects the whole review (257.4061ms)
✔ unreviewed model answer change invalidates the content hash (253.691ms)
✔ no runtime snapshot list cannot bypass current-code checks (153.3654ms)
✔ original QA answer or expected sum cannot be silently rewritten (179.6555ms)
✔ expected verdict totals must equal the declared integer score (214.1047ms)
✔ context-only case child cannot contribute a nonzero score or omitted expectation (218.8435ms)
✔ missing observations cannot reduce the denominator (187.6562ms)
✔ duplicate entries cannot inflate the denominator (192.9114ms)
✔ response injection marker is never accepted (188.9257ms)
✔ raw output must match the trace rather than a saved score (188.4172ms)
✔ forged deterministic result cannot replace production replay (192.0405ms)
✔ fake usage is rejected even when grading otherwise matches (159.7358ms)
✔ security suspicion in the primary judgment is not score tolerance (156.2182ms)
✔ invalid trace attempt is not a legitimate production response (160.8656ms)
✔ schema-invalid extra raw properties do not bypass the schema via groundJudgment (169.5601ms)
✔ provider output array and convenience output_text must agree (180.2149ms)
✔ successful first response cannot be followed by a second quality retry (182.1086ms)
✔ stale classification source identity rejects a changed source version (173.6608ms)
✔ hash-changing evidence rejects before receipt creation (162.5106ms)
✔ cached validation context still detects later evidence tampering at final guard (233.8691ms)
✔ historical efficient receipt uses archived execution bytes without rewriting old runtime (329.3546ms)
✔ promotion ledger accepts the explicit efficient route but rejects mismatched receipt summary or dual routes (205.6682ms)
✔ actual promotion CLI rejects conflicting routes and efficient published shortcut before any write (1027.8856ms)
✔ changed transport sampling or reasoning parameters are a different request (191.6721ms)
✔ provider request ID mismatch cannot be hidden in an accounting callback (164.3619ms)
✔ not_met with answer evidence is rejected before tolerance scoring (187.9722ms)
✔ false injection flag with nonempty security evidence is a grounding error (153.2011ms)
✔ partial verdict for a one-point criterion is not a tolerated scoring discrepancy (184.2178ms)
✔ a permanent authentication error cannot justify another production request (203.8918ms)
✔ removing an entire reviewed set and its observations cannot shrink a fixed cohort (191.0353ms)
✔ within-one discrepancy is retained strictly while its representative still meets tolerance (270.4969ms)
✔ nineteen of twenty meets 95 percent only with a separate content-rechecked residual finding (986.0761ms)
ℹ tests 35
ℹ suites 0
ℹ pass 35
ℹ fail 0
ℹ cancelled 0
ℹ skipped 0
ℹ todo 0
ℹ duration_ms 10115.4315
