✔ repeated direct excerpts recover same-file paragraph pages without changing their bytes or identity (15.2395ms)
✔ ambiguous pages and cross-page interrupted text are not guessed for direct excerpts (9.1733ms)
✔ registered topic09 repeated excerpts retain stable IDs and explicitly verified multi-page provenance (0.6073ms)
✔ confirmed page ranges bind source, unit, quote and actual page-marked fragments (39.796ms)
✔ ethics decimal paragraphs retain their own identity and topic without becoming KGA numbers (10.1526ms)
✔ prose references to appendices do not turn following requirements into appendix items (10.8954ms)
✔ all 151 indented TOC source links map their actual pages into the 19 topics (25.149ms)
✔ catalog quotations and hashes preserve source bytes and full child lists (232.3158ms)
✔ topic 13 preserves the full-section budget guard and permits an explicit official KGA 402 paragraph (13.9905ms)
✔ headings about a cited standard preserve the actual enclosing standard (10.415ms)
✔ confirmed page footnotes belong to their calling paragraph while original quotations remain intact (44.9995ms)
✔ completion and reporting packets retain required conditions and subsequent actions (29.5794ms)
✔ unavailable references remain explicit, and no arbitrary unit/character truncation occurs (19.0501ms)
✔ an additional official interim-review file retains its standard and embedded 46-1 exception (10.4218ms)
✔ appendix cases do not replace numbered requirements and absent appendices stay unresolved (0.4607ms)
✔ an explicit self-contained paragraph does not drag in unrelated section references (3.7409ms)
✔ explicit practice/past exam selections preserve full OCR pages and private provenance (3.973ms)
✔ topic 19 retains historical edition boundaries and separately registers the official domestic KGA 800 (1.0206ms)
✔ source identities survive line movement, while source/registry changes invalidate fingerprints without a bank (27.7307ms)
ℹ tests 19
ℹ suites 0
ℹ pass 19
ℹ fail 0
ℹ cancelled 0
ℹ skipped 0
ℹ todo 0
ℹ duration_ms 1110.2591
