✔ repeated direct excerpts recover same-file paragraph pages without changing their bytes or identity (14.5779ms)
✔ ambiguous pages and cross-page interrupted text are not guessed for direct excerpts (11.1431ms)
✔ registered topic09 repeated excerpts retain stable IDs and explicitly verified multi-page provenance (0.5761ms)
✔ confirmed page ranges bind source, unit, quote and actual page-marked fragments (46.5589ms)
✔ ethics decimal paragraphs retain their own identity and topic without becoming KGA numbers (8.5835ms)
✔ prose references to appendices do not turn following requirements into appendix items (10.2659ms)
✔ all 151 indented TOC source links map their actual pages into the 19 topics (20.1946ms)
✔ catalog quotations and hashes preserve source bytes and full child lists (223.9897ms)
✔ topic 13 preserves the full-section budget guard and permits an explicit official KGA 402 paragraph (14.8404ms)
✔ headings about a cited standard preserve the actual enclosing standard (9.5839ms)
✔ confirmed page footnotes belong to their calling paragraph while original quotations remain intact (47.6377ms)
✔ completion and reporting packets retain required conditions and subsequent actions (33.7407ms)
✔ unavailable references remain explicit, and no arbitrary unit/character truncation occurs (25.329ms)
✔ an additional official interim-review file retains its standard and embedded 46-1 exception (11.0877ms)
✔ appendix cases do not replace numbered requirements and absent appendices stay unresolved (0.3332ms)
✔ an explicit self-contained paragraph does not drag in unrelated section references (3.7857ms)
✔ explicit practice/past exam selections preserve full OCR pages and private provenance (4.6619ms)
✖ topic 19 mappings retain official URLs and unresolved domestic edition boundaries (1.665ms)
✔ source identities survive line movement, while source/registry changes invalidate fingerprints without a bank (34.4992ms)
ℹ tests 19
ℹ suites 0
ℹ pass 18
ℹ fail 1
ℹ cancelled 0
ℹ skipped 0
ℹ todo 0
ℹ duration_ms 1106.577

✖ failing tests:

test at tests\questionSourceCatalog.test.ts:392:1
✖ topic 19 mappings retain official URLs and unresolved domestic edition boundaries (1.665ms)
  AssertionError [ERR_ASSERTION]: Expected values to be strictly equal:
  
  6 !== 5
  
      at TestContext.<anonymous> (file:///C:/Users/cntrl/Workspace/study/audit_say/tests/questionSourceCatalog.test.ts:400:10)
      at Test.runInAsyncScope (node:async_hooks:214:14)
      at Test.run (node:internal/test_runner/test:1106:25)
      at Test.processPendingSubtests (node:internal/test_runner/test:788:18)
      at Test.postRun (node:internal/test_runner/test:1235:19)
      at Test.run (node:internal/test_runner/test:1163:12)
      at process.processTicksAndRejections (node:internal/process/task_queues:103:5)
      at async Test.processPendingSubtests (node:internal/test_runner/test:788:7) {
    generatedMessage: true,
    code: 'ERR_ASSERTION',
    actual: 6,
    expected: 5,
    operator: 'strictEqual',
    diff: 'simple'
  }
