✔ repeated direct excerpts recover same-file paragraph pages without changing their bytes or identity (20.3579ms)
✔ ambiguous pages and cross-page interrupted text are not guessed for direct excerpts (11.7648ms)
✔ registered topic09 repeated excerpts retain stable IDs and explicitly verified multi-page provenance (0.8179ms)
✔ confirmed page ranges bind source, unit, quote and actual page-marked fragments (56.8906ms)
✔ ethics decimal paragraphs retain their own identity and topic without becoming KGA numbers (12.7088ms)
✔ prose references to appendices do not turn following requirements into appendix items (13.6984ms)
✔ all 151 indented TOC source links map their actual pages into the 19 topics (33.512ms)
✔ catalog quotations and hashes preserve source bytes and full child lists (254.4101ms)
✔ topic 13 preserves the full-section budget guard and permits an explicit official KGA 402 paragraph (14.063ms)
✔ headings about a cited standard preserve the actual enclosing standard (11.5938ms)
✔ confirmed page footnotes belong to their calling paragraph while original quotations remain intact (61.6274ms)
✔ completion and reporting packets retain required conditions and subsequent actions (36.2489ms)
✔ unavailable references remain explicit, and no arbitrary unit/character truncation occurs (28.9563ms)
✔ an additional official interim-review file retains its standard and embedded 46-1 exception (11.5346ms)
✔ appendix cases do not replace numbered requirements and absent appendices stay unresolved (0.393ms)
✔ an explicit self-contained paragraph does not drag in unrelated section references (4.4562ms)
✔ explicit practice/past exam selections preserve full OCR pages and private provenance (5.5496ms)
✖ topic 19 retains historical edition boundaries and separately registers the official domestic KGA 800 (5.2497ms)
✔ source identities survive line movement, while source/registry changes invalidate fingerprints without a bank (31.7797ms)
ℹ tests 19
ℹ suites 0
ℹ pass 18
ℹ fail 1
ℹ cancelled 0
ℹ skipped 0
ℹ todo 0
ℹ duration_ms 1326.3891

✖ failing tests:

test at tests\questionSourceCatalog.test.ts:392:1
✖ topic 19 retains historical edition boundaries and separately registers the official domestic KGA 800 (5.2497ms)
  AssertionError [ERR_ASSERTION]: The expression evaluated to a falsy value:
  
    assert.ok(domestic.quote.includes('(c) 경영진이 취한 조치'))
  
      at TestContext.<anonymous> (file:///C:/Users/cntrl/Workspace/study/audit_say/tests/questionSourceCatalog.test.ts:409:10)
      at Test.runInAsyncScope (node:async_hooks:214:14)
      at Test.run (node:internal/test_runner/test:1106:25)
      at Test.processPendingSubtests (node:internal/test_runner/test:788:18)
      at Test.postRun (node:internal/test_runner/test:1235:19)
      at Test.run (node:internal/test_runner/test:1163:12)
      at process.processTicksAndRejections (node:internal/process/task_queues:103:5)
      at async Test.processPendingSubtests (node:internal/test_runner/test:788:7) {
    generatedMessage: true,
    code: 'ERR_ASSERTION',
    actual: false,
    expected: true,
    operator: '==',
    diff: 'simple'
  }
