{"set_id":"pilot-14-007","case_id":"sub1/stored-model","attempt":1,"matched":true,"execution_error":false}
{"set_id":"pilot-14-007","case_id":"sub1/equivalent","attempt":1,"matched":true,"execution_error":false}
{"set_id":"pilot-14-007","case_id":"sub1/reverse","attempt":1,"matched":true,"execution_error":false}
{"set_id":"pilot-14-007","case_id":"sub1/single-sentence","attempt":1,"matched":true,"execution_error":false}
{"set_id":"pilot-14-007","case_id":"sub1/irrelevant-prefix","attempt":1,"matched":true,"execution_error":false}
{"set_id":"pilot-14-007","case_id":"sub1/empty","attempt":1,"matched":true,"execution_error":false}
{"set_id":"pilot-14-007","case_id":"sub1/omit-1","attempt":1,"matched":true,"execution_error":false}
{"set_id":"pilot-14-007","case_id":"sub1/opposite-1","attempt":1,"matched":true,"execution_error":false}
{"set_id":"pilot-14-007","case_id":"sub1/omit-2","attempt":1,"matched":true,"execution_error":false}
{"set_id":"pilot-14-007","case_id":"sub1/opposite-2","attempt":1,"matched":true,"execution_error":false}
{"set_id":"pilot-14-007","case_id":"sub2/stored-model","attempt":1,"matched":true,"execution_error":false}
{"set_id":"pilot-14-007","case_id":"sub2/equivalent","attempt":1,"matched":true,"execution_error":false}
{"set_id":"pilot-14-007","case_id":"sub2/reverse","attempt":1,"matched":true,"execution_error":false}
{"set_id":"pilot-14-007","case_id":"sub2/single-sentence","attempt":1,"matched":true,"execution_error":false}
{"set_id":"pilot-14-007","case_id":"sub2/irrelevant-prefix","attempt":1,"matched":true,"execution_error":false}
{"set_id":"pilot-14-007","case_id":"sub2/empty","attempt":1,"matched":true,"execution_error":false}
{"set_id":"pilot-14-007","case_id":"sub2/omit-1","attempt":1,"matched":true,"execution_error":false}
{"set_id":"pilot-14-007","case_id":"sub2/opposite-1","attempt":1,"matched":true,"execution_error":false}
{"set_id":"pilot-14-007","case_id":"sub2/omit-2","attempt":1,"matched":true,"execution_error":false}
{"set_id":"pilot-14-007","case_id":"sub2/opposite-2","attempt":1,"matched":true,"execution_error":false}
{"set_id":"pilot-14-007","case_id":"sub2/omit-3","attempt":1,"matched":true,"execution_error":false}
{"set_id":"pilot-14-007","case_id":"sub2/opposite-3","attempt":1,"matched":true,"execution_error":false}
{"set_id":"pilot-14-007","case_id":"sub2/omit-4","attempt":1,"matched":true,"execution_error":false}
{"set_id":"pilot-14-007","case_id":"sub2/opposite-4","attempt":1,"matched":true,"execution_error":false}
{"set_id":"pilot-14-007","case_id":"sub2/omit-5","attempt":1,"matched":true,"execution_error":false}
{"set_id":"pilot-14-007","case_id":"sub2/opposite-5","attempt":1,"matched":true,"execution_error":false}
{"set_id":"pilot-14-007","case_id":"sub2/exactly-one","attempt":1,"matched":true,"execution_error":false}
{"set_id":"pilot-14-007","case_id":"sub2/review-instead","attempt":1,"matched":false,"execution_error":false}
{"set_id":"pilot-14-007","case_id":"sub2/review-instead","attempt":2,"matched":false,"execution_error":false}
{"set_id":"pilot-14-007","case_id":"sub2/review-instead","attempt":3,"matched":true,"execution_error":false}
{"set_id":"pilot-14-007","case_id":"sub3/stored-model","attempt":1,"matched":true,"execution_error":false}
{"set_id":"pilot-14-007","case_id":"sub3/equivalent","attempt":1,"matched":true,"execution_error":false}
{"set_id":"pilot-14-007","case_id":"sub3/reverse","attempt":1,"matched":true,"execution_error":false}
{"set_id":"pilot-14-007","case_id":"sub3/single-sentence","attempt":1,"matched":true,"execution_error":false}
{"set_id":"pilot-14-007","case_id":"sub3/irrelevant-prefix","attempt":1,"matched":true,"execution_error":false}
{"set_id":"pilot-14-007","case_id":"sub3/empty","attempt":1,"matched":true,"execution_error":false}
{"set_id":"pilot-14-007","case_id":"sub3/omit-1","attempt":1,"matched":false,"execution_error":false}
{"set_id":"pilot-14-007","case_id":"sub3/omit-1","attempt":2,"matched":false,"execution_error":false}
{"set_id":"pilot-14-007","case_id":"sub3/omit-1","attempt":3,"matched":false,"execution_error":false}
{"set_id":"pilot-14-007","case_id":"sub3/opposite-1","attempt":1,"matched":true,"execution_error":false}
{"set_id":"pilot-14-007","case_id":"sub3/omit-2","attempt":1,"matched":true,"execution_error":false}
{"set_id":"pilot-14-007","case_id":"sub3/opposite-2","attempt":1,"matched":true,"execution_error":false}
{"set_id":"pilot-14-007","case_id":"sub3/omit-3","attempt":1,"matched":true,"execution_error":false}
{"set_id":"pilot-14-007","case_id":"sub3/opposite-3","attempt":1,"matched":true,"execution_error":false}
{"set_id":"pilot-14-007","case_id":"sub3/omit-4","attempt":1,"matched":true,"execution_error":false}
{"set_id":"pilot-14-007","case_id":"sub3/opposite-4","attempt":1,"matched":true,"execution_error":false}
{"set_id":"pilot-14-007","case_id":"sub3/omit-5","attempt":1,"matched":true,"execution_error":false}
{"set_id":"pilot-14-007","case_id":"sub3/opposite-5","attempt":1,"matched":true,"execution_error":false}
{"set_id":"pilot-14-007","case_id":"sub3/omit-6","attempt":1,"matched":true,"execution_error":false}
{"set_id":"pilot-14-007","case_id":"sub3/opposite-6","attempt":1,"matched":true,"execution_error":false}
{"set_id":"pilot-14-007","case_id":"sub3/omit-7","attempt":1,"matched":true,"execution_error":false}
{"set_id":"pilot-14-007","case_id":"sub3/opposite-7","attempt":1,"matched":true,"execution_error":false}
{"set_id":"pilot-14-007","case_id":"sub3/names-with-shared-materiality","attempt":1,"matched":true,"execution_error":false}
{"set_id":"pilot-14-007","case_id":"sub3/materiality-audit-only","attempt":1,"matched":true,"execution_error":false}
{"set_id":"pilot-14-007","case_id":"sub3/review-materiality-denied","attempt":1,"matched":true,"execution_error":false}
{"set_id":"pilot-14-007","case_id":"sub1/root-unrelated","attempt":1,"matched":true,"execution_error":false}
{"set_id":"pilot-14-007","case_id":"sub2/root-unrelated","attempt":1,"matched":true,"execution_error":false}
{"set_id":"pilot-14-007","case_id":"sub3/root-unrelated","attempt":1,"matched":true,"execution_error":false}
{"set_id":"pilot-14-007","case_id":"sub1/root-boundary-1","attempt":1,"matched":true,"execution_error":false}
{"set_id":"pilot-14-007","case_id":"sub1/root-boundary-2","attempt":1,"matched":true,"execution_error":false}
{"set_id":"pilot-14-007","case_id":"sub2/root-boundary-1","attempt":1,"matched":true,"execution_error":false}
{"set_id":"pilot-14-007","case_id":"sub2/root-boundary-2","attempt":1,"matched":true,"execution_error":false}
{"set_id":"pilot-14-007","case_id":"sub2/root-boundary-3","attempt":1,"matched":true,"execution_error":false}
{"set_id":"pilot-14-007","case_id":"sub2/root-boundary-4","attempt":1,"matched":true,"execution_error":false}
{"set_id":"pilot-14-007","case_id":"sub2/root-boundary-5","attempt":1,"matched":true,"execution_error":false}
{"set_id":"pilot-14-007","case_id":"sub3/root-boundary-1","attempt":1,"matched":true,"execution_error":false}
{"set_id":"pilot-14-007","case_id":"sub3/root-boundary-2","attempt":1,"matched":true,"execution_error":false}
{"set_id":"pilot-14-007","case_id":"sub3/root-boundary-3","attempt":1,"matched":true,"execution_error":false}
{"set_id":"pilot-14-007","case_id":"sub3/root-boundary-4","attempt":1,"matched":true,"execution_error":false}
{"set_id":"pilot-14-007","case_id":"sub3/root-boundary-5","attempt":1,"matched":true,"execution_error":false}
{"set_id":"pilot-14-007","case_id":"sub3/root-boundary-6","attempt":1,"matched":true,"execution_error":false}
{"set_id":"pilot-14-007","case_id":"sub3/root-boundary-7","attempt":1,"matched":true,"execution_error":false}
{"set_id":"pilot-14-007","case_id":"sub3/root-omits-selection-and-change","attempt":1,"matched":true,"execution_error":false}
