node:internal/modules/run_main:107
    triggerUncaughtException(
    ^

AssertionError [ERR_ASSERTION]: Preserved input changed: C:\Users\cntrl\Workspace\study\audit_say\cpa_uploader\data\cpa_question_sets_v3.authoring.json
+ actual - expected

+ '895d44668c6bd86f89793c3355545bd7745398489845e8e26fe71609ad972104'
- '0626b0396ae96d1fd0d05cd95afe7335b6a0b7ba28007923504a6c796a206624'

    at verify (file:///C:/Users/cntrl/Workspace/study/audit_say/cpa_uploader/analysis/reviews/case-deepening-2026-09-14/resume-publication-stage.mjs:16:26)
    at guard (file:///C:/Users/cntrl/Workspace/study/audit_say/cpa_uploader/analysis/reviews/case-deepening-2026-09-14/resume-publication-stage.mjs:26:88)
    at file:///C:/Users/cntrl/Workspace/study/audit_say/cpa_uploader/analysis/reviews/case-deepening-2026-09-14/resume-publication-stage.mjs:29:1
    at ModuleJob.run (node:internal/modules/esm/module_job:413:25)
    at async onImport.tracePromise.__proto__ (node:internal/modules/esm/loader:660:26)
    at async asyncRunEntryPointWithESMLoader (node:internal/modules/run_main:101:5) {
  generatedMessage: false,
  code: 'ERR_ASSERTION',
  actual: '895d44668c6bd86f89793c3355545bd7745398489845e8e26fe71609ad972104',
  expected: '0626b0396ae96d1fd0d05cd95afe7335b6a0b7ba28007923504a6c796a206624',
  operator: 'strictEqual',
  diff: 'simple'
}

Node.js v24.12.0
