pilot-04-006: 직렬화 의미검수 입력 320924자
pilot-04-006/subquestion:sub1: 시도 1, 응답 검증 통과
pilot-04-006/criterion:sub1:crit1: 시도 1, 응답 검증 통과
pilot-04-006/criterion:sub1:crit2: 시도 1, 응답 검증 실패
pilot-04-006/criterion:sub1:crit2: 시도 2, 응답 검증 통과
pilot-04-006/criterion:sub1:crit10: 시도 1, 응답 검증 실패
pilot-04-006/criterion:sub1:crit10: 시도 2, 응답 검증 통과
pilot-04-006/subquestion:sub2: 시도 1, 응답 검증 통과
pilot-04-006/criterion:sub2:crit3: 시도 1, 응답 검증 통과
pilot-04-006/criterion:sub2:crit4: 시도 1, 응답 검증 통과
pilot-04-006/criterion:sub2:crit11: 시도 1, 응답 검증 통과
pilot-04-006/criterion:sub2:crit12: 시도 1, 응답 검증 통과
pilot-04-006/criterion:sub2:crit5: 시도 1, 응답 검증 통과
pilot-04-006/criterion:sub2:crit6: 시도 1, 응답 검증 통과
pilot-04-006/subquestion:sub3: 시도 1, 응답 검증 통과
pilot-04-006/criterion:sub3:crit7: 시도 1, 응답 검증 통과
pilot-04-006/criterion:sub3:crit8: 시도 1, 응답 검증 통과
pilot-04-006/criterion:sub3:crit13: 시도 1, 응답 검증 통과
pilot-04-006/criterion:sub3:crit9: 시도 1, 응답 검증 통과
pilot-04-006/criterion:sub3:crit14: 시도 1, 응답 검증 통과
의미검수 산출물: C:\Users\cntrl\Workspace\study\audit_say\cpa_uploader\analysis\reviews\point-review-and-publication-2026-09-11\execution-new-v1\semantic-a\pilot-04-006\semantic.json (pilot-04-006=pass)
문항 상태는 변경하지 않았습니다. pass도 사람의 실제 검수 근거와 별도 verified/published 승급이 필요합니다.
실제 채점 사례 미실행: 의미검수 완료 후 --review-input <review.json> --grade-cases로 실행해야 검수 승급이 가능합니다.
