node:internal/modules/run_main:107
    triggerUncaughtException(
    ^

AssertionError [ERR_ASSERTION]: Expected values to be strictly deep-equal:
+ actual - expected

+ [
+   'pilot-01-002: status=published가 필요합니다.',
+   'pilot-02-002: status=published가 필요합니다.',
+   'pilot-02-004: status=published가 필요합니다.',
+   'pilot-02-005: status=published가 필요합니다.',
+   'pilot-05-002: status=published가 필요합니다.',
+   'pilot-05-003: status=published가 필요합니다.',
+   'pilot-05-006: status=published가 필요합니다.',
+   'pilot-06-001: status=published가 필요합니다.',
+   'pilot-06-003: status=published가 필요합니다.',
+   'pilot-06-004: status=published가 필요합니다.',
+   'pilot-07-005: status=published가 필요합니다.',
+   'pilot-09-001: status=published가 필요합니다.',
+   'pilot-09-002: status=published가 필요합니다.',
+   'pilot-09-003: status=published가 필요합니다.',
+   'pilot-10-001: status=published가 필요합니다.',
+   'pilot-10-004: status=published가 필요합니다.',
+   'pilot-10-005: status=published가 필요합니다.',
+   'pilot-11-002: status=published가 필요합니다.',
+   'pilot-12-002: status=published가 필요합니다.',
+   'pilot-12-006: status=published가 필요합니다.',
+   'pilot-12-008: status=published가 필요합니다.',
+   'pilot-13-001: status=published가 필요합니다.',
+   'pilot-13-002: status=published가 필요합니다.',
+   'pilot-13-008: status=published가 필요합니다.',
+   'pilot-14-002: status=published가 필요합니다.',
+   'pilot-15-002: status=published가 필요합니다.',
+   'pilot-15-005: status=published가 필요합니다.',
+   'pilot-16-002: status=published가 필요합니다.',
+   'pilot-16-005: status=published가 필요합니다.',
+   'pilot-16-009: status=published가 필요합니다.',
+   'pilot-17-003: status=published가 필요합니다.',
+   'pilot-17-004: status=published가 필요합니다.',
+   'pilot-18-001: status=published가 필요합니다.',
+   'pilot-18-003: status=published가 필요합니다.',
+   'pilot-19-002: status=published가 필요합니다.',
+   'draft-10-530-freq01: status=published가 필요합니다.',
+   'pilot-05-008: status=published가 필요합니다.',
+   'pilot-01-005: status=published가 필요합니다.',
+   'pilot-07-006: status=published가 필요합니다.',
+   'pilot-05-009: status=published가 필요합니다.',
+   'pilot-11-006: status=published가 필요합니다.',
+   'pilot-13-009: status=published가 필요합니다.',
+   'pilot-17-005: status=published가 필요합니다.',
+   'pilot-01-006: status=published가 필요합니다.',
+   'pilot-09-009: status=published가 필요합니다.',
+   'pilot-13-010: status=published가 필요합니다.',
+   'draft-standard-additional-20260913-e01: status=published가 필요합니다.',
+   'draft-standard-additional-20260913-s02: status=published가 필요합니다.',
+   'draft-standard-additional-20260913-s03: status=published가 필요합니다.',
+   'pilot-03-005-standards-20260913: status=published가 필요합니다.',
+   'pilot-03-006-standards-20260913: status=published가 필요합니다.',
+   'pilot-04-007-standards-20260913: status=published가 필요합니다.',
+   'pilot-06-008-standards-20260913: status=published가 필요합니다.',
+   'pilot-10-007-standards-20260913: status=published가 필요합니다.',
+   'draft-standard-gap-20260913-g02: status=published가 필요합니다.',
+   'draft-standard-gap-20260913-g09: status=published가 필요합니다.',
+   'draft-standard-expansion-20260913-s06: status=published가 필요합니다.',
+   'draft-standard-followup-20260913-e01: status=published가 필요합니다.',
+   'draft-standard-followup-20260913-l01: status=published가 필요합니다.',
+   'draft-standard-followup-20260913-s03: status=published가 필요합니다.',
+   'draft-standard-priority-20260914-l01: status=published가 필요합니다.',
+   'case-09-unrecorded-liabilities-20260914: AssertionError [ERR_ASSERTION]: Changed evidence: cpa_uploader/analysis/question-elements/question-elements.json\n' +
+     '+ actual - expected\n' +
+     '\n' +
+     "+ '27206e68a1d3e0390be0aeceb83d2c3461e6f15fd9a3b3a16d1815b7aea1481b'\n" +
+     "- '1f05ad6ee27e403e34e0026f04c5a9ac7b645b3d60e98d7a79d1a128e60da7c0'\n",
+   'case-09-legal-inquiry-20260914: AssertionError [ERR_ASSERTION]: Changed evidence: cpa_uploader/analysis/question-elements/question-elements.json\n' +
+     '+ actual - expected\n' +
+     '\n' +
+     "+ '27206e68a1d3e0390be0aeceb83d2c3461e6f15fd9a3b3a16d1815b7aea1481b'\n" +
+     "- '1f05ad6ee27e403e34e0026f04c5a9ac7b645b3d60e98d7a79d1a128e60da7c0'\n",
+   'case-12-going-concern-evidence-20260914: AssertionError [ERR_ASSERTION]: Changed evidence: cpa_uploader/analysis/question-elements/question-elements.json\n' +
+     '+ actual - expected\n' +
+     '\n' +
+     "+ '27206e68a1d3e0390be0aeceb83d2c3461e6f15fd9a3b3a16d1815b7aea1481b'\n" +
+     "- '1f05ad6ee27e403e34e0026f04c5a9ac7b645b3d60e98d7a79d1a128e60da7c0'\n",
+   'case-13-type2-period-exceptions-20260914: AssertionError [ERR_ASSERTION]: Changed evidence: cpa_uploader/analysis/question-elements/question-elements.json\n' +
+     '+ actual - expected\n' +
+     '\n' +
+     "+ '27206e68a1d3e0390be0aeceb83d2c3461e6f15fd9a3b3a16d1815b7aea1481b'\n" +
+     "- '1f05ad6ee27e403e34e0026f04c5a9ac7b645b3d60e98d7a79d1a128e60da7c0'\n",
+   'case-16-other-information-cause-20260914: AssertionError [ERR_ASSERTION]: Changed evidence: cpa_uploader/analysis/question-elements/question-elements.json\n' +
+     '+ actual - expected\n' +
+     '\n' +
+     "+ '27206e68a1d3e0390be0aeceb83d2c3461e6f15fd9a3b3a16d1815b7aea1481b'\n" +
+     "- '1f05ad6ee27e403e34e0026f04c5a9ac7b645b3d60e98d7a79d1a128e60da7c0'\n",
+   'case-16-comparative-opinion-change-20260914: AssertionError [ERR_ASSERTION]: Changed evidence: cpa_uploader/analysis/question-elements/question-elements.json\n' +
+     '+ actual - expected\n' +
+     '\n' +
+     "+ '27206e68a1d3e0390be0aeceb83d2c3461e6f15fd9a3b3a16d1815b7aea1481b'\n" +
+     "- '1f05ad6ee27e403e34e0026f04c5a9ac7b645b3d60e98d7a79d1a128e60da7c0'\n",
+   'std-points-20260914-a001bf7e83a6: status=published가 필요합니다.',
+   'std-points-20260914-e273557f8513: status=published가 필요합니다.',
+   'std-points-20260914-aa9e4d7d4084: status=published가 필요합니다.',
+   'std-points-20260914-b33e932bcfc6: status=published가 필요합니다.',
+   'std-points-20260914-a8aa6a2588c8: status=published가 필요합니다.',
+   'std-points-20260914-e5ad8e728e7e: status=published가 필요합니다.',
+   'std-points-20260914-cb878e26070e: status=published가 필요합니다.',
+   'std-points-20260914-25fc1cfdd6e9: status=published가 필요합니다.',
+   'std-points-20260914-218f4f34b5e9: status=published가 필요합니다.',
+   'std-points-20260914-b49e4b716a04: status=published가 필요합니다.',
+   'std-points-20260914-d21b9c45cdb8: status=published가 필요합니다.',
+   'std-points-20260914-aef70f6ac9e0: status=published가 필요합니다.',
+   'std-points-20260914-2108b997b5da: status=published가 필요합니다.',
+   'std-points-20260914-cd4c5fa077a8: status=published가 필요합니다.',
+   'std-points-20260914-1d4a862d1757: status=published가 필요합니다.',
+   'std-points-20260914-b2e0749e7e9b: status=published가 필요합니다.',
+   'std-points-20260914-cdd18f0167e1: status=published가 필요합니다.',
+   'std-points-20260914-72f9a91627b4: status=published가 필요합니다.',
+   'std-points-20260914-751cb14c554b: status=published가 필요합니다.',
+   'std-points-20260914-4001655b8b5b: status=published가 필요합니다.',
+   'std-points-20260914-3e8c258952c9: status=published가 필요합니다.',
+   'std-points-20260914-02a763f7c8a9: status=published가 필요합니다.',
+   'std-points-20260914-cafdf69bad88: status=published가 필요합니다.',
+   'std-points-20260914-9f80e0e919ee: status=published가 필요합니다.',
+   'std-points-20260914-d6a4bdf3b543: status=published가 필요합니다.',
+   'std-points-20260914-e200ab1e2614: status=published가 필요합니다.',
+   'std-points-20260914-7e4d0729cd29: status=published가 필요합니다.',
+   'std-points-20260914-314b990cde78: status=published가 필요합니다.',
+   'std-points-20260914-a6ab16588b96: status=published가 필요합니다.',
+   'std-points-20260914-622fea303bdb: status=published가 필요합니다.',
+   'std-points-20260914-ea841eca2989: status=published가 필요합니다.',
+   'std-points-20260914-b10e300423f0: status=published가 필요합니다.',
+   'std-points-20260914-461c50004844: status=published가 필요합니다.',
+   'std-points-20260914-6f12ce8e9c6b: status=published가 필요합니다.',
+   'std-points-20260914-d22c23444c4b: status=published가 필요합니다.',
+   'std-points-20260914-6e9dfa933285: status=published가 필요합니다.',
+   'std-points-20260914-f47d4eaf7a09: status=published가 필요합니다.',
+   'std-points-20260914-7e1091f2c13f: status=published가 필요합니다.',
+   'std-points-20260914-4c199da69f8f: status=published가 필요합니다.',
+   'std-points-20260914-b536c2e2b3ec: status=published가 필요합니다.',
+   'std-points-20260914-d1153a74ea69: status=published가 필요합니다.',
+   'std-points-20260914-f2b5ccde7895: status=published가 필요합니다.',
+   'std-points-20260914-733bd911cb7c: status=published가 필요합니다.',
+   'std-points-20260914-2089042a4b32: status=published가 필요합니다.',
+   'std-points-20260914-c5489dbc1eec: status=published가 필요합니다.',
+   'std-points-20260914-d76958b07148: status=published가 필요합니다.',
+   'std-points-20260914-8e18d1382e6d: status=published가 필요합니다.',
+   'std-points-20260914-a95fb9474769: status=published가 필요합니다.',
+   'std-points-20260914-a4d1cda9f275: status=published가 필요합니다.',
+   'std-points-20260914-5f4d82b01b64: status=published가 필요합니다.',
+   'std-points-20260914-f5bf4555a7d6: status=published가 필요합니다.',
+   'std-points-20260914-c9c523cdf8c0: status=published가 필요합니다.',
+   'std-points-20260914-e0f4e9e0403a: status=published가 필요합니다.',
+   'std-points-20260914-3e3ab8d53e62: status=published가 필요합니다.',
+   'std-points-20260914-7e9a593c651c: status=published가 필요합니다.',
+   'std-points-20260914-0150aa4db4f4: status=published가 필요합니다.',
+   'std-points-20260914-0194805a515e: status=published가 필요합니다.',
+   'std-points-20260914-c2034c10008a: status=published가 필요합니다.',
+   'std-points-20260914-17c71aee6d2b: status=published가 필요합니다.',
+   'std-points-20260914-ac4f0f2444b0: status=published가 필요합니다.',
+   'std-points-20260914-4e4ea9e128a7: status=published가 필요합니다.',
+   'std-points-20260914-a8c1931d1cec: status=published가 필요합니다.',
+   'std-points-20260914-a3ca61fccae4: status=published가 필요합니다.',
+   'std-points-20260914-f5d37b0c8b8a: status=published가 필요합니다.',
+   'std-points-20260914-e615676c4f59: status=published가 필요합니다.',
+   'std-points-20260914-a0ae425fd0b3: status=published가 필요합니다.',
+   'std-points-20260914-c2f71f331a7b: status=published가 필요합니다.',
+   'std-points-20260914-a2dcdc9faa17: status=published가 필요합니다.',
+   'std-points-20260914-2ae588b5cc20: status=published가 필요합니다.',
+   'std-points-20260914-aa672e0fc674: status=published가 필요합니다.',
+   'std-points-20260914-a11d5f35f990: status=published가 필요합니다.',
+   'std-points-20260914-d1bdf656a521: status=published가 필요합니다.',
+   'std-points-20260914-e5b7001074a3: status=published가 필요합니다.',
+   'std-points-20260914-01449b4b68f4: status=published가 필요합니다.',
+   'std-points-20260914-bb44226b906a: status=published가 필요합니다.',
+   'std-points-20260914-9daf79eb8757: status=published가 필요합니다.',
+   'std-points-20260914-6a655c002ee6: status=published가 필요합니다.',
+   'std-points-20260914-4f14e3b02fd5: status=published가 필요합니다.',
+   'std-points-20260914-2a29fdefe2d7: status=published가 필요합니다.',
+   'std-points-20260914-833efb09c6d9: status=published가 필요합니다.',
+   'std-points-20260914-7c8d41e23fcc: status=published가 필요합니다.',
+   'std-points-20260914-a9f84f7eef8b: status=published가 필요합니다.',
+   'std-points-20260914-82e96243c6aa: status=published가 필요합니다.',
+   'std-points-20260914-0ba89f2456ad: status=published가 필요합니다.',
+   'std-points-20260914-44a4823e71a6: status=published가 필요합니다.',
+   'std-points-20260914-0f1600bf31cf: status=published가 필요합니다.',
+   'std-points-20260914-f3a365184a5c: status=published가 필요합니다.',
+   'std-points-20260914-6ca8aa8dcc2a: status=published가 필요합니다.',
+   'std-points-20260914-74ee4919bc3f: status=published가 필요합니다.',
+   'std-points-20260914-b1669eebcd57: status=published가 필요합니다.',
+   'std-points-20260914-1d76603a5832: status=published가 필요합니다.',
+   'std-points-20260914-79485430d317: status=published가 필요합니다.',
+   'std-points-20260914-c3d6fde34fc2: status=published가 필요합니다.',
+   'std-points-20260914-5571d08338aa: status=published가 필요합니다.',
+   'std-points-20260914-8f1e15100ee9: status=published가 필요합니다.',
+   'std-points-20260914-f70c845ada83: status=published가 필요합니다.',
+   'std-points-20260914-1cbf1e117847: status=published가 필요합니다.',
+   'std-points-20260914-4906e3107ecd: status=published가 필요합니다.',
+   'std-points-20260914-d6c7d2ca05e6: status=published가 필요합니다.',
+   'std-points-20260914-22ef6986d79c: status=published가 필요합니다.',
+   'std-points-20260914-51fe85636c72: status=published가 필요합니다.',
+   'std-points-20260914-5f7d9ba868f6: status=published가 필요합니다.',
+   'std-points-20260914-c6b9b767a54d: status=published가 필요합니다.',
+   'std-points-20260914-3b3b455f1598: status=published가 필요합니다.',
+   'std-points-20260914-15386556daa8: status=published가 필요합니다.',
+   'std-points-20260914-4e39b686bc62: status=published가 필요합니다.',
+   'std-points-20260914-ed784dc766cd: status=published가 필요합니다.',
+   'std-points-20260914-b1ca4afb323f: status=published가 필요합니다.',
+   'std-points-20260914-fc177136627b: status=published가 필요합니다.',
+   'std-points-20260914-553c373f5e2b: status=published가 필요합니다.',
+   'std-points-20260914-55956c126c3e: status=published가 필요합니다.',
+   'std-points-20260914-da16629297a8: status=published가 필요합니다.',
+   'std-points-20260914-a76ead6fb70b: status=published가 필요합니다.',
+   'std-points-20260914-8fb759615dea: status=published가 필요합니다.',
+   'std-points-20260914-4760b36cae38: status=published가 필요합니다.',
+   'std-points-20260914-1308920f64f6: status=published가 필요합니다.',
+   'std-points-20260914-2222be03fee2: status=published가 필요합니다.',
+   'std-points-20260914-7964875328ac: status=published가 필요합니다.',
+   'std-points-20260914-c438dd828686: status=published가 필요합니다.',
+   'std-points-20260914-3e6441db2bd9: status=published가 필요합니다.',
+   'std-points-20260914-a5aa3fa526c2: status=published가 필요합니다.',
+   'std-points-20260914-4b6d4f380dd2: status=published가 필요합니다.',
+   'std-points-20260914-fba1084ab549: status=published가 필요합니다.',
+   'std-points-20260914-c228552756b4: status=published가 필요합니다.',
+   'std-points-20260914-35a9eed180bf: status=published가 필요합니다.',
+   'std-points-20260914-1f65e5f78564: status=published가 필요합니다.',
+   'std-points-20260914-72088a7ed092: status=published가 필요합니다.',
+   'std-points-20260914-0291445e2bf3: status=published가 필요합니다.',
+   'std-points-20260914-74a3c46b71eb: status=published가 필요합니다.',
+   'std-points-20260914-de06831a21f9: status=published가 필요합니다.',
+   'std-points-20260914-ae218fe45197: status=published가 필요합니다.',
+   'std-points-20260914-81b9b4f8bd91: status=published가 필요합니다.',
+   'std-points-20260914-31ae55b0b72f: status=published가 필요합니다.',
+   'std-points-20260914-045726cceb66: status=published가 필요합니다.',
+   'std-points-20260914-f6e04eee9f12: status=published가 필요합니다.',
+   'std-points-20260914-aca6e1dc8f26: status=published가 필요합니다.',
+   'std-points-20260914-c82d262bd6a8: status=published가 필요합니다.',
+   'std-points-20260914-320b18021b39: status=published가 필요합니다.',
+   'std-points-20260914-5fb89d86a799: status=published가 필요합니다.',
+   'std-points-20260914-4e5f0be86e91: status=published가 필요합니다.',
+   'std-points-20260914-253c5e8ae4fe: status=published가 필요합니다.',
+   'std-points-20260914-1cae16e579d0: status=published가 필요합니다.',
+   'std-points-20260914-ae160de36d94: status=published가 필요합니다.',
+   'std-points-20260914-e7a3730d6484: status=published가 필요합니다.',
+   'std-points-20260914-69b535e26ab0: status=published가 필요합니다.',
+   'std-points-20260914-d8f85aa968c1: status=published가 필요합니다.',
+   'std-points-20260914-10e28726886d: status=published가 필요합니다.',
+   'std-points-20260914-97a86c8d6e2f: status=published가 필요합니다.',
+   'std-points-20260914-c52d1e2a15c7: status=published가 필요합니다.',
+   'std-points-20260914-75a082c48cbc: status=published가 필요합니다.',
+   'std-points-20260914-771713ec50f2: status=published가 필요합니다.',
+   'std-points-20260914-57bf154b6522: status=published가 필요합니다.',
+   'std-points-20260914-443284e8f64b: status=published가 필요합니다.',
+   'std-points-20260914-36761d91c393: status=published가 필요합니다.',
+   'std-points-20260914-817048b7fa92: status=published가 필요합니다.',
+   'std-points-20260914-fa2d3a177634: status=published가 필요합니다.',
+   'std-points-20260914-1b7c27cd473f: status=published가 필요합니다.',
+   'std-points-20260914-0d598cf9ff4c: status=published가 필요합니다.',
+   'std-points-20260914-874ec474222d: status=published가 필요합니다.',
+   'std-points-20260914-25bbd5d8d184: status=published가 필요합니다.',
+   'std-points-20260914-3b0db7d243b3: status=published가 필요합니다.',
+   'std-points-20260914-90ff3e9ba9d8: status=published가 필요합니다.',
+   'std-points-20260914-99e4265696b2: status=published가 필요합니다.',
+   'std-points-20260914-d74b40b8b7d6: status=published가 필요합니다.',
+   'std-points-20260914-c2bce35fe3c4: status=published가 필요합니다.',
+   'std-points-20260914-45d36d547d8d: status=published가 필요합니다.',
+   'std-points-20260914-42f9d95192db: status=published가 필요합니다.',
+   'std-points-20260914-be88bdd7f3fe: status=published가 필요합니다.',
+   'std-points-20260914-b0790aeef077: status=published가 필요합니다.',
+   'std-points-20260914-77c18d11552f: status=published가 필요합니다.',
+   'std-points-20260914-68b9bac9fd95: status=published가 필요합니다.',
+   'std-points-20260914-1f185dbcb15a: status=published가 필요합니다.',
+   'std-points-20260914-15c4192496ff: status=published가 필요합니다.',
+   'std-points-20260914-d1d89ea9818e: status=published가 필요합니다.',
+   'std-points-20260914-dacecd7e7ab8: status=published가 필요합니다.',
+   'std-points-20260914-1b0434136b2c: status=published가 필요합니다.',
+   'std-points-20260914-b014c2599fa2: status=published가 필요합니다.',
+   'std-points-20260914-5c0adea400e4: status=published가 필요합니다.',
+   'std-points-20260914-681e4da36d6a: status=published가 필요합니다.',
+   'std-points-20260914-1bf3a2b9fe97: status=published가 필요합니다.',
+   'std-points-20260914-b4e5429af4e3: status=published가 필요합니다.',
+   'std-points-20260914-dbdae4853860: status=published가 필요합니다.'
+ ]
- []

    at file:///C:/Users/cntrl/Workspace/study/audit_say/cpa_uploader/analysis/reviews/standard-points-implementation-2026-09-14/prepare-published-stage.mjs:34:9
    at withPublicationLock (C:\Users\cntrl\Workspace\study\audit_say\cpa_uploader\questionBankPublication.ts:329:18)
    at file:///C:/Users/cntrl/Workspace/study/audit_say/cpa_uploader/analysis/reviews/standard-points-implementation-2026-09-14/prepare-published-stage.mjs:19:1
    at ModuleJob.run (node:internal/modules/esm/module_job:413:25)
    at async onImport.tracePromise.__proto__ (node:internal/modules/esm/loader:660:26)
    at async asyncRunEntryPointWithESMLoader (node:internal/modules/run_main:101:5) {
  generatedMessage: true,
  code: 'ERR_ASSERTION',
  actual: [
    'pilot-01-002: status=published가 필요합니다.',
    'pilot-02-002: status=published가 필요합니다.',
    'pilot-02-004: status=published가 필요합니다.',
    'pilot-02-005: status=published가 필요합니다.',
    'pilot-05-002: status=published가 필요합니다.',
    'pilot-05-003: status=published가 필요합니다.',
    'pilot-05-006: status=published가 필요합니다.',
    'pilot-06-001: status=published가 필요합니다.',
    'pilot-06-003: status=published가 필요합니다.',
    'pilot-06-004: status=published가 필요합니다.',
    'pilot-07-005: status=published가 필요합니다.',
    'pilot-09-001: status=published가 필요합니다.',
    'pilot-09-002: status=published가 필요합니다.',
    'pilot-09-003: status=published가 필요합니다.',
    'pilot-10-001: status=published가 필요합니다.',
    'pilot-10-004: status=published가 필요합니다.',
    'pilot-10-005: status=published가 필요합니다.',
    'pilot-11-002: status=published가 필요합니다.',
    'pilot-12-002: status=published가 필요합니다.',
    'pilot-12-006: status=published가 필요합니다.',
    'pilot-12-008: status=published가 필요합니다.',
    'pilot-13-001: status=published가 필요합니다.',
    'pilot-13-002: status=published가 필요합니다.',
    'pilot-13-008: status=published가 필요합니다.',
    'pilot-14-002: status=published가 필요합니다.',
    'pilot-15-002: status=published가 필요합니다.',
    'pilot-15-005: status=published가 필요합니다.',
    'pilot-16-002: status=published가 필요합니다.',
    'pilot-16-005: status=published가 필요합니다.',
    'pilot-16-009: status=published가 필요합니다.',
    'pilot-17-003: status=published가 필요합니다.',
    'pilot-17-004: status=published가 필요합니다.',
    'pilot-18-001: status=published가 필요합니다.',
    'pilot-18-003: status=published가 필요합니다.',
    'pilot-19-002: status=published가 필요합니다.',
    'draft-10-530-freq01: status=published가 필요합니다.',
    'pilot-05-008: status=published가 필요합니다.',
    'pilot-01-005: status=published가 필요합니다.',
    'pilot-07-006: status=published가 필요합니다.',
    'pilot-05-009: status=published가 필요합니다.',
    'pilot-11-006: status=published가 필요합니다.',
    'pilot-13-009: status=published가 필요합니다.',
    'pilot-17-005: status=published가 필요합니다.',
    'pilot-01-006: status=published가 필요합니다.',
    'pilot-09-009: status=published가 필요합니다.',
    'pilot-13-010: status=published가 필요합니다.',
    'draft-standard-additional-20260913-e01: status=published가 필요합니다.',
    'draft-standard-additional-20260913-s02: status=published가 필요합니다.',
    'draft-standard-additional-20260913-s03: status=published가 필요합니다.',
    'pilot-03-005-standards-20260913: status=published가 필요합니다.',
    'pilot-03-006-standards-20260913: status=published가 필요합니다.',
    'pilot-04-007-standards-20260913: status=published가 필요합니다.',
    'pilot-06-008-standards-20260913: status=published가 필요합니다.',
    'pilot-10-007-standards-20260913: status=published가 필요합니다.',
    'draft-standard-gap-20260913-g02: status=published가 필요합니다.',
    'draft-standard-gap-20260913-g09: status=published가 필요합니다.',
    'draft-standard-expansion-20260913-s06: status=published가 필요합니다.',
    'draft-standard-followup-20260913-e01: status=published가 필요합니다.',
    'draft-standard-followup-20260913-l01: status=published가 필요합니다.',
    'draft-standard-followup-20260913-s03: status=published가 필요합니다.',
    'draft-standard-priority-20260914-l01: status=published가 필요합니다.',
    'case-09-unrecorded-liabilities-20260914: AssertionError [ERR_ASSERTION]: Changed evidence: cpa_uploader/analysis/question-elements/question-elements.json\n' +
      '+ actual - expected\n' +
      '\n' +
      "+ '27206e68a1d3e0390be0aeceb83d2c3461e6f15fd9a3b3a16d1815b7aea1481b'\n" +
      "- '1f05ad6ee27e403e34e0026f04c5a9ac7b645b3d60e98d7a79d1a128e60da7c0'\n",
    'case-09-legal-inquiry-20260914: AssertionError [ERR_ASSERTION]: Changed evidence: cpa_uploader/analysis/question-elements/question-elements.json\n' +
      '+ actual - expected\n' +
      '\n' +
      "+ '27206e68a1d3e0390be0aeceb83d2c3461e6f15fd9a3b3a16d1815b7aea1481b'\n" +
      "- '1f05ad6ee27e403e34e0026f04c5a9ac7b645b3d60e98d7a79d1a128e60da7c0'\n",
    'case-12-going-concern-evidence-20260914: AssertionError [ERR_ASSERTION]: Changed evidence: cpa_uploader/analysis/question-elements/question-elements.json\n' +
      '+ actual - expected\n' +
      '\n' +
      "+ '27206e68a1d3e0390be0aeceb83d2c3461e6f15fd9a3b3a16d1815b7aea1481b'\n" +
      "- '1f05ad6ee27e403e34e0026f04c5a9ac7b645b3d60e98d7a79d1a128e60da7c0'\n",
    'case-13-type2-period-exceptions-20260914: AssertionError [ERR_ASSERTION]: Changed evidence: cpa_uploader/analysis/question-elements/question-elements.json\n' +
      '+ actual - expected\n' +
      '\n' +
      "+ '27206e68a1d3e0390be0aeceb83d2c3461e6f15fd9a3b3a16d1815b7aea1481b'\n" +
      "- '1f05ad6ee27e403e34e0026f04c5a9ac7b645b3d60e98d7a79d1a128e60da7c0'\n",
    'case-16-other-information-cause-20260914: AssertionError [ERR_ASSERTION]: Changed evidence: cpa_uploader/analysis/question-elements/question-elements.json\n' +
      '+ actual - expected\n' +
      '\n' +
      "+ '27206e68a1d3e0390be0aeceb83d2c3461e6f15fd9a3b3a16d1815b7aea1481b'\n" +
      "- '1f05ad6ee27e403e34e0026f04c5a9ac7b645b3d60e98d7a79d1a128e60da7c0'\n",
    'case-16-comparative-opinion-change-20260914: AssertionError [ERR_ASSERTION]: Changed evidence: cpa_uploader/analysis/question-elements/question-elements.json\n' +
      '+ actual - expected\n' +
      '\n' +
      "+ '27206e68a1d3e0390be0aeceb83d2c3461e6f15fd9a3b3a16d1815b7aea1481b'\n" +
      "- '1f05ad6ee27e403e34e0026f04c5a9ac7b645b3d60e98d7a79d1a128e60da7c0'\n",
    'std-points-20260914-a001bf7e83a6: status=published가 필요합니다.',
    'std-points-20260914-e273557f8513: status=published가 필요합니다.',
    'std-points-20260914-aa9e4d7d4084: status=published가 필요합니다.',
    'std-points-20260914-b33e932bcfc6: status=published가 필요합니다.',
    'std-points-20260914-a8aa6a2588c8: status=published가 필요합니다.',
    'std-points-20260914-e5ad8e728e7e: status=published가 필요합니다.',
    'std-points-20260914-cb878e26070e: status=published가 필요합니다.',
    'std-points-20260914-25fc1cfdd6e9: status=published가 필요합니다.',
    'std-points-20260914-218f4f34b5e9: status=published가 필요합니다.',
    'std-points-20260914-b49e4b716a04: status=published가 필요합니다.',
    'std-points-20260914-d21b9c45cdb8: status=published가 필요합니다.',
    'std-points-20260914-aef70f6ac9e0: status=published가 필요합니다.',
    'std-points-20260914-2108b997b5da: status=published가 필요합니다.',
    'std-points-20260914-cd4c5fa077a8: status=published가 필요합니다.',
    'std-points-20260914-1d4a862d1757: status=published가 필요합니다.',
    'std-points-20260914-b2e0749e7e9b: status=published가 필요합니다.',
    'std-points-20260914-cdd18f0167e1: status=published가 필요합니다.',
    'std-points-20260914-72f9a91627b4: status=published가 필요합니다.',
    'std-points-20260914-751cb14c554b: status=published가 필요합니다.',
    'std-points-20260914-4001655b8b5b: status=published가 필요합니다.',
    'std-points-20260914-3e8c258952c9: status=published가 필요합니다.',
    'std-points-20260914-02a763f7c8a9: status=published가 필요합니다.',
    'std-points-20260914-cafdf69bad88: status=published가 필요합니다.',
    'std-points-20260914-9f80e0e919ee: status=published가 필요합니다.',
    'std-points-20260914-d6a4bdf3b543: status=published가 필요합니다.',
    'std-points-20260914-e200ab1e2614: status=published가 필요합니다.',
    'std-points-20260914-7e4d0729cd29: status=published가 필요합니다.',
    'std-points-20260914-314b990cde78: status=published가 필요합니다.',
    'std-points-20260914-a6ab16588b96: status=published가 필요합니다.',
    'std-points-20260914-622fea303bdb: status=published가 필요합니다.',
    'std-points-20260914-ea841eca2989: status=published가 필요합니다.',
    'std-points-20260914-b10e300423f0: status=published가 필요합니다.',
    'std-points-20260914-461c50004844: status=published가 필요합니다.',
    ... 149 more items
  ],
  expected: [],
  operator: 'deepStrictEqual',
  diff: 'simple'
}

Node.js v24.12.0
