{
  "checked_at": "2026-09-20T12:01:21.213Z",
  "source_file_hash": "3b7d62db7ee85af0585b554f1f5965505b9c35f9df3cbde7dba1c38953940c55",
  "bank_content_hash": "76f32e69164f1c3c527b2ab5d987986c51614c5e54f1219043e2ff8905031557",
  "public_content_hash": "bba102c540fa03652ce7fbeeb5852259f18b31343ea953ab5e007eb1203074f9",
  "set_count": 354,
  "subquestion_count": 503,
  "criterion_count": 1784,
  "max_points": 1784,
  "ready": true,
  "errors": [],
  "source_hash_mismatches": [],
  "content_review_performed": true,
  "full_bank_validation": {
    "exit_code": 0,
    "signal": null,
    "elapsed_ms": 121636,
    "error_code": null
  },
  "report_path": "C:\\Users\\cntrl\\Workspace\\study\\audit_say\\tmp\\case-review-publication-r16-r19\\stage\\db-readiness.json"
}
읽기 전용 검증 완료. --apply 없이는 DB를 변경하지 않습니다.
