{
  "output": "C:\\Users\\cntrl\\Workspace\\study\\audit_say\\cpa_uploader\\analysis\\reviews\\case-review-2026-09-15\\publication-r28-r32\\db-import\\publication-v1\\verification.json",
  "status": "passed",
  "expected": {
    "sets": 341,
    "questions": 469,
    "criteria": 1730,
    "points": 1730,
    "standard_questions": 371,
    "case_questions": 98,
    "case_parents": 36,
    "learning_units": 407,
    "topic_links": 621,
    "topics": 19
  },
  "failures": [],
  "requests": 345,
  "remote_write_queries": 0,
  "model_api_calls": 0
}
