{
  "output": "C:\\Users\\cntrl\\Workspace\\study\\audit_say\\cpa_uploader\\analysis\\reviews\\standard-new-verification-2026-09-14\\fix-v3\\db-publication-v1\\verification.json",
  "status": "passed",
  "expected": {
    "sets": 375,
    "questions": 564,
    "criteria": 1909,
    "points": 1909,
    "standard_questions": 372,
    "case_questions": 192,
    "case_parents": 73,
    "learning_units": 445,
    "topic_links": 728,
    "topics": 19
  },
  "failures": [],
  "requests": 379,
  "remote_write_queries": 0,
  "model_api_calls": 0
}
