{
  "checked_at": "2026-09-14T09:26:08.957Z",
  "source_file_hash": "d61d0cd9ef1dc0c95c945bd50ff43d9f03905b51137fde5e7a9d58bd0a44e1d6",
  "bank_content_hash": "f0a89fe0424572203c52b7610b0380595120e9a20025db144b6c24db455ec8e2",
  "public_content_hash": "3cd34f4e887120390e90ccd6f260facaec3551eade40abd0608bc80d4da89019",
  "set_count": 375,
  "subquestion_count": 564,
  "criterion_count": 1909,
  "max_points": 1909,
  "ready": true,
  "errors": [],
  "source_hash_mismatches": [],
  "content_review_performed": true,
  "full_bank_validation": {
    "exit_code": 0,
    "signal": null,
    "elapsed_ms": 129259,
    "error_code": null
  },
  "report_path": "C:\\Users\\cntrl\\Workspace\\study\\audit_say\\cpa_uploader\\analysis\\reviews\\case-trio-next-2026-09-14\\publication-v2\\stage\\readiness.json"
}
읽기 전용 검증 완료. --apply 없이는 DB를 변경하지 않습니다.
