{
  "checked_at": "2026-09-14T06:39:16.808Z",
  "source_file_hash": "2c1ddef36cbcb0b7bfdf6ac9811f0e12927b470bf97be2bcff2ad667d7017d70",
  "bank_content_hash": "b93fd56b63b27592bab19726b02d2c601f9af9cd3295d162a2df97431b9c567e",
  "public_content_hash": "5c36c7f0ddd642d8d45b6e0adfd254a7b7e595c7776af3a2f5a3ce5f6866a5a2",
  "set_count": 369,
  "subquestion_count": 546,
  "criterion_count": 1869,
  "max_points": 1869,
  "ready": true,
  "errors": [],
  "source_hash_mismatches": [],
  "content_review_performed": true,
  "full_bank_validation": {
    "exit_code": 0,
    "signal": null,
    "elapsed_ms": 90764,
    "error_code": null
  },
  "report_path": "C:\\Users\\cntrl\\Workspace\\study\\audit_say\\cpa_uploader\\analysis\\reviews\\case-deepening-2026-09-14\\publication-v2\\stage\\readiness.json"
}
읽기 전용 검증 완료. --apply 없이는 DB를 변경하지 않습니다.
