{"set_id":"pilot-19-005","case_id":"sub1/model","attempt":1,"matched":true,"execution_error":false}
{"set_id":"pilot-19-005","case_id":"sub1/equiv","attempt":1,"matched":true,"execution_error":false}
{"set_id":"pilot-19-005","case_id":"sub1/reverse","attempt":1,"matched":true,"execution_error":false}
{"set_id":"pilot-19-005","case_id":"sub1/paragraph","attempt":1,"matched":true,"execution_error":false}
{"set_id":"pilot-19-005","case_id":"sub1/sentence","attempt":1,"matched":true,"execution_error":false}
{"set_id":"pilot-19-005","case_id":"sub1/prefix","attempt":1,"matched":true,"execution_error":false}
{"set_id":"pilot-19-005","case_id":"sub1/empty","attempt":1,"matched":true,"execution_error":false}
{"set_id":"pilot-19-005","case_id":"sub1/omission-crit1","attempt":1,"matched":true,"execution_error":false}
{"set_id":"pilot-19-005","case_id":"sub1/opposite-crit1","attempt":1,"matched":true,"execution_error":false}
{"set_id":"pilot-19-005","case_id":"sub1/boundary-crit1","attempt":1,"matched":true,"execution_error":false}
{"set_id":"pilot-19-005","case_id":"sub1/omission-crit2","attempt":1,"matched":true,"execution_error":false}
{"set_id":"pilot-19-005","case_id":"sub1/opposite-crit2","attempt":1,"matched":true,"execution_error":false}
{"set_id":"pilot-19-005","case_id":"sub1/boundary-crit2","attempt":1,"matched":false,"execution_error":false}
{"set_id":"pilot-19-005","case_id":"sub1/boundary-crit2","attempt":2,"matched":true,"execution_error":false}
{"set_id":"pilot-19-005","case_id":"sub1/boundary-crit2","attempt":3,"matched":true,"execution_error":false}
{"set_id":"pilot-19-005","case_id":"sub2/model","attempt":1,"matched":true,"execution_error":false}
{"set_id":"pilot-19-005","case_id":"sub2/equiv","attempt":1,"matched":true,"execution_error":false}
{"set_id":"pilot-19-005","case_id":"sub2/reverse","attempt":1,"matched":true,"execution_error":false}
{"set_id":"pilot-19-005","case_id":"sub2/paragraph","attempt":1,"matched":true,"execution_error":false}
{"set_id":"pilot-19-005","case_id":"sub2/sentence","attempt":1,"matched":true,"execution_error":false}
{"set_id":"pilot-19-005","case_id":"sub2/prefix","attempt":1,"matched":true,"execution_error":false}
{"set_id":"pilot-19-005","case_id":"sub2/empty","attempt":1,"matched":true,"execution_error":false}
{"set_id":"pilot-19-005","case_id":"sub2/omission-crit3","attempt":1,"matched":true,"execution_error":false}
{"set_id":"pilot-19-005","case_id":"sub2/opposite-crit3","attempt":1,"matched":true,"execution_error":false}
{"set_id":"pilot-19-005","case_id":"sub2/boundary-crit3","attempt":1,"matched":true,"execution_error":false}
{"set_id":"pilot-19-005","case_id":"sub2/implicit","attempt":1,"matched":true,"execution_error":false}
{"set_id":"pilot-19-005","case_id":"sub2/conflict","attempt":1,"matched":true,"execution_error":false}
{"set_id":"pilot-19-005","case_id":"sub3/model","attempt":1,"matched":true,"execution_error":false}
{"set_id":"pilot-19-005","case_id":"sub3/equiv","attempt":1,"matched":true,"execution_error":false}
{"set_id":"pilot-19-005","case_id":"sub3/reverse","attempt":1,"matched":true,"execution_error":false}
{"set_id":"pilot-19-005","case_id":"sub3/paragraph","attempt":1,"matched":true,"execution_error":false}
{"set_id":"pilot-19-005","case_id":"sub3/sentence","attempt":1,"matched":true,"execution_error":false}
{"set_id":"pilot-19-005","case_id":"sub3/prefix","attempt":1,"matched":true,"execution_error":false}
{"set_id":"pilot-19-005","case_id":"sub3/empty","attempt":1,"matched":true,"execution_error":false}
{"set_id":"pilot-19-005","case_id":"sub3/omission-crit4","attempt":1,"matched":true,"execution_error":false}
{"set_id":"pilot-19-005","case_id":"sub3/opposite-crit4","attempt":1,"matched":true,"execution_error":false}
{"set_id":"pilot-19-005","case_id":"sub3/boundary-crit4","attempt":1,"matched":true,"execution_error":false}
{"set_id":"pilot-19-005","case_id":"sub3/omission-crit5","attempt":1,"matched":true,"execution_error":false}
{"set_id":"pilot-19-005","case_id":"sub3/opposite-crit5","attempt":1,"matched":true,"execution_error":false}
{"set_id":"pilot-19-005","case_id":"sub3/boundary-crit5","attempt":1,"matched":true,"execution_error":false}
{"set_id":"pilot-19-005","case_id":"sub3/implicit","attempt":1,"matched":true,"execution_error":false}
{"set_id":"pilot-19-005","case_id":"sub3/conflict","attempt":1,"matched":true,"execution_error":false}
