{
  "wikiDir": "C:\\Users\\cntrl\\Workspace\\study\\audit_say\\cpa_uploader\\wiki",
  "markdownFiles": 427,
  "contentPages": 424,
  "errors": [],
  "warnings": [
    "index.md: 333줄, 분할 검토 권장",
    "log.md: 285줄, 분할 검토 권장",
    "questions/draft-standard-expansion-20260913-e01.md: 201줄, 분할 검토 권장",
    "questions/pilot-07-006.md: 208줄, 분할 검토 권장",
    "questions/pilot-09-010.md: 207줄, 분할 검토 권장",
    "questions/pilot-13-009.md: 216줄, 분할 검토 권장",
    "questions/pilot-13-010.md: 205줄, 분할 검토 권장",
    "questions/pilot-17-006.md: 202줄, 분할 검토 권장"
  ],
  "drift": [],
  "sourceNavigation": {
    "expectedLinks": 151,
    "actualLinks": 151,
    "topics": 19,
    "errors": []
  },
  "generatedPages": 400,
  "summary": {
    "wikiDir": "C:\\Users\\cntrl\\Workspace\\study\\audit_say\\cpa_uploader\\wiki",
    "topics": 19,
    "questionSets": 230,
    "subquestions": 492,
    "criteria": 1796,
    "requirements": 1009,
    "sourceFiles": 58,
    "sourceUnits": 7837,
    "sourceCatalogPages": 143,
    "sourceNavigationLinks": 151,
    "contentPages": 424
  }
}
