{
  "wikiDir": "C:\\Users\\cntrl\\Workspace\\study\\audit_say\\cpa_uploader\\wiki",
  "markdownFiles": 434,
  "contentPages": 431,
  "errors": [],
  "warnings": [
    "concepts/completion-subsequent-events-going-concern.md: 211줄, 분할 검토 권장",
    "concepts/kam-emphasis-comparatives-other-information.md: 204줄, 분할 검토 권장",
    "index.md: 339줄, 분할 검토 권장",
    "log.md: 293줄, 분할 검토 권장",
    "questions/draft-standard-expansion-20260913-e01.md: 201줄, 분할 검토 권장",
    "questions/pilot-07-006.md: 208줄, 분할 검토 권장",
    "questions/pilot-09-010.md: 207줄, 분할 검토 권장",
    "questions/pilot-13-009.md: 216줄, 분할 검토 권장",
    "questions/pilot-13-010.md: 205줄, 분할 검토 권장",
    "questions/pilot-17-006.md: 202줄, 분할 검토 권장"
  ],
  "drift": [],
  "sourceNavigation": {
    "expectedLinks": 151,
    "actualLinks": 151,
    "topics": 19,
    "errors": []
  },
  "generatedPages": 407,
  "summary": {
    "wikiDir": "C:\\Users\\cntrl\\Workspace\\study\\audit_say\\cpa_uploader\\wiki",
    "topics": 19,
    "questionSets": 236,
    "subquestions": 510,
    "criteria": 1840,
    "requirements": 1053,
    "sourceFiles": 59,
    "sourceUnits": 7839,
    "sourceCatalogPages": 144,
    "sourceNavigationLinks": 151,
    "contentPages": 431
  }
}
