{
  "output": "C:\\Users\\cntrl\\Workspace\\study\\audit_say\\cpa_uploader\\analysis\\reviews\\case-review-2026-09-15\\publication-r07-r11\\db-import\\publication-v1\\verification.json",
  "status": "passed",
  "expected": {
    "sets": 364,
    "questions": 532,
    "criteria": 1843,
    "points": 1843,
    "standard_questions": 371,
    "case_questions": 161,
    "case_parents": 62,
    "learning_units": 433,
    "topic_links": 698,
    "topics": 19
  },
  "failures": [],
  "requests": 368,
  "remote_write_queries": 0,
  "model_api_calls": 0
}
