{"set_id":"draft-12-570-freq01","id":"762298af6ac531bc948842f73874d38a502450bb238f8f29ce0892a4fd1f5c3d","status":"completed","matched":true}
{"set_id":"draft-12-570-freq01","id":"72eedffdc176f28edb4ee67cacc0843aecff9f4bce0bc29a54e04dddaab0c0e2","status":"completed","matched":true}
{"set_id":"draft-12-570-freq01","id":"08fbfb71fe703db19b89735763c7fc3029cc7f01662d2460e2d53157d322d54a","status":"completed","matched":true}
{"set_id":"draft-12-570-freq01","id":"dd70ac6a58b43801731e5672f1d30f88aaaea5719966c168bd4e52856954c064","status":"completed","matched":true}
{"set_id":"draft-12-570-freq01","id":"f01a1de58f8d91b06063bf12f8b25e34cbde0eafc652839531c9126845649341","status":"completed","matched":true}
{"set_id":"draft-12-570-freq01","id":"24f46f45678d15a0ad07962301ef3a6ceef320446ee47ffac44b2e5391ca3d3f","status":"completed","matched":true}
{"set_id":"draft-12-570-freq01","id":"997efb3cc1125ed9c1a9e08cc409fa73fa3a11123220856c5cd29d62c30c9802","status":"completed","matched":true}
{"set_id":"draft-12-570-freq01","id":"1b430a91b2c395319a1c488a7eb9afcaf4bf44c39b8a067074d04eb52d2ad830","status":"completed","matched":true}
{"set_id":"draft-12-570-freq01","id":"30c75ce23ce24790eeba11d40bbceff4dca6d7195bde7002a2bff88282a776c9","status":"completed","matched":true}
{"set_id":"draft-12-570-freq01","id":"0be1822bee52d3caf3635202e86635f4ab9b6fccc20f5dc728e5ffdaa32625fb","status":"completed","matched":true}
{"set_id":"draft-12-570-freq01","id":"7acc9517609201f92ddbe1bab212fe75eb4fffb5111f86983d053331b134dd4d","status":"completed","matched":true}
{"set_id":"draft-12-570-freq01","id":"11e3253295eb1f400a27a3bb6f92a5110b5509f7bf9e3ed25a7fe7c59d3ea827","status":"completed","matched":true}
{"set_id":"draft-12-570-freq01","id":"c63516660160d293b8dec748b0c926536529fb057dfc9dd9ba925699df2633f1","status":"completed","matched":true}
{"set_id":"draft-12-570-freq01","id":"a505f94c86a17429f0645ab679a3db47ccb9c9083797095400eedb57593ce4ad","status":"completed","matched":true}
{"set_id":"draft-12-570-freq01","id":"a0e57a0bfd58f5361d008434b385112bbf6e92c7ba0cff413cab145716cd054b","status":"completed","matched":true}
{"set_id":"draft-12-570-freq01","id":"4b217ff7f2b97173618cc2aed138f7fea0839bea793a4b821bc1500c0aef183f","status":"completed","matched":true}
{"set_id":"draft-12-570-freq01","id":"444f1347fbed6d3931110f3161125da162443492ea7c01bdfd61589f592173ef","status":"completed","matched":true}
{"set_id":"draft-12-570-freq01","id":"976ac422ca46f811c20899b8616a883d639c325f8316ab7634cebac3afe999cf","status":"completed","matched":true}
{"set_id":"draft-12-570-freq01","id":"06ea09517e9161ce4980578b244ab44a3b87fc874580e78bd00f2a571ce5592c","status":"completed","matched":true}
{"set_id":"draft-12-570-freq01","id":"3044c2ceec0a1361211058fd79deaedb7fa3a3c7fd0fa9767b4f69576fc6a618","status":"completed","matched":true}
{"set_id":"draft-12-570-freq01","id":"cdbfad17f0316eace904c1d91190051fac78a5cceecddf731b7f48e41a666710","status":"completed","matched":true}
{"set_id":"draft-12-570-freq01","id":"c9a8430ecafa30f3f08b8612f2c230f1c369673f7da58f934eccfb63abdfbcfe","status":"completed","matched":true}
{"set_id":"draft-12-570-freq01","id":"eefa1c58a0fdd70fec1547f9b146b0128cd8e2e51c761adacaf2085136678f02","status":"completed","matched":true}
{"set_id":"draft-12-570-freq01","id":"c66aece90cd3a28fbd3e67c55a22110f66b9063da857b860383c89463fc0df54","status":"completed","matched":false}
{"set_id":"draft-12-570-freq01","id":"c7c7d39f98bc01f984082bfc661f64779304f4bfc46a2acb197c87eb8a10ecaf","status":"completed","matched":true}
{"set_id":"draft-12-570-freq01","id":"f13acfa35bef71e036981715b8250714734098c3de15d15bfba29fba0b612fda","status":"completed","matched":true}
{"set_id":"draft-12-570-freq01","id":"6d16201de6e37226fb5ca802debd864e43cfe2e7efec346c99da5aba70c42cca","status":"completed","matched":true}
{"set_id":"draft-12-570-freq01","id":"36d25b1de7e61e4adf01d60f3d94deb614aef9e63da4337ed2b124d97b4730b2","status":"completed","matched":true}
{"set_id":"draft-12-570-freq01","id":"40373447492e460f5f13917d4dc1147d74d91a3e952115fa3cd6de19e8f7a227","status":"completed","matched":true}
{"set_id":"draft-12-570-freq01","id":"64c380bcf8cffb2e20957701ebaef7cb7bc12737bf929fab665a6e6fc0c8c386","status":"completed","matched":true}
{"set_id":"draft-12-570-freq01","id":"931e3825dcd71f5e5a4895c0c0d06027c819859718c9eba733da01cf9d97d6eb","status":"completed","matched":true}
{"set_id":"draft-12-570-freq01","id":"ffa24af01b2e04f160a1e01e5ad672740c95fb22a976382ebcc220c127092242","status":"completed","matched":true}
{"set_id":"draft-12-570-freq01","id":"2e65781a8a7ad667392837417c29057f6610a1f41fa88f0ef45c92801700b9ff","status":"completed","matched":true}
{"set_id":"draft-12-570-freq01","id":"32da36553f5e40c3b364340af7fe02d5aaa9c1bbf8d655912c26dacf6e3a2a3b","status":"completed","matched":true}
{"set_id":"draft-12-570-freq01","id":"empty-answer","status":"completed","matched":true}
{"set_id":"draft-12-570-freq01","id":"c66aece90cd3a28fbd3e67c55a22110f66b9063da857b860383c89463fc0df54","repeat_of":"c66aece90cd3a28fbd3e67c55a22110f66b9063da857b860383c89463fc0df54","attempt":2,"status":"completed","matched":false}
{"set_id":"draft-12-570-freq01","id":"empty-answer","repeat_of":"c66aece90cd3a28fbd3e67c55a22110f66b9063da857b860383c89463fc0df54","attempt":2,"status":"completed","matched":true}
{"set_id":"draft-12-570-freq01","id":"c66aece90cd3a28fbd3e67c55a22110f66b9063da857b860383c89463fc0df54","repeat_of":"c66aece90cd3a28fbd3e67c55a22110f66b9063da857b860383c89463fc0df54","attempt":3,"status":"completed","matched":false}
{"set_id":"draft-12-570-freq01","id":"empty-answer","repeat_of":"c66aece90cd3a28fbd3e67c55a22110f66b9063da857b860383c89463fc0df54","attempt":3,"status":"completed","matched":true}
