{"set_id":"draft-09-501-freq01","id":"946c3408ac9fc25cdd7bfd87e186b7b357fa416541d4f7a3aa06e2cd6265f3a8","status":"completed","matched":true}
{"set_id":"draft-09-501-freq01","id":"4a17a443a9aee45511c46eba15c1f47472b1b1e0efc3a4dc033a9914cf4f8a77","status":"completed","matched":true}
{"set_id":"draft-09-501-freq01","id":"15a2990fdca6588d2dc3727ee8d738b330d20680ec36d2323b0ae431aead71b8","status":"completed","matched":true}
{"set_id":"draft-09-501-freq01","id":"95eb4a9413fd59dd234fbdec5211a47a763d62582543d7b4d89e55dd0f15492c","status":"completed","matched":true}
{"set_id":"draft-09-501-freq01","id":"ad7d4b5c674c58020a94c4be55e11790a6d99912dc69a6d362b5bfd771180ec4","status":"completed","matched":true}
{"set_id":"draft-09-501-freq01","id":"839da7d0ce37417197bc2130eff813a80ae47727fe3e08b33936fd2a09dc42f9","status":"completed","matched":true}
{"set_id":"draft-09-501-freq01","id":"f0d2e121cdb65b7eef64c7c7d08c88fb3dd2d0ae696b7a45946b710a02136b79","status":"completed","matched":true}
{"set_id":"draft-09-501-freq01","id":"67a3cf0739fde5492482915c25d117692b41d2c3ad677cc5a6ae9779e526f739","status":"completed","matched":true}
{"set_id":"draft-09-501-freq01","id":"3468cfe9f3fb88e23067f73a35d1b9c8b3044e628e4938c67757c51882818f6a","status":"completed","matched":true}
{"set_id":"draft-09-501-freq01","id":"fc3ad8857887ce1fbcfca58351637294a58365acac105fbf0010e142b3c908d0","status":"completed","matched":false}
{"set_id":"draft-09-501-freq01","id":"44b70b0a7ad7301ce09b8556099023710402b26d2fe2d9cf120dc0fdde0aa06e","status":"completed","matched":true}
{"set_id":"draft-09-501-freq01","id":"2f58aa7bf952711191b523399cae43f88c5deec4325262544fc1efd911428ec7","status":"completed","matched":true}
{"set_id":"draft-09-501-freq01","id":"57fdc069f022913e1be008743637bdae836adfb5deb52930319d6b0779ea1793","status":"completed","matched":true}
{"set_id":"draft-09-501-freq01","id":"2aa777e5eecfde848828f8d4b2a073723878f9dc82d5bef5058da30d71b4400b","status":"completed","matched":false}
{"set_id":"draft-09-501-freq01","id":"54ee7682d689fab2bf2865f5dde389f060c06bdf536b5e14dd73fd34cea76c4e","status":"completed","matched":true}
{"set_id":"draft-09-501-freq01","id":"4c91751d86e8f3eeb4426df59609ad1b54d85649d32dd70301fbad91a9b1f679","status":"completed","matched":true}
{"set_id":"draft-09-501-freq01","id":"14de59eb520993115f7b9f41b7b260027212bb35c99f56111ad6da75fbe1a8f1","status":"completed","matched":true}
{"set_id":"draft-09-501-freq01","id":"be57ef9801b0979aa3123e552d639220304c4f800136ceb3065366912830b831","status":"completed","matched":false}
{"set_id":"draft-09-501-freq01","id":"b6c5756011a2bb4017cec04ef11a52e2f8f0d0d693775141d86dab3618a65e8b","status":"completed","matched":true}
{"set_id":"draft-09-501-freq01","id":"2323227ff825859ad843569d8f676bfc58bb1ea9f08d5a8937851479850dfe9c","status":"completed","matched":true}
{"set_id":"draft-09-501-freq01","id":"8dd38ee662bbed149d0e50764d5ffe5f6965c2e123257023bb078e19a79db6b5","status":"completed","matched":true}
{"set_id":"draft-09-501-freq01","id":"2fd9a7ddf3fb43cb074875fb3279fc13e8008e8e0878d4420fdd6cb8c6925859","status":"completed","matched":true}
{"set_id":"draft-09-501-freq01","id":"empty-answer","status":"completed","matched":true}
{"set_id":"draft-09-501-freq01","id":"fc3ad8857887ce1fbcfca58351637294a58365acac105fbf0010e142b3c908d0","repeat_of":"fc3ad8857887ce1fbcfca58351637294a58365acac105fbf0010e142b3c908d0","attempt":2,"status":"completed","matched":false}
{"set_id":"draft-09-501-freq01","id":"empty-answer","repeat_of":"fc3ad8857887ce1fbcfca58351637294a58365acac105fbf0010e142b3c908d0","attempt":2,"status":"completed","matched":true}
{"set_id":"draft-09-501-freq01","id":"fc3ad8857887ce1fbcfca58351637294a58365acac105fbf0010e142b3c908d0","repeat_of":"fc3ad8857887ce1fbcfca58351637294a58365acac105fbf0010e142b3c908d0","attempt":3,"status":"completed","matched":false}
{"set_id":"draft-09-501-freq01","id":"empty-answer","repeat_of":"fc3ad8857887ce1fbcfca58351637294a58365acac105fbf0010e142b3c908d0","attempt":3,"status":"completed","matched":true}
{"set_id":"draft-09-501-freq01","id":"2aa777e5eecfde848828f8d4b2a073723878f9dc82d5bef5058da30d71b4400b","repeat_of":"2aa777e5eecfde848828f8d4b2a073723878f9dc82d5bef5058da30d71b4400b","attempt":2,"status":"completed","matched":false}
{"set_id":"draft-09-501-freq01","id":"empty-answer","repeat_of":"2aa777e5eecfde848828f8d4b2a073723878f9dc82d5bef5058da30d71b4400b","attempt":2,"status":"completed","matched":true}
{"set_id":"draft-09-501-freq01","id":"2aa777e5eecfde848828f8d4b2a073723878f9dc82d5bef5058da30d71b4400b","repeat_of":"2aa777e5eecfde848828f8d4b2a073723878f9dc82d5bef5058da30d71b4400b","attempt":3,"status":"completed","matched":false}
{"set_id":"draft-09-501-freq01","id":"empty-answer","repeat_of":"2aa777e5eecfde848828f8d4b2a073723878f9dc82d5bef5058da30d71b4400b","attempt":3,"status":"completed","matched":true}
{"set_id":"draft-09-501-freq01","id":"be57ef9801b0979aa3123e552d639220304c4f800136ceb3065366912830b831","repeat_of":"be57ef9801b0979aa3123e552d639220304c4f800136ceb3065366912830b831","attempt":2,"status":"completed","matched":false}
{"set_id":"draft-09-501-freq01","id":"empty-answer","repeat_of":"be57ef9801b0979aa3123e552d639220304c4f800136ceb3065366912830b831","attempt":2,"status":"completed","matched":true}
{"set_id":"draft-09-501-freq01","id":"be57ef9801b0979aa3123e552d639220304c4f800136ceb3065366912830b831","repeat_of":"be57ef9801b0979aa3123e552d639220304c4f800136ceb3065366912830b831","attempt":3,"status":"completed","matched":false}
{"set_id":"draft-09-501-freq01","id":"empty-answer","repeat_of":"be57ef9801b0979aa3123e552d639220304c4f800136ceb3065366912830b831","attempt":3,"status":"completed","matched":true}
