{"set_id":"draft-09-501-freq01","id":"946c3408ac9fc25cdd7bfd87e186b7b357fa416541d4f7a3aa06e2cd6265f3a8","status":"completed","matched":true}
{"set_id":"draft-09-501-freq01","id":"813a4fd4075e4b54a475a98d002442560ec96290a70d1933dc04680a43f2b950","status":"completed","matched":true}
{"set_id":"draft-09-501-freq01","id":"706399a75745e98715278852c21258568c76e1d7c19a9e0f6815b7c741f7892c","status":"completed","matched":true}
{"set_id":"draft-09-501-freq01","id":"c59d113b5afaeed2570523c18435bdea2b305a29de0ffcb2b0bc95541550a5a9","status":"completed","matched":true}
{"set_id":"draft-09-501-freq01","id":"f6cd4a8f8b0f2ceb0fe601758b29105ecabcaa355be8394efb53aba451ec9ee5","status":"completed","matched":true}
{"set_id":"draft-09-501-freq01","id":"839da7d0ce37417197bc2130eff813a80ae47727fe3e08b33936fd2a09dc42f9","status":"completed","matched":true}
{"set_id":"draft-09-501-freq01","id":"26e5c69574f6530ecb692268b5c1fc7fd93f0d677f65bfdacdd494fdf31f81a6","status":"completed","matched":true}
{"set_id":"draft-09-501-freq01","id":"b5725f567ae923dd07e716cc12996214e5bb4ba06871dd1933c1be9458e7d760","status":"completed","matched":true}
{"set_id":"draft-09-501-freq01","id":"4be9f429313d6b966866301ef37df01314ffff6a2eb81dbdcd8f5062fb37458b","status":"completed","matched":true}
{"set_id":"draft-09-501-freq01","id":"fc3ad8857887ce1fbcfca58351637294a58365acac105fbf0010e142b3c908d0","status":"completed","matched":false}
{"set_id":"draft-09-501-freq01","id":"a7a51ce747e111d873a03d5ab19bb3ad7670d5fc4de832411fd6b18a199c6e34","status":"completed","matched":true}
{"set_id":"draft-09-501-freq01","id":"eb70074db33192367cda7cfaff0cd5a81fc23c668fec7c327caebdff2790007d","status":"completed","matched":true}
{"set_id":"draft-09-501-freq01","id":"7f8f2c2784b832ec1b7a4c90b1d5bbc68c8b9f199cf4c10ca1ccd722ee67cd94","status":"completed","matched":true}
{"set_id":"draft-09-501-freq01","id":"97dec40890e6b481502708f4012615e6f6c98dbc0150b3b88e746f7d93b7bf50","status":"completed","matched":true}
{"set_id":"draft-09-501-freq01","id":"d7c3a67e49ab1af21999a4f62752f74d23a6f13df2a9ad12c9dfb653f4a2dcae","status":"completed","matched":true}
{"set_id":"draft-09-501-freq01","id":"babadd6145bde4ca5016745e6e8f816c75ab34083470daab1188f6afc71a8ca0","status":"completed","matched":true}
{"set_id":"draft-09-501-freq01","id":"89a3493b2a00d9a6e47759843cce563c23dfc954e16af9b860d0b655e9ba3d67","status":"completed","matched":true}
{"set_id":"draft-09-501-freq01","id":"8c490fecffd6dafd3f4dc715264569cabe57e8a862e3757b07839094b4289488","status":"completed","matched":true}
{"set_id":"draft-09-501-freq01","id":"f59f0bb4a35e989cf2fbc8c404a56b56e31b501f59d04fd1bed25f6bb3ce1b72","status":"completed","matched":true}
{"set_id":"draft-09-501-freq01","id":"022883f8bacbf24747503af7a35e4a976577d5b312ebfec4bbb8f151146bba47","status":"completed","matched":true}
{"set_id":"draft-09-501-freq01","id":"83ec9cd4ae9aaedfe64f78e030f400510f38765fb3e519cc81b813778eeac6be","status":"completed","matched":true}
{"set_id":"draft-09-501-freq01","id":"ff7e8971bfd0df904805c80363c5c4cb42ef1743b79bdcbb9bad9e408af9f12d","status":"completed","matched":true}
{"set_id":"draft-09-501-freq01","id":"empty-answer","status":"completed","matched":true}
{"set_id":"draft-09-501-freq01","id":"fc3ad8857887ce1fbcfca58351637294a58365acac105fbf0010e142b3c908d0","repeat_of":"fc3ad8857887ce1fbcfca58351637294a58365acac105fbf0010e142b3c908d0","attempt":2,"status":"completed","matched":false}
{"set_id":"draft-09-501-freq01","id":"empty-answer","repeat_of":"fc3ad8857887ce1fbcfca58351637294a58365acac105fbf0010e142b3c908d0","attempt":2,"status":"completed","matched":true}
{"set_id":"draft-09-501-freq01","id":"fc3ad8857887ce1fbcfca58351637294a58365acac105fbf0010e142b3c908d0","repeat_of":"fc3ad8857887ce1fbcfca58351637294a58365acac105fbf0010e142b3c908d0","attempt":3,"status":"completed","matched":false}
{"set_id":"draft-09-501-freq01","id":"empty-answer","repeat_of":"fc3ad8857887ce1fbcfca58351637294a58365acac105fbf0010e142b3c908d0","attempt":3,"status":"completed","matched":true}
