{"set_id":"draft-10-530-freq01","id":"746f919d113c7c07939531211bafa2f863ceb6445d9e2f91b2b352c0646d04a5","status":"completed","matched":true}
{"set_id":"draft-10-530-freq01","id":"478a80b7637bd322880f574125cd97564088018e9177e83d449278d337632b93","status":"completed","matched":true}
{"set_id":"draft-10-530-freq01","id":"7ac46fa3c5706c2be508a494e3215265ac1173cb2d341c623abc3f3a821bc6e6","status":"completed","matched":true}
{"set_id":"draft-10-530-freq01","id":"85b9b9a5949ed38c1aaabc544e28072b8c0f1bcfd4080d0ecd3fa6a9dc1890d9","status":"completed","matched":true}
{"set_id":"draft-10-530-freq01","id":"128a17eac4b7659e705938e9184250a4f68ce1082015ad7739a7d64352b8d7d3","status":"completed","matched":true}
{"set_id":"draft-10-530-freq01","id":"58b3873dce794a873704f37c18110b82d9dc4f6b65a5254a21912b99919f8773","status":"completed","matched":true}
{"set_id":"draft-10-530-freq01","id":"f5c2f475c353012eef8d553bb5a3e09eb65de8ef41872cc26c77b300e615f4e2","status":"completed","matched":true}
{"set_id":"draft-10-530-freq01","id":"d6cdb0471f10a78c4719f65d57b514589936fe37919bcb377b869e9119e03193","status":"completed","matched":true}
{"set_id":"draft-10-530-freq01","id":"c3c05cf38b74b09d9e44d518e4107daf30534cc1ae8568398fe2be78143af81f","status":"completed","matched":true}
{"set_id":"draft-10-530-freq01","id":"ffbcf5db4fec190973db927d613261067acae8b5df2837402777de8ac3276807","status":"completed","matched":true}
{"set_id":"draft-10-530-freq01","id":"8a5a86b5729f52ec545ff7f16a3e04033e8dcefe426b33f5d722032c71f2cb9b","status":"completed","matched":true}
{"set_id":"draft-10-530-freq01","id":"7678eeec0f8b25eca46d875e5ffcabe9a8930195f13c8dd949bca6c737254689","status":"completed","matched":true}
{"set_id":"draft-10-530-freq01","id":"fa0ed0e346080e9b3748a603932408f7f7b908b4f0f7dd5070e465c7bbf17a59","status":"completed","matched":true}
{"set_id":"draft-10-530-freq01","id":"86face4ff802232b00c38cf463a67f9def0501fbf1bb0d1b74521a450fba88da","status":"completed","matched":true}
{"set_id":"draft-10-530-freq01","id":"88086f69dbf97a2c5531267986bb0a7fc9d80e16bc05ebbc4c08693dd8da0b2e","status":"completed","matched":true}
{"set_id":"draft-10-530-freq01","id":"9a0f4a9962cc74460d95d38e3361c2fd8b8e92482ffca5ba007b338d36acd7f0","status":"completed","matched":true}
{"set_id":"draft-10-530-freq01","id":"37c2d6fd8af1964e1b91a8cb4cb71db9bd51ccc23948ee6bcdd4d36ed5bc0860","status":"completed","matched":true}
{"set_id":"draft-10-530-freq01","id":"c52cb1850b32778b2e35bac83ab48594431a8fcec0a77511a5b37696bd88ea07","status":"completed","matched":true}
{"set_id":"draft-10-530-freq01","id":"80d4f52f0ac42ea822a2ca8e16a8eaaf57b416bc653c348645efd6b2bb4c9428","status":"completed","matched":true}
{"set_id":"draft-10-530-freq01","id":"a50ced6870a4a74b63d2ccdc04aafb06a0d78fc869c36223617b9f22d560bafd","status":"completed","matched":true}
{"set_id":"draft-10-530-freq01","id":"316faf263c5d2e61e1ddafb33a169e2627c28e458abdefa5f406d021f64caf92","status":"completed","matched":true}
{"set_id":"draft-10-530-freq01","id":"c47a9adbbd0c83a3813a24d2432331ceb300e19209869150eed03469fb046fca","status":"completed","matched":true}
{"set_id":"draft-10-530-freq01","id":"d465ed1365f9babfc3c3cd7a60ea994cd631535188a5ff867841047fe8582521","status":"completed","matched":true}
{"set_id":"draft-10-530-freq01","id":"09d450e366a1c5fda5320b83169164f70f2300a3d5f6f79fe80d7f75f39cb1c8","status":"completed","matched":true}
{"set_id":"draft-10-530-freq01","id":"c576aee2b521ea00a1d917ae0d1d7baacdf8ae8f95d187d89452a5606f280d5b","status":"completed","matched":true}
{"set_id":"draft-10-530-freq01","id":"26e5cbc5addb4cf8f50f6e6ce8a9790a6f01c60209839deda61e35c000d6d937","status":"completed","matched":true}
{"set_id":"draft-10-530-freq01","id":"5bac10ed1fd39c41143ba48db2ff98f3e23235529651c1ea63349c248c39df30","status":"completed","matched":true}
{"set_id":"draft-10-530-freq01","id":"30f51db24f82a204aebfa7e5537b088a74522bbf4d3962603aa0a00762314605","status":"completed","matched":true}
{"set_id":"draft-10-530-freq01","id":"770f808a120f2fec9c094036c46e16b4be86a597aa07af8be751d30a3892da99","status":"completed","matched":true}
{"set_id":"draft-10-530-freq01","id":"00090114c1629c066f16e368891c9484d40ef5707c4e350c1d938ef1d3c528d4","status":"completed","matched":true}
{"set_id":"draft-10-530-freq01","id":"f7293f3a13cebe7f1a55b7cdc1633a19c74faf880cf34dcf0b1464441085f50d","status":"completed","matched":true}
{"set_id":"draft-10-530-freq01","id":"becef105cce939da4177181cc80ffed8572e64625c8040ee7a50e6d50c69025a","status":"completed","matched":true}
{"set_id":"draft-10-530-freq01","id":"f62127b962997acbfddc1fc673f291392553838188cd419729b76491192efb4e","status":"completed","matched":false}
{"set_id":"draft-10-530-freq01","id":"8d1bf38bfc9ad1ef974599477771409a1bbf7ad9d716508e2b0a35e776930517","status":"completed","matched":true}
{"set_id":"draft-10-530-freq01","id":"empty-answer","status":"completed","matched":true}
{"set_id":"draft-10-530-freq01","id":"f62127b962997acbfddc1fc673f291392553838188cd419729b76491192efb4e","repeat_of":"f62127b962997acbfddc1fc673f291392553838188cd419729b76491192efb4e","attempt":2,"status":"completed","matched":false}
{"set_id":"draft-10-530-freq01","id":"empty-answer","repeat_of":"f62127b962997acbfddc1fc673f291392553838188cd419729b76491192efb4e","attempt":2,"status":"completed","matched":true}
{"set_id":"draft-10-530-freq01","id":"f62127b962997acbfddc1fc673f291392553838188cd419729b76491192efb4e","repeat_of":"f62127b962997acbfddc1fc673f291392553838188cd419729b76491192efb4e","attempt":3,"status":"completed","matched":false}
{"set_id":"draft-10-530-freq01","id":"empty-answer","repeat_of":"f62127b962997acbfddc1fc673f291392553838188cd419729b76491192efb4e","attempt":3,"status":"completed","matched":true}
