{"set_id":"draft-09-505-freq01","id":"45c3b23653b11299b5692d5e7e4ca0aff72ac021645157349055ddc0a3d87a9a","status":"completed","matched":true}
{"set_id":"draft-09-505-freq01","id":"a1765ccb598df628c9e1af24c055baf0c2e71f7889da450a55e33d4c7f6f216a","status":"completed","matched":true}
{"set_id":"draft-09-505-freq01","id":"070c81b99a62c099ab82a38abc0c2e039a669c2b0e491a1b40f41961399a9c7a","status":"completed","matched":true}
{"set_id":"draft-09-505-freq01","id":"437321f4e2c9f44ba403de8e2a8713c8e66bf58992755a735e6066553b29baeb","status":"completed","matched":true}
{"set_id":"draft-09-505-freq01","id":"d88dc426af9ddb027b204426ce7fe13546e6f8d68dacb49cde377e1452a28c3d","status":"completed","matched":true}
{"set_id":"draft-09-505-freq01","id":"2917db131234b20f9a2a4a0f1ccef715bfbc24465ac6d46da3da35ece4a2794f","status":"completed","matched":true}
{"set_id":"draft-09-505-freq01","id":"35e326c5336fd00afd142a34479ffe410c84af1421015aa9b2ca7f565e3824b5","status":"completed","matched":true}
{"set_id":"draft-09-505-freq01","id":"e76e6a9e505cc2127ea64f2d35c97ef342fde00ff141bd18ddb451e292baf73d","status":"completed","matched":true}
{"set_id":"draft-09-505-freq01","id":"e3435576c4c9e797240fac3677d49ae082b4c609eee5a290c17cc90a22c605d0","status":"completed","matched":true}
{"set_id":"draft-09-505-freq01","id":"260ea362379fc4aa478c52753970e824c09ee4e42bd5603d8fb3074f50a15a25","status":"completed","matched":true}
{"set_id":"draft-09-505-freq01","id":"b964f182da807073658f25cde53dacb0910397b91743176b64caf8910751a273","status":"completed","matched":false}
{"set_id":"draft-09-505-freq01","id":"9aab7d278ff9006d1694308f08f5eaa71d164416f3b38c9ae6b20d2858787aaf","status":"completed","matched":true}
{"set_id":"draft-09-505-freq01","id":"5134b09d5ff2c0b77066e96ab695bc9305213801dcb50495692563b0ca81c941","status":"completed","matched":true}
{"set_id":"draft-09-505-freq01","id":"b25c1765a01ce0f8fea57e5792a9c35c382be40da47463b2af8bb8ed43587ee3","status":"completed","matched":true}
{"set_id":"draft-09-505-freq01","id":"1f4b8383ce3a9dce0ce40ec6728841bb79207da3853a1b29f5921cbc705074eb","status":"completed","matched":true}
{"set_id":"draft-09-505-freq01","id":"d079e26eb76514d7d339191a09279e3f4ce1d9f24a4c1347c798c61a1b035d2b","status":"completed","matched":false}
{"set_id":"draft-09-505-freq01","id":"fb7d050e9f42cb99b83ca66080495d15568e162a8451b48382ad3ec32f579b2b","status":"completed","matched":true}
{"set_id":"draft-09-505-freq01","id":"ee9e38e50e46a59e06bd384175dcd8b548549439001951c6ebadae79cae1976f","status":"completed","matched":true}
{"set_id":"draft-09-505-freq01","id":"ee0d62dee43deeae8e8c8f026534b5e50f62adf9b05676ebe012b55e5ef5b720","status":"completed","matched":true}
{"set_id":"draft-09-505-freq01","id":"8305b437d28fec525e8fedd2354a2d0237d961ca674cb6353b94fc87f79c2385","status":"completed","matched":true}
{"set_id":"draft-09-505-freq01","id":"1da541f52066fc1512a6eeb886d3d982b608a4a0d97a91507ef6902ff5f94b10","status":"completed","matched":true}
{"set_id":"draft-09-505-freq01","id":"689eab7f29a15cf9500a3acff0deb5f30dcf860c4a9aa74027432420dafeed7d","status":"completed","matched":true}
{"set_id":"draft-09-505-freq01","id":"empty-answer","status":"completed","matched":true}
{"set_id":"draft-09-505-freq01","id":"b964f182da807073658f25cde53dacb0910397b91743176b64caf8910751a273","repeat_of":"b964f182da807073658f25cde53dacb0910397b91743176b64caf8910751a273","attempt":2,"status":"completed","matched":false}
{"set_id":"draft-09-505-freq01","id":"empty-answer","repeat_of":"b964f182da807073658f25cde53dacb0910397b91743176b64caf8910751a273","attempt":2,"status":"completed","matched":true}
{"set_id":"draft-09-505-freq01","id":"b964f182da807073658f25cde53dacb0910397b91743176b64caf8910751a273","repeat_of":"b964f182da807073658f25cde53dacb0910397b91743176b64caf8910751a273","attempt":3,"status":"completed","matched":false}
{"set_id":"draft-09-505-freq01","id":"empty-answer","repeat_of":"b964f182da807073658f25cde53dacb0910397b91743176b64caf8910751a273","attempt":3,"status":"completed","matched":true}
{"set_id":"draft-09-505-freq01","id":"d079e26eb76514d7d339191a09279e3f4ce1d9f24a4c1347c798c61a1b035d2b","repeat_of":"d079e26eb76514d7d339191a09279e3f4ce1d9f24a4c1347c798c61a1b035d2b","attempt":2,"status":"completed","matched":false}
{"set_id":"draft-09-505-freq01","id":"empty-answer","repeat_of":"d079e26eb76514d7d339191a09279e3f4ce1d9f24a4c1347c798c61a1b035d2b","attempt":2,"status":"completed","matched":true}
{"set_id":"draft-09-505-freq01","id":"d079e26eb76514d7d339191a09279e3f4ce1d9f24a4c1347c798c61a1b035d2b","repeat_of":"d079e26eb76514d7d339191a09279e3f4ce1d9f24a4c1347c798c61a1b035d2b","attempt":3,"status":"completed","matched":false}
{"set_id":"draft-09-505-freq01","id":"empty-answer","repeat_of":"d079e26eb76514d7d339191a09279e3f4ce1d9f24a4c1347c798c61a1b035d2b","attempt":3,"status":"completed","matched":true}
