{"set_id":"pilot-15-007","case_id":"sub1/stored-model","attempt":1,"matched":true,"execution_error":false}
{"set_id":"pilot-15-007","case_id":"sub1/equivalent","attempt":1,"matched":true,"execution_error":false}
{"set_id":"pilot-15-007","case_id":"sub1/reverse-order","attempt":1,"matched":true,"execution_error":false}
{"set_id":"pilot-15-007","case_id":"sub1/single-sentence","attempt":1,"matched":true,"execution_error":false}
{"set_id":"pilot-15-007","case_id":"sub1/irrelevant-prefix","attempt":1,"matched":true,"execution_error":false}
{"set_id":"pilot-15-007","case_id":"sub1/empty","attempt":1,"matched":true,"execution_error":false}
{"set_id":"pilot-15-007","case_id":"sub1/unrelated","attempt":1,"matched":true,"execution_error":false}
{"set_id":"pilot-15-007","case_id":"sub1/omit-1","attempt":1,"matched":true,"execution_error":false}
{"set_id":"pilot-15-007","case_id":"sub1/opposite-1","attempt":1,"matched":true,"execution_error":false}
{"set_id":"pilot-15-007","case_id":"sub1/boundary-1","attempt":1,"matched":true,"execution_error":false}
{"set_id":"pilot-15-007","case_id":"sub1/omit-2","attempt":1,"matched":true,"execution_error":false}
{"set_id":"pilot-15-007","case_id":"sub1/opposite-2","attempt":1,"matched":true,"execution_error":false}
{"set_id":"pilot-15-007","case_id":"sub1/boundary-2","attempt":1,"matched":true,"execution_error":false}
{"set_id":"pilot-15-007","case_id":"sub1/omit-3","attempt":1,"matched":true,"execution_error":false}
{"set_id":"pilot-15-007","case_id":"sub1/opposite-3","attempt":1,"matched":true,"execution_error":false}
{"set_id":"pilot-15-007","case_id":"sub1/boundary-3","attempt":1,"matched":true,"execution_error":false}
{"set_id":"pilot-15-007","case_id":"sub1/omit-4","attempt":1,"matched":true,"execution_error":false}
{"set_id":"pilot-15-007","case_id":"sub1/opposite-4","attempt":1,"matched":true,"execution_error":false}
{"set_id":"pilot-15-007","case_id":"sub1/boundary-4","attempt":1,"matched":true,"execution_error":false}
{"set_id":"pilot-15-007","case_id":"sub1/date-only","attempt":1,"matched":true,"execution_error":false}
{"set_id":"pilot-15-007","case_id":"sub2/stored-model","attempt":1,"matched":true,"execution_error":false}
{"set_id":"pilot-15-007","case_id":"sub2/equivalent","attempt":1,"matched":true,"execution_error":false}
{"set_id":"pilot-15-007","case_id":"sub2/reverse-order","attempt":1,"matched":true,"execution_error":false}
{"set_id":"pilot-15-007","case_id":"sub2/single-sentence","attempt":1,"matched":true,"execution_error":false}
{"set_id":"pilot-15-007","case_id":"sub2/irrelevant-prefix","attempt":1,"matched":true,"execution_error":false}
{"set_id":"pilot-15-007","case_id":"sub2/empty","attempt":1,"matched":true,"execution_error":false}
{"set_id":"pilot-15-007","case_id":"sub2/unrelated","attempt":1,"matched":true,"execution_error":false}
{"set_id":"pilot-15-007","case_id":"sub2/omit-1","attempt":1,"matched":true,"execution_error":false}
{"set_id":"pilot-15-007","case_id":"sub2/opposite-1","attempt":1,"matched":true,"execution_error":false}
{"set_id":"pilot-15-007","case_id":"sub2/boundary-1","attempt":1,"matched":true,"execution_error":false}
{"set_id":"pilot-15-007","case_id":"sub2/omit-2","attempt":1,"matched":true,"execution_error":false}
{"set_id":"pilot-15-007","case_id":"sub2/opposite-2","attempt":1,"matched":true,"execution_error":false}
{"set_id":"pilot-15-007","case_id":"sub2/boundary-2","attempt":1,"matched":true,"execution_error":false}
{"set_id":"pilot-15-007","case_id":"sub2/omit-3","attempt":1,"matched":true,"execution_error":false}
{"set_id":"pilot-15-007","case_id":"sub2/opposite-3","attempt":1,"matched":true,"execution_error":false}
{"set_id":"pilot-15-007","case_id":"sub2/boundary-3","attempt":1,"matched":true,"execution_error":false}
