{
  "output": "C:\\Users\\cntrl\\Workspace\\study\\audit_say\\cpa_uploader\\analysis\\reviews\\case-review-2026-09-15\\publication-r20-r27\\db-import\\publication-v1\\verification.json",
  "status": "passed",
  "expected": {
    "sets": 346,
    "questions": 480,
    "criteria": 1748,
    "points": 1748,
    "standard_questions": 371,
    "case_questions": 109,
    "case_parents": 42,
    "learning_units": 413,
    "topic_links": 635,
    "topics": 19
  },
  "failures": [],
  "requests": 350,
  "remote_write_queries": 0,
  "model_api_calls": 0
}
