{
  "checked_at": "2026-09-14T03:30:00.095Z",
  "source_file_hash": "c2767649d51a95b6016710a33f9796bbfdf34f1394a73589dd9a65d2c286602e",
  "bank_content_hash": "13332e8a13063b111e28b22298193cfa63715d1ad49b36ea6dce798fdb493f6d",
  "public_content_hash": "5f7a111935283840b628aa22bf3f12a0d5aeae2d3de7d7a98e50938ca8eaf551",
  "set_count": 224,
  "subquestion_count": 474,
  "criterion_count": 1752,
  "max_points": 1752,
  "ready": true,
  "errors": [],
  "source_hash_mismatches": [],
  "content_review_performed": true,
  "full_bank_validation": {
    "exit_code": 0,
    "signal": null,
    "elapsed_ms": 46595,
    "error_code": null
  },
  "report_path": "C:\\Users\\cntrl\\Workspace\\study\\audit_say\\cpa_uploader\\drafts\\standard-priority-2026-09-14\\publication-v1\\db-publication-v1\\readiness.json"
}
{
  "applied_at": "2026-09-14T03:31:04.132Z",
  "project_host": "xvifzicrjmbfqaepcfpp.supabase.co",
  "applied": true,
  "reused": false,
  "set_count": 224,
  "release_id": "a23df670-6096-4b92-b9c0-b04468501e66",
  "learning_classification_count": 474,
  "source_file_hash": "c2767649d51a95b6016710a33f9796bbfdf34f1394a73589dd9a65d2c286602e",
  "bank_content_hash": "13332e8a13063b111e28b22298193cfa63715d1ad49b36ea6dce798fdb493f6d",
  "public_round_trip": true,
  "source_bytes_identical": true,
  "content_review_performed": true,
  "progress_initialized": false,
  "learning_unit_count": 403
}
