{
  "output": "C:\\Users\\cntrl\\Workspace\\study\\audit_say\\cpa_uploader\\drafts\\standard-priority-2026-09-14\\publication-v1\\db-publication-v1\\verification.json",
  "status": "passed",
  "expected": {
    "sets": 224,
    "questions": 474,
    "criteria": 1752,
    "points": 1752,
    "standard_questions": 354,
    "case_questions": 120,
    "case_parents": 49,
    "learning_units": 403,
    "topic_links": 604,
    "topics": 19
  },
  "failures": [],
  "requests": 228,
  "remote_write_queries": 0,
  "model_api_calls": 0
}
