{"set_id":"pilot-01-005","case_id":"sub1/model","attempt":1,"matched":true,"execution_error":false}
{"set_id":"pilot-01-005","case_id":"sub1/equivalent","attempt":1,"matched":true,"execution_error":false}
{"set_id":"pilot-01-005","case_id":"sub1/reverse-order","attempt":1,"matched":true,"execution_error":false}
{"set_id":"pilot-01-005","case_id":"sub1/single-paragraph","attempt":1,"matched":true,"execution_error":false}
{"set_id":"pilot-01-005","case_id":"sub1/single-sentence","attempt":1,"matched":true,"execution_error":false}
{"set_id":"pilot-01-005","case_id":"sub1/irrelevant-prefix","attempt":1,"matched":true,"execution_error":false}
{"set_id":"pilot-01-005","case_id":"sub1/empty","attempt":1,"matched":true,"execution_error":false}
{"set_id":"pilot-01-005","case_id":"sub1/implicit-crit1","attempt":1,"matched":true,"execution_error":false}
{"set_id":"pilot-01-005","case_id":"sub1/omission-crit1","attempt":1,"matched":true,"execution_error":false}
{"set_id":"pilot-01-005","case_id":"sub1/opposite-crit1","attempt":1,"matched":true,"execution_error":false}
{"set_id":"pilot-01-005","case_id":"sub1/boundary-crit1","attempt":1,"matched":true,"execution_error":false}
{"set_id":"pilot-01-005","case_id":"sub1/omission-crit2","attempt":1,"matched":true,"execution_error":false}
{"set_id":"pilot-01-005","case_id":"sub1/opposite-crit2","attempt":1,"matched":true,"execution_error":false}
{"set_id":"pilot-01-005","case_id":"sub1/boundary-crit2","attempt":1,"matched":true,"execution_error":false}
{"set_id":"pilot-01-005","case_id":"sub1/explicit-conflict","attempt":1,"matched":true,"execution_error":false}
{"set_id":"pilot-01-005","case_id":"sub2/model","attempt":1,"matched":true,"execution_error":false}
{"set_id":"pilot-01-005","case_id":"sub2/equivalent","attempt":1,"matched":true,"execution_error":false}
{"set_id":"pilot-01-005","case_id":"sub2/reverse-order","attempt":1,"matched":true,"execution_error":false}
{"set_id":"pilot-01-005","case_id":"sub2/single-paragraph","attempt":1,"matched":true,"execution_error":false}
{"set_id":"pilot-01-005","case_id":"sub2/single-sentence","attempt":1,"matched":true,"execution_error":false}
{"set_id":"pilot-01-005","case_id":"sub2/irrelevant-prefix","attempt":1,"matched":true,"execution_error":false}
{"set_id":"pilot-01-005","case_id":"sub2/empty","attempt":1,"matched":true,"execution_error":false}
{"set_id":"pilot-01-005","case_id":"sub2/implicit-crit3","attempt":1,"matched":true,"execution_error":false}
{"set_id":"pilot-01-005","case_id":"sub2/omission-crit3","attempt":1,"matched":true,"execution_error":false}
{"set_id":"pilot-01-005","case_id":"sub2/opposite-crit3","attempt":1,"matched":true,"execution_error":false}
{"set_id":"pilot-01-005","case_id":"sub2/boundary-crit3","attempt":1,"matched":true,"execution_error":false}
{"set_id":"pilot-01-005","case_id":"sub2/omission-crit4","attempt":1,"matched":true,"execution_error":false}
{"set_id":"pilot-01-005","case_id":"sub2/opposite-crit4","attempt":1,"matched":true,"execution_error":false}
{"set_id":"pilot-01-005","case_id":"sub2/boundary-crit4","attempt":1,"matched":true,"execution_error":false}
{"set_id":"pilot-01-005","case_id":"sub2/explicit-conflict","attempt":1,"matched":true,"execution_error":false}
{"set_id":"pilot-01-005","case_id":"sub3/model","attempt":1,"matched":true,"execution_error":false}
{"set_id":"pilot-01-005","case_id":"sub3/equivalent","attempt":1,"matched":true,"execution_error":false}
{"set_id":"pilot-01-005","case_id":"sub3/reverse-order","attempt":1,"matched":true,"execution_error":false}
{"set_id":"pilot-01-005","case_id":"sub3/single-paragraph","attempt":1,"matched":true,"execution_error":false}
{"set_id":"pilot-01-005","case_id":"sub3/single-sentence","attempt":1,"matched":true,"execution_error":false}
{"set_id":"pilot-01-005","case_id":"sub3/irrelevant-prefix","attempt":1,"matched":true,"execution_error":false}
{"set_id":"pilot-01-005","case_id":"sub3/empty","attempt":1,"matched":true,"execution_error":false}
{"set_id":"pilot-01-005","case_id":"sub3/omission-crit5","attempt":1,"matched":true,"execution_error":false}
{"set_id":"pilot-01-005","case_id":"sub3/opposite-crit5","attempt":1,"matched":true,"execution_error":false}
{"set_id":"pilot-01-005","case_id":"sub3/boundary-crit5","attempt":1,"matched":true,"execution_error":false}
{"set_id":"pilot-01-005","case_id":"sub3/omission-crit6","attempt":1,"matched":true,"execution_error":false}
{"set_id":"pilot-01-005","case_id":"sub3/opposite-crit6","attempt":1,"matched":true,"execution_error":false}
{"set_id":"pilot-01-005","case_id":"sub3/boundary-crit6","attempt":1,"matched":true,"execution_error":false}
{"set_id":"pilot-01-005","case_id":"sub3/omission-crit7","attempt":1,"matched":true,"execution_error":false}
{"set_id":"pilot-01-005","case_id":"sub3/opposite-crit7","attempt":1,"matched":true,"execution_error":false}
{"set_id":"pilot-01-005","case_id":"sub3/boundary-crit7","attempt":1,"matched":true,"execution_error":false}
