{
  "checked_at": "2026-09-21T11:57:21.592Z",
  "source_file_hash": "89da3e6ab717551d500cb27295fb3cd0a5cbee9f7164fa0627874dda6d145b6d",
  "bank_content_hash": "2c9ebba1e2b4552ff52c1aa5dd2e53e6158036e59423de476fb21c89038cdd2e",
  "public_content_hash": "64e9525889e11cef69dbb50c6cc7af60f19021d7154aa6c29a97da87a8e5fafb",
  "set_count": 343,
  "subquestion_count": 473,
  "criterion_count": 1753,
  "max_points": 1753,
  "ready": true,
  "errors": [],
  "source_hash_mismatches": [],
  "content_review_performed": true,
  "full_bank_validation": {
    "exit_code": 0,
    "signal": null,
    "elapsed_ms": 91115,
    "error_code": null
  },
  "report_path": "C:\\Users\\cntrl\\Workspace\\study\\audit_say\\tmp\\case-review-publication-r33-r40\\stage\\db-readiness.json"
}
읽기 전용 검증 완료. --apply 없이는 DB를 변경하지 않습니다.
