{"set_id":"pilot-02-006","case_id":"sub1/model","attempt":1,"matched":true,"execution_error":false}
{"set_id":"pilot-02-006","case_id":"sub1/equivalent","attempt":1,"matched":true,"execution_error":false}
{"set_id":"pilot-02-006","case_id":"sub1/reverse-order","attempt":1,"matched":true,"execution_error":false}
{"set_id":"pilot-02-006","case_id":"sub1/single-paragraph","attempt":1,"matched":true,"execution_error":false}
{"set_id":"pilot-02-006","case_id":"sub1/single-sentence","attempt":1,"matched":true,"execution_error":false}
{"set_id":"pilot-02-006","case_id":"sub1/irrelevant-prefix","attempt":1,"matched":true,"execution_error":false}
{"set_id":"pilot-02-006","case_id":"sub1/empty","attempt":1,"matched":true,"execution_error":false}
{"set_id":"pilot-02-006","case_id":"sub1/omission-crit1","attempt":1,"matched":true,"execution_error":false}
{"set_id":"pilot-02-006","case_id":"sub1/opposite-crit1","attempt":1,"matched":true,"execution_error":false}
{"set_id":"pilot-02-006","case_id":"sub1/boundary-crit1","attempt":1,"matched":true,"execution_error":false}
{"set_id":"pilot-02-006","case_id":"sub1/omission-crit2","attempt":1,"matched":true,"execution_error":false}
{"set_id":"pilot-02-006","case_id":"sub1/opposite-crit2","attempt":1,"matched":true,"execution_error":false}
{"set_id":"pilot-02-006","case_id":"sub1/boundary-crit2","attempt":1,"matched":true,"execution_error":false}
{"set_id":"pilot-02-006","case_id":"sub1/omission-crit3","attempt":1,"matched":true,"execution_error":false}
{"set_id":"pilot-02-006","case_id":"sub1/opposite-crit3","attempt":1,"matched":true,"execution_error":false}
{"set_id":"pilot-02-006","case_id":"sub1/boundary-crit3","attempt":1,"matched":true,"execution_error":false}
{"set_id":"pilot-02-006","case_id":"sub2/model","attempt":1,"matched":true,"execution_error":false}
{"set_id":"pilot-02-006","case_id":"sub2/equivalent","attempt":1,"matched":true,"execution_error":false}
{"set_id":"pilot-02-006","case_id":"sub2/reverse-order","attempt":1,"matched":true,"execution_error":false}
{"set_id":"pilot-02-006","case_id":"sub2/single-paragraph","attempt":1,"matched":true,"execution_error":false}
{"set_id":"pilot-02-006","case_id":"sub2/single-sentence","attempt":1,"matched":true,"execution_error":false}
{"set_id":"pilot-02-006","case_id":"sub2/irrelevant-prefix","attempt":1,"matched":true,"execution_error":false}
{"set_id":"pilot-02-006","case_id":"sub2/empty","attempt":1,"matched":true,"execution_error":false}
{"set_id":"pilot-02-006","case_id":"sub2/omission-crit4","attempt":1,"matched":true,"execution_error":false}
Error: 실측 중 입력·코드·모델 변경. 새 버전으로 다시 실행 필요
    at <anonymous> (C:\Users\cntrl\Workspace\study\audit_say\cpa_uploader\analysis\reviews\delegated-authoring-2026-09-11\run-author-qa.ts:62:114)
    at process.processTicksAndRejections (node:internal/process/task_queues:103:5)
