{
  "checked_at": "2026-09-14T02:03:30.786Z",
  "source_file_hash": "c2f233fed20c4fe553f1fc24a474f0366866df8c1ad52b5930e3a424757e63d4",
  "bank_content_hash": "f032f9ee3d3f92ff41a6dedaee590a043263b872e234fb3ceead5013f2da3501",
  "public_content_hash": "0ba340367bedfa54a4cb5caa3de85e3cce8f10b45640474e927d3c526f37d8a2",
  "set_count": 213,
  "subquestion_count": 446,
  "criterion_count": 1635,
  "max_points": 1635,
  "ready": true,
  "errors": [],
  "source_hash_mismatches": [],
  "content_review_performed": true,
  "full_bank_validation": {
    "exit_code": 0,
    "signal": null,
    "elapsed_ms": 63759,
    "error_code": null
  },
  "report_path": "C:\\Users\\cntrl\\Workspace\\study\\audit_say\\cpa_uploader\\analysis\\reviews\\standard-backlog-publication-2026-09-14\\db-publication-v1\\readiness.json"
}
{
  "applied_at": "2026-09-14T02:04:49.048Z",
  "project_host": "xvifzicrjmbfqaepcfpp.supabase.co",
  "applied": true,
  "reused": false,
  "set_count": 213,
  "release_id": "4f8140ba-d489-4f15-a596-ccc629afb02f",
  "learning_classification_count": 446,
  "source_file_hash": "c2f233fed20c4fe553f1fc24a474f0366866df8c1ad52b5930e3a424757e63d4",
  "bank_content_hash": "f032f9ee3d3f92ff41a6dedaee590a043263b872e234fb3ceead5013f2da3501",
  "public_round_trip": true,
  "source_bytes_identical": true,
  "content_review_performed": true,
  "progress_initialized": false,
  "learning_unit_count": 387
}
