{
  "output": "C:\\Users\\cntrl\\Workspace\\study\\audit_say\\cpa_uploader\\analysis\\reviews\\standard-backlog-publication-2026-09-14\\db-publication-v1\\verification.json",
  "status": "passed",
  "expected": {
    "sets": 213,
    "questions": 446,
    "criteria": 1635,
    "points": 1635,
    "standard_questions": 344,
    "case_questions": 102,
    "case_parents": 43,
    "learning_units": 387,
    "topic_links": 575,
    "topics": 19
  },
  "failures": [],
  "requests": 217,
  "remote_write_queries": 0,
  "model_api_calls": 0
}
