{
  "checked_at": "2026-09-12T23:22:15.341Z",
  "source_file_hash": "8c8b2e5ab1de4222a6be4be69958b3a52650ce90054dd2bdf78b1c69a36ea668",
  "bank_content_hash": "c1a22f448616d15eefc7e99c6ec62d6f86a76bb276cedb1bcde7ab0716d4dbdb",
  "public_content_hash": "61c357d03967d6f3f58fd905172ddcec3d57a8691dce1b09e4fc5c7c7228718b",
  "set_count": 155,
  "subquestion_count": 364,
  "criterion_count": 1298,
  "max_points": 1298,
  "ready": true,
  "errors": [],
  "source_hash_mismatches": [],
  "content_review_performed": true,
  "report_path": "C:\\Users\\cntrl\\Workspace\\study\\audit_say\\cpa_uploader\\analysis\\reviews\\case-quality-2026-09-13\\db-publication-v1\\readiness.json"
}
{
  "applied_at": "2026-09-12T23:23:09.580Z",
  "project_host": "xvifzicrjmbfqaepcfpp.supabase.co",
  "applied": true,
  "reused": false,
  "set_count": 155,
  "release_id": "43c54ea0-bd5f-4f10-80e5-70dc3d49a841",
  "learning_classification_count": 364,
  "source_file_hash": "8c8b2e5ab1de4222a6be4be69958b3a52650ce90054dd2bdf78b1c69a36ea668",
  "bank_content_hash": "c1a22f448616d15eefc7e99c6ec62d6f86a76bb276cedb1bcde7ab0716d4dbdb",
  "public_round_trip": true,
  "source_bytes_identical": true,
  "content_review_performed": true,
  "progress_initialized": false,
  "learning_unit_count": 329
}
