{
  "output": "C:\\Users\\cntrl\\Workspace\\study\\audit_say\\cpa_uploader\\analysis\\reviews\\case-quality-2026-09-13\\db-publication-v1\\verification.json",
  "status": "passed",
  "expected": {
    "sets": 155,
    "questions": 364,
    "criteria": 1298,
    "points": 1298,
    "standard_questions": 288,
    "case_questions": 76,
    "case_parents": 41,
    "learning_units": 329,
    "topic_links": 469,
    "topics": 19
  },
  "failures": [],
  "requests": 159,
  "remote_write_queries": 0,
  "model_api_calls": 0
}
