{
  "checked_at": "2026-09-21T06:53:23.310Z",
  "source_file_hash": "63abb2bcc7c0cdbc7918fd73cd0d2d6baddf6a26b3d83513daf0c0113546b6b7",
  "bank_content_hash": "2e0b485b8bba47ba5c6d7932f655424cc69e12c7fa37fbd31b574a6bfe7be91d",
  "public_content_hash": "30ec6439cc1948f0f7aa2b0087f4e2af4dd6f9a7fe0ad73ef9f61cd6f2260da6",
  "set_count": 341,
  "subquestion_count": 469,
  "criterion_count": 1730,
  "max_points": 1730,
  "ready": true,
  "errors": [],
  "source_hash_mismatches": [],
  "content_review_performed": true,
  "full_bank_validation": {
    "exit_code": 0,
    "signal": null,
    "elapsed_ms": 78449,
    "error_code": null
  },
  "report_path": "C:\\Users\\cntrl\\Workspace\\study\\audit_say\\tmp\\case-review-publication-r28-r32\\stage\\db-readiness.json"
}
읽기 전용 검증 완료. --apply 없이는 DB를 변경하지 않습니다.
