{
  "checked_at": "2026-09-13T02:40:05.273Z",
  "source_file_hash": "c8741c1b6b7c739fe4266597411bef8ec3468b8a3e83f7e559f98ff04af86ddf",
  "bank_content_hash": "ce0e79c7eb117805310d12f14453372e91dc75c2e08374f09db776f9f6b16744",
  "public_content_hash": "f536da7714a083a5c3a29243d5d1e8de14c018fca466ec8b0c0f166db5c3bf94",
  "set_count": 186,
  "subquestion_count": 403,
  "criterion_count": 1429,
  "max_points": 1429,
  "ready": true,
  "errors": [],
  "source_hash_mismatches": [],
  "content_review_performed": true,
  "full_bank_validation": {
    "exit_code": 0,
    "signal": null,
    "elapsed_ms": 49263,
    "error_code": null
  },
  "report_path": "C:\\Users\\cntrl\\Workspace\\study\\audit_say\\cpa_uploader\\analysis\\reviews\\case-expansion-2026-09-13\\db-publication-v1\\readiness.json"
}
{
  "applied_at": "2026-09-13T02:41:22.605Z",
  "project_host": "xvifzicrjmbfqaepcfpp.supabase.co",
  "applied": true,
  "reused": false,
  "set_count": 186,
  "release_id": "03697916-2d4c-4f52-88bc-938a3b2ef10f",
  "learning_classification_count": 403,
  "source_file_hash": "c8741c1b6b7c739fe4266597411bef8ec3468b8a3e83f7e559f98ff04af86ddf",
  "bank_content_hash": "ce0e79c7eb117805310d12f14453372e91dc75c2e08374f09db776f9f6b16744",
  "public_round_trip": true,
  "source_bytes_identical": true,
  "content_review_performed": true,
  "progress_initialized": false,
  "learning_unit_count": 344
}
