{
  "output": "C:\\Users\\cntrl\\Workspace\\study\\audit_say\\cpa_uploader\\analysis\\reviews\\case-expansion-2026-09-13\\db-publication-v1\\verification.json",
  "status": "passed",
  "expected": {
    "sets": 186,
    "questions": 403,
    "criteria": 1429,
    "points": 1429,
    "standard_questions": 301,
    "case_questions": 102,
    "case_parents": 43,
    "learning_units": 344,
    "topic_links": 518,
    "topics": 19
  },
  "failures": [],
  "requests": 190,
  "remote_write_queries": 0,
  "model_api_calls": 0
}
