{
  "checked_at": "2026-09-14T08:37:39.761Z",
  "source_file_hash": "27ccb6455611e8ea92e1a3ffd8f76ca15a598931ef403177e0217cae14b3a37f",
  "bank_content_hash": "10e6636fa4aee4e771318cbfe88df29f7f1715fac6503b8bb49e4c970f30921d",
  "public_content_hash": "87277426c4a24e784b2987a3267025549498ff10e7f98afa26615acf8d5ba95c",
  "set_count": 372,
  "subquestion_count": 555,
  "criterion_count": 1889,
  "max_points": 1889,
  "ready": true,
  "errors": [],
  "source_hash_mismatches": [],
  "content_review_performed": true,
  "full_bank_validation": {
    "exit_code": 0,
    "signal": null,
    "elapsed_ms": 123860,
    "error_code": null
  },
  "report_path": "C:\\Users\\cntrl\\Workspace\\study\\audit_say\\cpa_uploader\\analysis\\reviews\\standard-new-verification-2026-09-14\\fix-v1\\publication-v1\\stage\\db-readiness.json"
}
읽기 전용 검증 완료. --apply 없이는 DB를 변경하지 않습니다.
