{
  "checked_at": "2026-09-12T01:48:48.677Z",
  "source_file_hash": "11618f57625ae6ec71630f6413411ad513291674573e4eb0f028d129c0eab90b",
  "bank_content_hash": "d7c68b4c2d89b95e46f71faa604f77ee55ae93e7176c8b22508262c1ca545dcb",
  "public_content_hash": "81c5fc969ab99f92cbffa10faa709c2492c1171bc39516f43cd35be5fed31e20",
  "set_count": 153,
  "subquestion_count": 350,
  "criterion_count": 1292,
  "max_points": 1292,
  "ready": false,
  "errors": [
    "pilot-01-002: 게시·검토 상태 미완료",
    "pilot-01-004: 게시·검토 상태 미완료",
    "pilot-02-001: 게시·검토 상태 미완료",
    "pilot-02-004: 게시·검토 상태 미완료",
    "pilot-02-005: 게시·검토 상태 미완료",
    "pilot-03-001: 게시·검토 상태 미완료",
    "pilot-03-002: 게시·검토 상태 미완료",
    "pilot-03-004: 게시·검토 상태 미완료",
    "pilot-04-001: 게시·검토 상태 미완료",
    "pilot-04-002: 게시·검토 상태 미완료"
  ],
  "source_hash_mismatches": [],
  "content_review_performed": true,
  "report_path": "C:\\Users\\cntrl\\Workspace\\study\\audit_say\\cpa_uploader\\analysis\\reviews\\point-review-and-publication-2026-09-11\\production-apply-request-2026-09-12-01\\import-check.json"
}

