pilot-01-002: 직렬화 의미검수 입력 288284자
pilot-01-002/9c34c0337f5f394d0c15f7ad2d3f4ec7b1002784347455d224c2e58dc70d0a70: 사례 채점 일치
pilot-01-002/8a6f4deb65c7505c839946e5545b67fb1a4d9a82b1fa747fb7aedde7023e0b89: 사례 채점 일치
pilot-01-002/271d2d054c948452c4b369e5808f146bc3f2d27ff69d9fd0f2ebcdbdfffa60ca: 사례 채점 일치
pilot-01-002/a4d433f48c837fa3730340c2937cb2ad225bfae664153ecffdb6de29242d7b7a: 사례 채점 일치
pilot-01-002/89e1a09113de057d0df572af7b42798948636b5e4a865a3dbe695f80f8ea195b: 사례 채점 일치
pilot-01-002/cd782f25c456c919e7a0249c3faf0df1842bd491e616bc1e7c9dfb55a12be601: 사례 채점 일치
pilot-01-002/4b1284ee971cc5ed1b4c9ec13a894f45842d314309c67aa92c82972424c1b740: 사례 채점 일치
pilot-01-002/dfdbb6ae96147b771df8a9a7ef9ec6575cd953c9b23cc9e73bc4a46b04803995: 사례 채점 일치
pilot-01-002/b4568e5627bb8f67cfa3605d5338cabf5d9ad93de7510cbc19821bddbc198835: 사례 채점 일치
pilot-01-002/3a318e03368b3ce4c3ba5065133e124374909a51debf663520368a72e2848d40: 사례 채점 일치
pilot-01-002/9bf375c12c87c99cb8eac4aebff2c866678f7817c55d6d41c8be9cdf51b8ee7d: 사례 채점 일치
pilot-01-002/2869e6abef0b22c7c08841109a2fb9b85ad89f58f0c2d96e173ba99124ac6f3c: 사례 채점 일치
pilot-01-002/abdf535638dc8f08d6a35dc1ff050778eaf31701a09580b8a58c2e4836f2dcf0: 사례 채점 불일치
pilot-01-002/b85d8b7c2d08611b5f97b2112795f5714ffc4aa4197b82d60d6100a89af3048a: 사례 채점 일치
pilot-01-002/d128647c59ab2336f7ca28f67571add3edc91011a8ef1aca5b546c27f056df0f: 사례 채점 일치
pilot-01-002/ba81f9a26d1f943be9fbbca5e42963ac3f41fd244e6255f958f60880f20aec06: 사례 채점 일치
pilot-01-002/3afc58f43fb5e3b0b893ae75bd6d2d828d1dd27508db8983ab6208f58ce5a749: 사례 채점 일치
pilot-01-002/8cbbc18ef3d161d437bf273d91d9d4fb59c998e653f96dd14b6662ab30e81b7e: 사례 채점 일치
pilot-01-002/055a45761ed64c6caf8e5574f94d03bf64e61ba0020ba0994e5ef94ff603483d: 사례 채점 일치
pilot-01-002/142268577370c64e2cee5d3b267fb1dbecdf0eec120984c7d61f285e0bf38405: 사례 채점 일치
pilot-01-002/f4c641c5386bba5e6b946c4bd3fa2ffe9aa2d99b3393ccbc705befc1b8da7a70: 사례 채점 일치
pilot-01-002/329913edd21d9def3e4f40b1f3df1fe2f895126d1fbf82a897cbba99fe79d270: 사례 채점 일치
pilot-01-002/d1c15cb937874b8602788abd11f636762bf9292d7e324f3cf308cf36f98796f9: 사례 채점 일치
pilot-01-002/8ed35e89cc14bc300859a44adccbd99928798cc14f710edda18120d4c01b7004: 사례 채점 일치
pilot-01-002/619c5d5330ecaca1cfe64530d52cff57b82aeb8d634d6be3a7316c1526fabeda: 사례 채점 일치
pilot-01-002/7053d993288edc99998449cba0681eb020301f48332fdb8cb886ddc2bc0c6c72: 사례 채점 일치
pilot-01-002/2fa2d5daed46885b405ea892ac6f80b8133006f010486e995b5ae12cd61afce2: 사례 채점 일치
pilot-01-002/85556dce5cfa8ae60188c67eebf58b8698d67875ad93d5d38e027c738680c941: 사례 채점 일치
pilot-01-002/876adad381f85a17fbe7ab6a81fd73981eb7a56bf25be6cc796c9e40b214fade: 사례 채점 일치
pilot-01-002/9141280dc092ce6a0f8560a316d9a920b653f99bf33d5afff74b3cec529cd08f: 사례 채점 일치
pilot-01-002/0e239de4ff02a7f24dc8524d10b042b32c6ec861bf05177d2010c7f927642ceb: 사례 채점 일치
pilot-01-002/d8046c1cc774ee17e57cdfd8e3ed37703b6a5132341e3b82c750354c8ef6314b: 사례 채점 일치
pilot-01-002/0453534aa84fc5771174d1ddddbf329d25935ae536504364c6ff5198de674c3d: 사례 채점 일치
pilot-01-002/33f91cf42689be5565f8811085294ac4fe78e4e3360f2c3015c05c1262acdddf: 사례 채점 일치
pilot-01-002/2e30f15faa803de14e96f03d743019c5d60641a1dabf2a139886574557df0fca: 사례 채점 일치
pilot-01-002/58135a0c2dee1da1f53643562d78eead723fdcce9cd527c0994ae6be429a02c5: 사례 채점 일치
pilot-01-002/cc24ba6efebf6c4f10479a8a7149fb1b5745e23421e414d6720c248421a91bc8: 사례 채점 일치
pilot-01-002/315272de73b9ce5cdea5f9d723bb833613282681b9e4ef9ded86c913a297c3d1: 사례 채점 일치
pilot-01-002/empty-answer: 사례 채점 일치
의미검수 산출물: C:\Users\cntrl\Workspace\study\audit_say\cpa_uploader\analysis\reviews\point-review-and-publication-2026-09-11\execution-resumes\resume-2026-09-12-v4\canary\grading-a\pilot-01-002\grading.json (pilot-01-002=pass)
문항 상태는 변경하지 않았습니다. pass도 사람의 실제 검수 근거와 별도 verified/published 승급이 필요합니다.
