{
  "checked_at": "2026-09-19T10:53:59.724Z",
  "source_file_hash": "213b18f79fd2d0e0dd302a7c125c0894edab3c8ececfa1882eca5b6060af7759",
  "bank_content_hash": "799a6f3b35cd4d56741b011e5c127194be8cc4487b4d377fc06f0b5330dd4415",
  "public_content_hash": "daf470d674e2599d9496357ac86ff7b13db2a80d4bdb8c28bb04ac4aa9adbb6e",
  "set_count": 364,
  "subquestion_count": 532,
  "criterion_count": 1843,
  "max_points": 1843,
  "ready": true,
  "errors": [],
  "source_hash_mismatches": [],
  "content_review_performed": true,
  "full_bank_validation": {
    "exit_code": 0,
    "signal": null,
    "elapsed_ms": 94671,
    "error_code": null
  },
  "report_path": "C:\\Users\\cntrl\\Workspace\\study\\audit_say\\tmp\\case-review-publication-r07-r11\\stage\\db-readiness.json"
}
읽기 전용 검증 완료. --apply 없이는 DB를 변경하지 않습니다.
