draft-04-320-freq01: 직렬화 의미검수 입력 277401자
draft-04-320-freq01/1b261985146071e18c23d7e4c9486fd37aabee4b18e37137855bda702002d029: 사례 채점 일치
draft-04-320-freq01/8b168aba50d39777b37490d669b064e0a96e0b43e54deb20ee8136aa1d95b850: 사례 채점 일치
draft-04-320-freq01/af368023aa3e39615182035eeda4fbea5d1d84f761cff289b5784b1390b143cb: 사례 채점 일치
draft-04-320-freq01/63a4c30854147fbffba11be5df47c0b4b2be51f00b48884616644eb4e324f7d8: 사례 채점 일치
draft-04-320-freq01/9f49d4599e82926270dc6fb9ce49241973f0b3e56df8550e47034044e2eb55e1: 사례 채점 일치
draft-04-320-freq01/5af5e9002145477eda6d6061a79027e307e755a352d0c2fd3d81708c5f929faa: 사례 채점 일치
draft-04-320-freq01/b6335b62c95efa06f7bedee81d39a1405aa13bc760f15da47c652b5d9d22f988: 사례 채점 일치
draft-04-320-freq01/e9f3cdb22fb3585028a2b43a52060ae47ef68dc5e351aaf1a16228be49468c9a: 사례 채점 일치
draft-04-320-freq01/35211aef0ea57069bc71cbcb77a6de4b93c923dda1ea059076d30ce0e56fec48: 사례 채점 일치
draft-04-320-freq01/5f61d6742dbc6c5743e2eaf66b4e1c764934c7ae5806d701e18c83273f63f982: 사례 채점 일치
draft-04-320-freq01/bbc1e9b9af4ee1e23f7e328d22b3df18d5ca0efb7e370a6cef898c0fff12c76d: 사례 채점 일치
draft-04-320-freq01/f01380c5814928e56a4a3d1ed7fbd1c0b67a21fb033d5a36624496f2dc679595: 사례 채점 일치
draft-04-320-freq01/13069b4df5e0f6da62fb43a3b9bbe598c1d7641250b0c8a08cd5a6b3f6848da2: 사례 채점 일치
draft-04-320-freq01/6c7af501c6338881ff9e6aa26e455aa5e62e743cefdb8a2a1b22801c0804aa5b: 사례 채점 일치
draft-04-320-freq01/c4351359d7399b492d314abdf8c4758ca9bcc3dac1557b63dc57c9e019bdd516: 사례 채점 일치
draft-04-320-freq01/838e42fa420e36c249721c4a2a8bc4ff4de7557ab97795612d48e6dec0db8706: 사례 채점 일치
draft-04-320-freq01/8db0a7830c7c7d34a048863faf7828fb7d477ece68b6f6d81863e9072cb50410: 사례 채점 일치
draft-04-320-freq01/4e539a2a8f25aa17064e6d366cb59e9d80bbbd28f226d5a9370fd3ffe14d94c9: 사례 채점 일치
draft-04-320-freq01/empty-answer: 사례 채점 일치
의미검수 산출물: C:\Users\cntrl\Workspace\study\audit_say\cpa_uploader\analysis\reviews\point-review-and-publication-2026-09-11\execution-canary-v2\grading-c\draft-04-320-freq01\grading.json (draft-04-320-freq01=pass)
문항 상태는 변경하지 않았습니다. pass도 사람의 실제 검수 근거와 별도 verified/published 승급이 필요합니다.
