{"entry":"fix2-pilot-18-003-sub1-model","strict_matched":true,"within_tolerance":true,"actual_sdk_calls":1}
{"entry":"fix2-pilot-18-003-sub1-partial","strict_matched":true,"within_tolerance":true,"actual_sdk_calls":1}
{"entry":"fix2-pilot-18-003-sub1-wrong","strict_matched":true,"within_tolerance":true,"actual_sdk_calls":1}
{"entry":"fix2-1d4a862d1757-sub2-model","strict_matched":true,"within_tolerance":true,"actual_sdk_calls":1}
{"entry":"fix2-1d4a862d1757-sub2-partial","strict_matched":true,"within_tolerance":true,"actual_sdk_calls":1}
{"entry":"fix2-1d4a862d1757-sub2-wrong","strict_matched":false,"within_tolerance":true,"actual_sdk_calls":1}
{"entry":"fix2-72f9a91627b4-sub1-model","strict_matched":true,"within_tolerance":true,"actual_sdk_calls":1}
{"entry":"fix2-72f9a91627b4-sub1-partial","strict_matched":true,"within_tolerance":true,"actual_sdk_calls":1}
{"entry":"fix2-72f9a91627b4-sub1-wrong","strict_matched":false,"within_tolerance":true,"actual_sdk_calls":1}
{"entry":"fix2-7e4d0729cd29-sub2-model","strict_matched":true,"within_tolerance":true,"actual_sdk_calls":1}
{"entry":"fix2-7e4d0729cd29-sub2-partial","strict_matched":true,"within_tolerance":true,"actual_sdk_calls":1}
{"entry":"fix2-7e4d0729cd29-sub2-wrong","strict_matched":false,"within_tolerance":true,"actual_sdk_calls":1}
{"entry":"fix2-15c4192496ff-sub1-model","strict_matched":true,"within_tolerance":true,"actual_sdk_calls":1}
{"entry":"fix2-15c4192496ff-sub1-partial","strict_matched":true,"within_tolerance":true,"actual_sdk_calls":1}
{"entry":"fix2-15c4192496ff-sub1-wrong","strict_matched":false,"within_tolerance":true,"actual_sdk_calls":1}
{"entry":"fix2-1b0434136b2c-sub2-model","strict_matched":true,"within_tolerance":true,"actual_sdk_calls":1}
{"entry":"fix2-1b0434136b2c-sub2-partial","strict_matched":true,"within_tolerance":true,"actual_sdk_calls":1}
{"entry":"fix2-1b0434136b2c-sub2-wrong","strict_matched":false,"within_tolerance":true,"actual_sdk_calls":1}
{"entry":"fix2-681e4da36d6a-sub4-model","strict_matched":true,"within_tolerance":true,"actual_sdk_calls":1}
{"entry":"fix2-681e4da36d6a-sub4-partial","strict_matched":true,"within_tolerance":true,"actual_sdk_calls":1}
{"entry":"fix2-681e4da36d6a-sub4-wrong","strict_matched":false,"within_tolerance":true,"actual_sdk_calls":1}
