{"entry":"fix2-pilot-18-001-subq1-model","strict_matched":true,"within_tolerance":true,"actual_sdk_calls":1}
{"entry":"fix2-pilot-18-001-subq1-partial","strict_matched":true,"within_tolerance":true,"actual_sdk_calls":1}
{"entry":"fix2-pilot-18-001-subq1-wrong","strict_matched":false,"within_tolerance":true,"actual_sdk_calls":1}
{"entry":"fix2-cd4c5fa077a8-sub1-model","strict_matched":true,"within_tolerance":true,"actual_sdk_calls":1}
{"entry":"fix2-cd4c5fa077a8-sub1-partial","strict_matched":true,"within_tolerance":true,"actual_sdk_calls":1}
{"entry":"fix2-cd4c5fa077a8-sub1-wrong","strict_matched":false,"within_tolerance":true,"actual_sdk_calls":1}
{"entry":"fix2-cdd18f0167e1-sub1-model","strict_matched":true,"within_tolerance":true,"actual_sdk_calls":1}
{"entry":"fix2-cdd18f0167e1-sub1-partial","strict_matched":true,"within_tolerance":true,"actual_sdk_calls":1}
{"entry":"fix2-cdd18f0167e1-sub1-wrong","strict_matched":false,"within_tolerance":true,"actual_sdk_calls":1}
{"entry":"fix2-e200ab1e2614-sub1-model","strict_matched":true,"within_tolerance":true,"actual_sdk_calls":1}
{"entry":"fix2-e200ab1e2614-sub1-partial","strict_matched":true,"within_tolerance":true,"actual_sdk_calls":1}
{"entry":"fix2-e200ab1e2614-sub1-wrong","strict_matched":false,"within_tolerance":true,"actual_sdk_calls":1}
{"entry":"fix2-1f185dbcb15a-sub1-model","strict_matched":true,"within_tolerance":true,"actual_sdk_calls":1}
{"entry":"fix2-1f185dbcb15a-sub1-partial","strict_matched":true,"within_tolerance":true,"actual_sdk_calls":1}
{"entry":"fix2-1f185dbcb15a-sub1-wrong","strict_matched":false,"within_tolerance":true,"actual_sdk_calls":1}
{"entry":"fix2-dacecd7e7ab8-sub2-model","strict_matched":true,"within_tolerance":true,"actual_sdk_calls":1}
{"entry":"fix2-dacecd7e7ab8-sub2-partial","strict_matched":true,"within_tolerance":true,"actual_sdk_calls":1}
{"entry":"fix2-dacecd7e7ab8-sub2-wrong","strict_matched":false,"within_tolerance":true,"actual_sdk_calls":1}
{"entry":"fix2-5c0adea400e4-sub3-model","strict_matched":true,"within_tolerance":true,"actual_sdk_calls":1}
{"entry":"fix2-5c0adea400e4-sub3-partial","strict_matched":true,"within_tolerance":true,"actual_sdk_calls":1}
{"entry":"fix2-5c0adea400e4-sub3-wrong","strict_matched":false,"within_tolerance":true,"actual_sdk_calls":1}
