{
  "output": "C:\\Users\\cntrl\\Workspace\\study\\audit_say\\cpa_uploader\\analysis\\reviews\\standard-new-verification-2026-09-14\\live-verification.json",
  "status": "passed",
  "expected": {
    "sets": 369,
    "questions": 546,
    "criteria": 1869,
    "points": 1869,
    "standard_questions": 372,
    "case_questions": 174,
    "case_parents": 67,
    "learning_units": 439,
    "topic_links": 705,
    "topics": 19
  },
  "failures": [],
  "requests": 373,
  "remote_write_queries": 0,
  "model_api_calls": 0
}
