{
  "checked_at": "2026-09-20T06:57:55.703Z",
  "source_file_hash": "400f6de89918c578be32eb1275bde1d12bef2cba7c400d53621d2f2642b4a67c",
  "bank_content_hash": "0c070053f322dfd8096f3434d6c7981bf682a8ad09a2491e78949231cdaed6a9",
  "public_content_hash": "e714c91a24f05a0bb9526fa69cc2c19407a0436accf7881bc4f154cfbccf5eac",
  "set_count": 363,
  "subquestion_count": 529,
  "criterion_count": 1839,
  "max_points": 1839,
  "ready": true,
  "errors": [],
  "source_hash_mismatches": [],
  "content_review_performed": true,
  "full_bank_validation": {
    "exit_code": 0,
    "signal": null,
    "elapsed_ms": 105337,
    "error_code": null
  },
  "report_path": "C:\\Users\\cntrl\\Workspace\\study\\audit_say\\tmp\\case-review-publication-r12\\stage\\db-readiness.json"
}
읽기 전용 검증 완료. --apply 없이는 DB를 변경하지 않습니다.
