{"set_id":"pilot-14-008","case_id":"sub1/stored-model","attempt":1,"matched":true,"execution_error":false}
{"set_id":"pilot-14-008","case_id":"sub1/equivalent","attempt":1,"matched":true,"execution_error":false}
{"set_id":"pilot-14-008","case_id":"sub1/reverse-order","attempt":1,"matched":true,"execution_error":false}
{"set_id":"pilot-14-008","case_id":"sub1/single-sentence","attempt":1,"matched":true,"execution_error":false}
{"set_id":"pilot-14-008","case_id":"sub1/irrelevant-prefix","attempt":1,"matched":true,"execution_error":false}
{"set_id":"pilot-14-008","case_id":"sub1/empty","attempt":1,"matched":true,"execution_error":false}
{"set_id":"pilot-14-008","case_id":"sub1/unrelated","attempt":1,"matched":true,"execution_error":false}
{"set_id":"pilot-14-008","case_id":"sub1/omit-1","attempt":1,"matched":true,"execution_error":false}
{"set_id":"pilot-14-008","case_id":"sub1/opposite-1","attempt":1,"matched":true,"execution_error":false}
{"set_id":"pilot-14-008","case_id":"sub1/boundary-1","attempt":1,"matched":true,"execution_error":false}
{"set_id":"pilot-14-008","case_id":"sub1/omit-2","attempt":1,"matched":true,"execution_error":false}
{"set_id":"pilot-14-008","case_id":"sub1/opposite-2","attempt":1,"matched":true,"execution_error":false}
{"set_id":"pilot-14-008","case_id":"sub1/boundary-2","attempt":1,"matched":true,"execution_error":false}
{"set_id":"pilot-14-008","case_id":"sub1/omit-3","attempt":1,"matched":true,"execution_error":false}
{"set_id":"pilot-14-008","case_id":"sub1/opposite-3","attempt":1,"matched":true,"execution_error":false}
{"set_id":"pilot-14-008","case_id":"sub1/boundary-3","attempt":1,"matched":true,"execution_error":false}
{"set_id":"pilot-14-008","case_id":"sub2/stored-model","attempt":1,"matched":true,"execution_error":false}
{"set_id":"pilot-14-008","case_id":"sub2/equivalent","attempt":1,"matched":true,"execution_error":false}
{"set_id":"pilot-14-008","case_id":"sub2/reverse-order","attempt":1,"matched":true,"execution_error":false}
{"set_id":"pilot-14-008","case_id":"sub2/single-sentence","attempt":1,"matched":true,"execution_error":false}
{"set_id":"pilot-14-008","case_id":"sub2/irrelevant-prefix","attempt":1,"matched":true,"execution_error":false}
{"set_id":"pilot-14-008","case_id":"sub2/empty","attempt":1,"matched":true,"execution_error":false}
{"set_id":"pilot-14-008","case_id":"sub2/unrelated","attempt":1,"matched":true,"execution_error":false}
{"set_id":"pilot-14-008","case_id":"sub2/implicit-1","attempt":1,"matched":true,"execution_error":false}
{"set_id":"pilot-14-008","case_id":"sub2/opposite-1","attempt":1,"matched":true,"execution_error":false}
{"set_id":"pilot-14-008","case_id":"sub2/boundary-1","attempt":1,"matched":true,"execution_error":false}
{"set_id":"pilot-14-008","case_id":"sub2/omit-2","attempt":1,"matched":true,"execution_error":false}
{"set_id":"pilot-14-008","case_id":"sub2/opposite-2","attempt":1,"matched":true,"execution_error":false}
{"set_id":"pilot-14-008","case_id":"sub2/boundary-2","attempt":1,"matched":true,"execution_error":false}
{"set_id":"pilot-14-008","case_id":"sub2/judgment-only","attempt":1,"matched":true,"execution_error":false}
{"set_id":"pilot-14-008","case_id":"sub2/explicit-conflict","attempt":1,"matched":true,"execution_error":false}
{"set_id":"pilot-14-008","case_id":"sub3/stored-model","attempt":1,"matched":true,"execution_error":false}
{"set_id":"pilot-14-008","case_id":"sub3/equivalent","attempt":1,"matched":true,"execution_error":false}
{"set_id":"pilot-14-008","case_id":"sub3/reverse-order","attempt":1,"matched":true,"execution_error":false}
{"set_id":"pilot-14-008","case_id":"sub3/single-sentence","attempt":1,"matched":true,"execution_error":false}
{"set_id":"pilot-14-008","case_id":"sub3/irrelevant-prefix","attempt":1,"matched":true,"execution_error":false}
{"set_id":"pilot-14-008","case_id":"sub3/empty","attempt":1,"matched":true,"execution_error":false}
{"set_id":"pilot-14-008","case_id":"sub3/unrelated","attempt":1,"matched":true,"execution_error":false}
{"set_id":"pilot-14-008","case_id":"sub3/implicit-1","attempt":1,"matched":true,"execution_error":false}
{"set_id":"pilot-14-008","case_id":"sub3/opposite-1","attempt":1,"matched":true,"execution_error":false}
{"set_id":"pilot-14-008","case_id":"sub3/boundary-1","attempt":1,"matched":true,"execution_error":false}
{"set_id":"pilot-14-008","case_id":"sub3/omit-2","attempt":1,"matched":true,"execution_error":false}
{"set_id":"pilot-14-008","case_id":"sub3/opposite-2","attempt":1,"matched":true,"execution_error":false}
{"set_id":"pilot-14-008","case_id":"sub3/boundary-2","attempt":1,"matched":true,"execution_error":false}
{"set_id":"pilot-14-008","case_id":"sub3/judgment-only","attempt":1,"matched":true,"execution_error":false}
{"set_id":"pilot-14-008","case_id":"sub3/explicit-conflict","attempt":1,"matched":true,"execution_error":false}
