{"set_id":"pilot-18-005","case_id":"sub1/model","attempt":1,"matched":true,"execution_error":false}
{"set_id":"pilot-18-005","case_id":"sub1/equiv","attempt":1,"matched":true,"execution_error":false}
{"set_id":"pilot-18-005","case_id":"sub1/reverse","attempt":1,"matched":true,"execution_error":false}
{"set_id":"pilot-18-005","case_id":"sub1/paragraph","attempt":1,"matched":true,"execution_error":false}
{"set_id":"pilot-18-005","case_id":"sub1/sentence","attempt":1,"matched":true,"execution_error":false}
{"set_id":"pilot-18-005","case_id":"sub1/prefix","attempt":1,"matched":true,"execution_error":false}
{"set_id":"pilot-18-005","case_id":"sub1/empty","attempt":1,"matched":true,"execution_error":false}
{"set_id":"pilot-18-005","case_id":"sub1/omission-crit1","attempt":1,"matched":true,"execution_error":false}
{"set_id":"pilot-18-005","case_id":"sub1/opposite-crit1","attempt":1,"matched":false,"execution_error":false}
{"set_id":"pilot-18-005","case_id":"sub1/opposite-crit1","attempt":2,"matched":true,"execution_error":false}
{"set_id":"pilot-18-005","case_id":"sub1/opposite-crit1","attempt":3,"matched":false,"execution_error":false}
{"set_id":"pilot-18-005","case_id":"sub1/boundary-crit1","attempt":1,"matched":true,"execution_error":false}
{"set_id":"pilot-18-005","case_id":"sub1/omission-crit2","attempt":1,"matched":true,"execution_error":false}
{"set_id":"pilot-18-005","case_id":"sub1/opposite-crit2","attempt":1,"matched":true,"execution_error":false}
{"set_id":"pilot-18-005","case_id":"sub1/boundary-crit2","attempt":1,"matched":true,"execution_error":false}
{"set_id":"pilot-18-005","case_id":"sub1/omission-crit3","attempt":1,"matched":true,"execution_error":false}
{"set_id":"pilot-18-005","case_id":"sub1/opposite-crit3","attempt":1,"matched":true,"execution_error":false}
{"set_id":"pilot-18-005","case_id":"sub1/boundary-crit3","attempt":1,"matched":true,"execution_error":false}
{"set_id":"pilot-18-005","case_id":"sub1/omission-crit4","attempt":1,"matched":true,"execution_error":false}
{"set_id":"pilot-18-005","case_id":"sub1/opposite-crit4","attempt":1,"matched":true,"execution_error":false}
{"set_id":"pilot-18-005","case_id":"sub1/boundary-crit4","attempt":1,"matched":true,"execution_error":false}
{"set_id":"pilot-18-005","case_id":"sub1/omission-crit5","attempt":1,"matched":true,"execution_error":false}
{"set_id":"pilot-18-005","case_id":"sub1/opposite-crit5","attempt":1,"matched":true,"execution_error":false}
{"set_id":"pilot-18-005","case_id":"sub1/boundary-crit5","attempt":1,"matched":true,"execution_error":false}
{"set_id":"pilot-18-005","case_id":"sub1/omission-crit6","attempt":1,"matched":true,"execution_error":false}
{"set_id":"pilot-18-005","case_id":"sub1/opposite-crit6","attempt":1,"matched":true,"execution_error":false}
{"set_id":"pilot-18-005","case_id":"sub1/boundary-crit6","attempt":1,"matched":true,"execution_error":false}
{"set_id":"pilot-18-005","case_id":"sub1/duplicate","attempt":1,"matched":true,"execution_error":false}
{"set_id":"pilot-18-005","case_id":"sub2/model","attempt":1,"matched":true,"execution_error":false}
{"set_id":"pilot-18-005","case_id":"sub2/equiv","attempt":1,"matched":true,"execution_error":false}
{"set_id":"pilot-18-005","case_id":"sub2/reverse","attempt":1,"matched":true,"execution_error":false}
{"set_id":"pilot-18-005","case_id":"sub2/paragraph","attempt":1,"matched":true,"execution_error":false}
{"set_id":"pilot-18-005","case_id":"sub2/sentence","attempt":1,"matched":true,"execution_error":false}
{"set_id":"pilot-18-005","case_id":"sub2/prefix","attempt":1,"matched":true,"execution_error":false}
{"set_id":"pilot-18-005","case_id":"sub2/empty","attempt":1,"matched":true,"execution_error":false}
{"set_id":"pilot-18-005","case_id":"sub2/omission-crit7","attempt":1,"matched":true,"execution_error":false}
{"set_id":"pilot-18-005","case_id":"sub2/opposite-crit7","attempt":1,"matched":true,"execution_error":false}
{"set_id":"pilot-18-005","case_id":"sub2/boundary-crit7","attempt":1,"matched":true,"execution_error":false}
{"set_id":"pilot-18-005","case_id":"sub2/omission-crit8","attempt":1,"matched":true,"execution_error":false}
{"set_id":"pilot-18-005","case_id":"sub2/opposite-crit8","attempt":1,"matched":true,"execution_error":false}
{"set_id":"pilot-18-005","case_id":"sub2/boundary-crit8","attempt":1,"matched":true,"execution_error":false}
{"set_id":"pilot-18-005","case_id":"sub2/omission-crit9","attempt":1,"matched":true,"execution_error":false}
{"set_id":"pilot-18-005","case_id":"sub2/opposite-crit9","attempt":1,"matched":true,"execution_error":false}
{"set_id":"pilot-18-005","case_id":"sub2/boundary-crit9","attempt":1,"matched":true,"execution_error":false}
{"set_id":"pilot-18-005","case_id":"sub2/omission-crit10","attempt":1,"matched":true,"execution_error":false}
{"set_id":"pilot-18-005","case_id":"sub2/opposite-crit10","attempt":1,"matched":true,"execution_error":false}
{"set_id":"pilot-18-005","case_id":"sub2/boundary-crit10","attempt":1,"matched":true,"execution_error":false}
{"set_id":"pilot-18-005","case_id":"sub3/model","attempt":1,"matched":true,"execution_error":false}
{"set_id":"pilot-18-005","case_id":"sub3/equiv","attempt":1,"matched":true,"execution_error":false}
{"set_id":"pilot-18-005","case_id":"sub3/reverse","attempt":1,"matched":true,"execution_error":false}
{"set_id":"pilot-18-005","case_id":"sub3/paragraph","attempt":1,"matched":true,"execution_error":false}
{"set_id":"pilot-18-005","case_id":"sub3/sentence","attempt":1,"matched":true,"execution_error":false}
{"set_id":"pilot-18-005","case_id":"sub3/prefix","attempt":1,"matched":true,"execution_error":false}
{"set_id":"pilot-18-005","case_id":"sub3/empty","attempt":1,"matched":true,"execution_error":false}
{"set_id":"pilot-18-005","case_id":"sub3/omission-crit11","attempt":1,"matched":true,"execution_error":false}
{"set_id":"pilot-18-005","case_id":"sub3/opposite-crit11","attempt":1,"matched":true,"execution_error":false}
{"set_id":"pilot-18-005","case_id":"sub3/boundary-crit11","attempt":1,"matched":false,"execution_error":false}
{"set_id":"pilot-18-005","case_id":"sub3/boundary-crit11","attempt":2,"matched":false,"execution_error":false}
{"set_id":"pilot-18-005","case_id":"sub3/boundary-crit11","attempt":3,"matched":true,"execution_error":false}
{"set_id":"pilot-18-005","case_id":"sub3/omission-crit12","attempt":1,"matched":true,"execution_error":false}
{"set_id":"pilot-18-005","case_id":"sub3/opposite-crit12","attempt":1,"matched":true,"execution_error":false}
{"set_id":"pilot-18-005","case_id":"sub3/boundary-crit12","attempt":1,"matched":true,"execution_error":false}
{"set_id":"pilot-18-005","case_id":"sub3/omission-crit13","attempt":1,"matched":true,"execution_error":false}
{"set_id":"pilot-18-005","case_id":"sub3/opposite-crit13","attempt":1,"matched":true,"execution_error":false}
{"set_id":"pilot-18-005","case_id":"sub3/boundary-crit13","attempt":1,"matched":true,"execution_error":false}
{"set_id":"pilot-18-005","case_id":"sub3/omission-crit14","attempt":1,"matched":true,"execution_error":false}
{"set_id":"pilot-18-005","case_id":"sub3/opposite-crit14","attempt":1,"matched":true,"execution_error":false}
{"set_id":"pilot-18-005","case_id":"sub3/boundary-crit14","attempt":1,"matched":true,"execution_error":false}
