{
  "checked_at": "2026-09-14T01:58:42.892Z",
  "source_file_hash": "c2f233fed20c4fe553f1fc24a474f0366866df8c1ad52b5930e3a424757e63d4",
  "bank_content_hash": "f032f9ee3d3f92ff41a6dedaee590a043263b872e234fb3ceead5013f2da3501",
  "public_content_hash": "0ba340367bedfa54a4cb5caa3de85e3cce8f10b45640474e927d3c526f37d8a2",
  "set_count": 213,
  "subquestion_count": 446,
  "criterion_count": 1635,
  "max_points": 1635,
  "ready": true,
  "errors": [],
  "source_hash_mismatches": [],
  "content_review_performed": true,
  "full_bank_validation": {
    "exit_code": 0,
    "signal": null,
    "elapsed_ms": 51483,
    "error_code": null
  },
  "report_path": "C:\\Users\\cntrl\\Workspace\\study\\audit_say\\cpa_uploader\\analysis\\reviews\\standard-backlog-publication-2026-09-14\\stage\\db-readiness.json"
}
읽기 전용 검증 완료. --apply 없이는 DB를 변경하지 않습니다.
