{"set_id":"pilot-09-009","case_id":"sub1/boundary-2","attempt":1,"matched":true,"execution_error":false}
{"set_id":"pilot-09-009","case_id":"sub1/omit-3","attempt":1,"matched":true,"execution_error":false}
{"set_id":"pilot-09-009","case_id":"sub1/opposite-3","attempt":1,"matched":true,"execution_error":false}
{"set_id":"pilot-09-009","case_id":"sub1/boundary-3","attempt":1,"matched":true,"execution_error":false}
{"set_id":"pilot-09-009","case_id":"sub1/omit-4","attempt":1,"matched":true,"execution_error":false}
{"set_id":"pilot-09-009","case_id":"sub1/opposite-4","attempt":1,"matched":true,"execution_error":false}
{"set_id":"pilot-09-009","case_id":"sub1/boundary-4","attempt":1,"matched":true,"execution_error":false}
{"set_id":"pilot-09-009","case_id":"sub1/omit-5","attempt":1,"matched":false,"execution_error":false}
{"set_id":"pilot-09-009","case_id":"sub1/omit-5","attempt":2,"matched":true,"execution_error":false}
{"set_id":"pilot-09-009","case_id":"sub1/omit-5","attempt":3,"matched":true,"execution_error":false}
{"set_id":"pilot-09-009","case_id":"sub1/opposite-5","attempt":1,"matched":true,"execution_error":false}
{"set_id":"pilot-09-009","case_id":"sub1/boundary-5","attempt":1,"matched":true,"execution_error":false}
{"set_id":"pilot-09-009","case_id":"sub2/model-answer","attempt":1,"matched":true,"execution_error":false}
{"set_id":"pilot-09-009","case_id":"sub2/equivalent","attempt":1,"matched":true,"execution_error":false}
{"set_id":"pilot-09-009","case_id":"sub2/reverse","attempt":1,"matched":true,"execution_error":false}
{"set_id":"pilot-09-009","case_id":"sub2/single-sentence","attempt":1,"matched":true,"execution_error":false}
{"set_id":"pilot-09-009","case_id":"sub2/irrelevant-prefix","attempt":1,"matched":true,"execution_error":false}
{"set_id":"pilot-09-009","case_id":"sub2/empty","attempt":1,"matched":true,"execution_error":false}
{"set_id":"pilot-09-009","case_id":"sub2/omit-1","attempt":1,"matched":true,"execution_error":false}
{"set_id":"pilot-09-009","case_id":"sub2/opposite-1","attempt":1,"matched":true,"execution_error":false}
{"set_id":"pilot-09-009","case_id":"sub2/boundary-1","attempt":1,"matched":false,"execution_error":false}
{"set_id":"pilot-09-009","case_id":"sub2/boundary-1","attempt":2,"matched":true,"execution_error":false}
{"set_id":"pilot-09-009","case_id":"sub2/boundary-1","attempt":3,"matched":false,"execution_error":false}
{"set_id":"pilot-09-009","case_id":"sub2/omit-2","attempt":1,"matched":true,"execution_error":false}
{"set_id":"pilot-09-009","case_id":"sub2/opposite-2","attempt":1,"matched":true,"execution_error":false}
{"set_id":"pilot-09-009","case_id":"sub2/boundary-2","attempt":1,"matched":true,"execution_error":false}
{"set_id":"pilot-09-009","case_id":"sub2/omit-3","attempt":1,"matched":true,"execution_error":false}
{"set_id":"pilot-09-009","case_id":"sub2/opposite-3","attempt":1,"matched":true,"execution_error":false}
{"set_id":"pilot-09-009","case_id":"sub2/boundary-3","attempt":1,"matched":true,"execution_error":false}
{"set_id":"pilot-09-009","case_id":"sub2/omit-4","attempt":1,"matched":true,"execution_error":false}
{"set_id":"pilot-09-009","case_id":"sub2/opposite-4","attempt":1,"matched":true,"execution_error":false}
{"set_id":"pilot-09-009","case_id":"sub2/boundary-4","attempt":1,"matched":true,"execution_error":false}
{"set_id":"pilot-09-009","case_id":"sub2/omit-5","attempt":1,"matched":true,"execution_error":false}
{"set_id":"pilot-09-009","case_id":"sub2/opposite-5","attempt":1,"matched":true,"execution_error":false}
{"set_id":"pilot-09-009","case_id":"sub2/boundary-5","attempt":1,"matched":true,"execution_error":false}
{"set_id":"pilot-09-009","case_id":"sub2/omit-6","attempt":1,"matched":true,"execution_error":false}
{"set_id":"pilot-09-009","case_id":"sub2/opposite-6","attempt":1,"matched":true,"execution_error":false}
{"set_id":"pilot-09-009","case_id":"sub2/boundary-6","attempt":1,"matched":true,"execution_error":false}
{"set_id":"pilot-09-009","case_id":"sub2/and-trigger","attempt":1,"matched":true,"execution_error":false}
{"set_id":"pilot-09-009","case_id":"sub3/model-answer","attempt":1,"matched":true,"execution_error":false}
{"set_id":"pilot-09-009","case_id":"sub3/equivalent","attempt":1,"matched":true,"execution_error":false}
{"set_id":"pilot-09-009","case_id":"sub3/reverse","attempt":1,"matched":true,"execution_error":false}
{"set_id":"pilot-09-009","case_id":"sub3/single-sentence","attempt":1,"matched":true,"execution_error":false}
{"set_id":"pilot-09-009","case_id":"sub3/irrelevant-prefix","attempt":1,"matched":true,"execution_error":false}
{"set_id":"pilot-09-009","case_id":"sub3/empty","attempt":1,"matched":true,"execution_error":false}
{"set_id":"pilot-09-009","case_id":"sub3/omit-1","attempt":1,"matched":true,"execution_error":false}
{"set_id":"pilot-09-009","case_id":"sub3/opposite-1","attempt":1,"matched":true,"execution_error":false}
{"set_id":"pilot-09-009","case_id":"sub3/boundary-1","attempt":1,"matched":true,"execution_error":false}
{"set_id":"pilot-09-009","case_id":"sub3/omit-2","attempt":1,"matched":true,"execution_error":false}
{"set_id":"pilot-09-009","case_id":"sub3/opposite-2","attempt":1,"matched":true,"execution_error":false}
{"set_id":"pilot-09-009","case_id":"sub3/boundary-2","attempt":1,"matched":true,"execution_error":false}
{"set_id":"pilot-09-009","case_id":"sub3/omit-3","attempt":1,"matched":true,"execution_error":false}
{"set_id":"pilot-09-009","case_id":"sub3/opposite-3","attempt":1,"matched":true,"execution_error":false}
{"set_id":"pilot-09-009","case_id":"sub3/boundary-3","attempt":1,"matched":true,"execution_error":false}
{"set_id":"pilot-09-009","case_id":"sub3/omit-4","attempt":1,"matched":true,"execution_error":false}
{"set_id":"pilot-09-009","case_id":"sub3/opposite-4","attempt":1,"matched":true,"execution_error":false}
{"set_id":"pilot-09-009","case_id":"sub3/boundary-4","attempt":1,"matched":true,"execution_error":false}
{"set_id":"pilot-09-009","case_id":"sub3/alternative-other-procedure","attempt":1,"matched":true,"execution_error":false}
