{
  "checked_at": "2026-09-15T07:53:59.743Z",
  "source_file_hash": "18082e546c3fb99a8169c49d65e708bb5dc3d33802251a2bf5c00525deb4b706",
  "bank_content_hash": "d26c30bbe2d3384137b79603efdb9aa3bbd267520b547ee5e42eed402eae9cef",
  "public_content_hash": "423b21c40bb35c18e9643eff0cba61467702394f92f5676b166d53859ce263c0",
  "set_count": 371,
  "subquestion_count": 551,
  "criterion_count": 1882,
  "max_points": 1882,
  "ready": true,
  "errors": [],
  "source_hash_mismatches": [],
  "content_review_performed": true,
  "full_bank_validation": {
    "exit_code": 0,
    "signal": null,
    "elapsed_ms": 174661,
    "error_code": null
  },
  "report_path": "C:\\Users\\cntrl\\Workspace\\study\\audit_say\\cpa_uploader\\analysis\\reviews\\case-review-2026-09-15\\publication\\stage\\db-readiness.json"
}
읽기 전용 검증 완료. --apply 없이는 DB를 변경하지 않습니다.
