{
  "wikiDir": "C:\\Users\\cntrl\\Workspace\\study\\audit_say\\cpa_uploader\\wiki",
  "markdownFiles": 617,
  "contentPages": 614,
  "errors": [
    "index.md: 466줄로 hard limit 400 초과",
    "index.md: [[draft-standard-additional-20260913-s01]] 누락",
    "orphan page: draft-standard-additional-20260913-s01",
    "index.md: [[draft-standard-additional-20260913-s04]] 누락",
    "orphan page: draft-standard-additional-20260913-s04",
    "index.md: [[draft-standard-expansion-20260913-s01]] 누락",
    "orphan page: draft-standard-expansion-20260913-s01",
    "index.md: [[draft-standard-expansion-20260913-s04]] 누락",
    "orphan page: draft-standard-expansion-20260913-s04",
    "index.md: [[draft-standard-expansion-20260913-s07]] 누락",
    "orphan page: draft-standard-expansion-20260913-s07",
    "index.md: [[draft-standard-followup-20260913-e02]] 누락",
    "orphan page: draft-standard-followup-20260913-e02",
    "index.md: [[draft-standard-followup-20260913-s01]] 누락",
    "orphan page: draft-standard-followup-20260913-s01",
    "index.md: [[draft-standard-gap-20260913-g01]] 누락",
    "orphan page: draft-standard-gap-20260913-g01",
    "index.md: [[draft-standard-gap-20260913-g03]] 누락",
    "orphan page: draft-standard-gap-20260913-g03",
    "index.md: [[draft-standard-gap-20260913-g04]] 누락",
    "orphan page: draft-standard-gap-20260913-g04",
    "index.md: [[draft-standard-gap-20260913-g05]] 누락",
    "orphan page: draft-standard-gap-20260913-g05",
    "index.md: [[draft-standard-gap-20260913-g06]] 누락",
    "orphan page: draft-standard-gap-20260913-g06",
    "index.md: [[draft-standard-gap-20260913-g07]] 누락",
    "orphan page: draft-standard-gap-20260913-g07",
    "index.md: [[draft-standard-gap-20260913-g10]] 누락",
    "orphan page: draft-standard-gap-20260913-g10",
    "index.md: [[draft-standard-priority-20260914-l02]] 누락",
    "orphan page: draft-standard-priority-20260914-l02",
    "index.md: [[draft-standard-priority-20260914-s01]] 누락",
    "orphan page: draft-standard-priority-20260914-s01",
    "index.md: [[draft-standard-priority-20260914-s02]] 누락",
    "orphan page: draft-standard-priority-20260914-s02",
    "index.md: [[draft-standard-priority-20260914-s03]] 누락",
    "orphan page: draft-standard-priority-20260914-s03",
    "index.md: [[pilot-01-001]] 누락",
    "orphan page: pilot-01-001",
    "index.md: [[pilot-02-007-standards-20260913]] 누락",
    "orphan page: pilot-02-007-standards-20260913",
    "index.md: [[pilot-03-001]] 누락",
    "orphan page: pilot-03-001",
    "index.md: [[pilot-03-003]] 누락",
    "orphan page: pilot-03-003",
    "index.md: [[pilot-04-004]] 누락",
    "orphan page: pilot-04-004",
    "index.md: [[pilot-05-007]] 누락",
    "orphan page: pilot-05-007",
    "index.md: [[pilot-06-002]] 누락",
    "orphan page: pilot-06-002",
    "index.md: [[pilot-06-005]] 누락",
    "orphan page: pilot-06-005",
    "index.md: [[pilot-07-004]] 누락",
    "orphan page: pilot-07-004",
    "index.md: [[pilot-07-007-standards-20260913]] 누락",
    "orphan page: pilot-07-007-standards-20260913",
    "index.md: [[pilot-08-008-standards-20260913]] 누락",
    "orphan page: pilot-08-008-standards-20260913",
    "index.md: [[pilot-09-004]] 누락",
    "orphan page: pilot-09-004",
    "index.md: [[pilot-09-005]] 누락",
    "orphan page: pilot-09-005",
    "index.md: [[pilot-09-006]] 누락",
    "orphan page: pilot-09-006",
    "index.md: [[pilot-10-006-standards-20260913]] 누락",
    "orphan page: pilot-10-006-standards-20260913",
    "index.md: [[pilot-10-007-standards]] 누락",
    "orphan page: pilot-10-007-standards",
    "index.md: [[pilot-11-001]] 누락",
    "orphan page: pilot-11-001",
    "index.md: [[pilot-11-003]] 누락",
    "orphan page: pilot-11-003",
    "index.md: [[pilot-11-005-input-tests]] 누락",
    "orphan page: pilot-11-005-input-tests",
    "index.md: [[pilot-12-004]] 누락",
    "orphan page: pilot-12-004",
    "index.md: [[pilot-12-007]] 누락",
    "orphan page: pilot-12-007",
    "index.md: [[pilot-12-009-standards-20260913]] 누락",
    "orphan page: pilot-12-009-standards-20260913",
    "index.md: [[pilot-12-010-standards-20260913]] 누락",
    "orphan page: pilot-12-010-standards-20260913",
    "index.md: [[pilot-13-004]] 누락",
    "orphan page: pilot-13-004",
    "index.md: [[pilot-13-005]] 누락",
    "orphan page: pilot-13-005",
    "index.md: [[pilot-13-011-standards-20260913]] 누락",
    "orphan page: pilot-13-011-standards-20260913",
    "index.md: [[pilot-14-003]] 누락",
    "orphan page: pilot-14-003",
    "index.md: [[pilot-14-004]] 누락",
    "orphan page: pilot-14-004",
    "index.md: [[pilot-14-005]] 누락",
    "orphan page: pilot-14-005",
    "index.md: [[pilot-15-004]] 누락",
    "orphan page: pilot-15-004",
    "index.md: [[pilot-15-006-standards-20260913]] 누락",
    "orphan page: pilot-15-006-standards-20260913",
    "index.md: [[pilot-16-001]] 누락",
    "orphan page: pilot-16-001",
    "index.md: [[pilot-16-006]] 누락",
    "orphan page: pilot-16-006",
    "index.md: [[pilot-16-007]] 누락",
    "orphan page: pilot-16-007",
    "index.md: [[pilot-17-001]] 누락",
    "orphan page: pilot-17-001",
    "index.md: [[pilot-18-002]] 누락",
    "orphan page: pilot-18-002",
    "index.md: [[pilot-18-004]] 누락",
    "orphan page: pilot-18-004",
    "questions/draft-standard-additional-20260913-s01.md: 현재 생성 대상에 없는 오래된 생성 문서",
    "questions/draft-standard-additional-20260913-s04.md: 현재 생성 대상에 없는 오래된 생성 문서",
    "questions/draft-standard-expansion-20260913-s01.md: 현재 생성 대상에 없는 오래된 생성 문서",
    "questions/draft-standard-expansion-20260913-s04.md: 현재 생성 대상에 없는 오래된 생성 문서",
    "questions/draft-standard-expansion-20260913-s07.md: 현재 생성 대상에 없는 오래된 생성 문서",
    "questions/draft-standard-followup-20260913-e02.md: 현재 생성 대상에 없는 오래된 생성 문서",
    "questions/draft-standard-followup-20260913-s01.md: 현재 생성 대상에 없는 오래된 생성 문서",
    "questions/draft-standard-gap-20260913-g01.md: 현재 생성 대상에 없는 오래된 생성 문서",
    "questions/draft-standard-gap-20260913-g03.md: 현재 생성 대상에 없는 오래된 생성 문서",
    "questions/draft-standard-gap-20260913-g04.md: 현재 생성 대상에 없는 오래된 생성 문서",
    "questions/draft-standard-gap-20260913-g05.md: 현재 생성 대상에 없는 오래된 생성 문서",
    "questions/draft-standard-gap-20260913-g06.md: 현재 생성 대상에 없는 오래된 생성 문서",
    "questions/draft-standard-gap-20260913-g07.md: 현재 생성 대상에 없는 오래된 생성 문서",
    "questions/draft-standard-gap-20260913-g10.md: 현재 생성 대상에 없는 오래된 생성 문서",
    "questions/draft-standard-priority-20260914-l02.md: 현재 생성 대상에 없는 오래된 생성 문서",
    "questions/draft-standard-priority-20260914-s01.md: 현재 생성 대상에 없는 오래된 생성 문서",
    "questions/draft-standard-priority-20260914-s02.md: 현재 생성 대상에 없는 오래된 생성 문서",
    "questions/draft-standard-priority-20260914-s03.md: 현재 생성 대상에 없는 오래된 생성 문서",
    "questions/pilot-01-001.md: 현재 생성 대상에 없는 오래된 생성 문서",
    "questions/pilot-02-007-standards-20260913.md: 현재 생성 대상에 없는 오래된 생성 문서",
    "questions/pilot-03-001.md: 현재 생성 대상에 없는 오래된 생성 문서",
    "questions/pilot-03-003.md: 현재 생성 대상에 없는 오래된 생성 문서",
    "questions/pilot-04-004.md: 현재 생성 대상에 없는 오래된 생성 문서",
    "questions/pilot-05-007.md: 현재 생성 대상에 없는 오래된 생성 문서",
    "questions/pilot-06-002.md: 현재 생성 대상에 없는 오래된 생성 문서",
    "questions/pilot-06-005.md: 현재 생성 대상에 없는 오래된 생성 문서",
    "questions/pilot-07-004.md: 현재 생성 대상에 없는 오래된 생성 문서",
    "questions/pilot-07-007-standards-20260913.md: 현재 생성 대상에 없는 오래된 생성 문서",
    "questions/pilot-08-008-standards-20260913.md: 현재 생성 대상에 없는 오래된 생성 문서",
    "questions/pilot-09-004.md: 현재 생성 대상에 없는 오래된 생성 문서",
    "questions/pilot-09-005.md: 현재 생성 대상에 없는 오래된 생성 문서",
    "questions/pilot-09-006.md: 현재 생성 대상에 없는 오래된 생성 문서",
    "questions/pilot-10-006-standards-20260913.md: 현재 생성 대상에 없는 오래된 생성 문서",
    "questions/pilot-10-007-standards.md: 현재 생성 대상에 없는 오래된 생성 문서",
    "questions/pilot-11-001.md: 현재 생성 대상에 없는 오래된 생성 문서",
    "questions/pilot-11-003.md: 현재 생성 대상에 없는 오래된 생성 문서",
    "questions/pilot-11-005-input-tests.md: 현재 생성 대상에 없는 오래된 생성 문서",
    "questions/pilot-12-004.md: 현재 생성 대상에 없는 오래된 생성 문서",
    "questions/pilot-12-007.md: 현재 생성 대상에 없는 오래된 생성 문서",
    "questions/pilot-12-009-standards-20260913.md: 현재 생성 대상에 없는 오래된 생성 문서",
    "questions/pilot-12-010-standards-20260913.md: 현재 생성 대상에 없는 오래된 생성 문서",
    "questions/pilot-13-004.md: 현재 생성 대상에 없는 오래된 생성 문서",
    "questions/pilot-13-005.md: 현재 생성 대상에 없는 오래된 생성 문서",
    "questions/pilot-13-011-standards-20260913.md: 현재 생성 대상에 없는 오래된 생성 문서",
    "questions/pilot-14-003.md: 현재 생성 대상에 없는 오래된 생성 문서",
    "questions/pilot-14-004.md: 현재 생성 대상에 없는 오래된 생성 문서",
    "questions/pilot-14-005.md: 현재 생성 대상에 없는 오래된 생성 문서",
    "questions/pilot-15-004.md: 현재 생성 대상에 없는 오래된 생성 문서",
    "questions/pilot-15-006-standards-20260913.md: 현재 생성 대상에 없는 오래된 생성 문서",
    "questions/pilot-16-001.md: 현재 생성 대상에 없는 오래된 생성 문서",
    "questions/pilot-16-006.md: 현재 생성 대상에 없는 오래된 생성 문서",
    "questions/pilot-16-007.md: 현재 생성 대상에 없는 오래된 생성 문서",
    "questions/pilot-17-001.md: 현재 생성 대상에 없는 오래된 생성 문서",
    "questions/pilot-18-002.md: 현재 생성 대상에 없는 오래된 생성 문서",
    "questions/pilot-18-004.md: 현재 생성 대상에 없는 오래된 생성 문서"
  ],
  "warnings": [
    "concepts/audit-evidence-assertions.md: 220줄, 분할 검토 권장",
    "concepts/completion-subsequent-events-going-concern.md: 223줄, 분할 검토 권장",
    "concepts/fraud-laws-governance-communication.md: 242줄, 분할 검토 권장",
    "concepts/inventory-litigation-confirmations-opening-balances.md: 211줄, 분할 검토 권장",
    "concepts/planning-documentation-materiality.md: 202줄, 분할 검토 권장",
    "log.md: 297줄, 분할 검토 권장",
    "questions/draft-standard-expansion-20260913-e01.md: 201줄, 분할 검토 권장",
    "questions/pilot-09-010.md: 207줄, 분할 검토 권장",
    "questions/pilot-17-006.md: 202줄, 분할 검토 권장"
  ],
  "drift": [
    {
      "file": "questions/draft-standard-additional-20260913-s01.md",
      "kind": "extra"
    },
    {
      "file": "questions/draft-standard-additional-20260913-s04.md",
      "kind": "extra"
    },
    {
      "file": "questions/draft-standard-expansion-20260913-s01.md",
      "kind": "extra"
    },
    {
      "file": "questions/draft-standard-expansion-20260913-s04.md",
      "kind": "extra"
    },
    {
      "file": "questions/draft-standard-expansion-20260913-s07.md",
      "kind": "extra"
    },
    {
      "file": "questions/draft-standard-followup-20260913-e02.md",
      "kind": "extra"
    },
    {
      "file": "questions/draft-standard-followup-20260913-s01.md",
      "kind": "extra"
    },
    {
      "file": "questions/draft-standard-gap-20260913-g01.md",
      "kind": "extra"
    },
    {
      "file": "questions/draft-standard-gap-20260913-g03.md",
      "kind": "extra"
    },
    {
      "file": "questions/draft-standard-gap-20260913-g04.md",
      "kind": "extra"
    },
    {
      "file": "questions/draft-standard-gap-20260913-g05.md",
      "kind": "extra"
    },
    {
      "file": "questions/draft-standard-gap-20260913-g06.md",
      "kind": "extra"
    },
    {
      "file": "questions/draft-standard-gap-20260913-g07.md",
      "kind": "extra"
    },
    {
      "file": "questions/draft-standard-gap-20260913-g10.md",
      "kind": "extra"
    },
    {
      "file": "questions/draft-standard-priority-20260914-l02.md",
      "kind": "extra"
    },
    {
      "file": "questions/draft-standard-priority-20260914-s01.md",
      "kind": "extra"
    },
    {
      "file": "questions/draft-standard-priority-20260914-s02.md",
      "kind": "extra"
    },
    {
      "file": "questions/draft-standard-priority-20260914-s03.md",
      "kind": "extra"
    },
    {
      "file": "questions/pilot-01-001.md",
      "kind": "extra"
    },
    {
      "file": "questions/pilot-02-007-standards-20260913.md",
      "kind": "extra"
    },
    {
      "file": "questions/pilot-03-001.md",
      "kind": "extra"
    },
    {
      "file": "questions/pilot-03-003.md",
      "kind": "extra"
    },
    {
      "file": "questions/pilot-04-004.md",
      "kind": "extra"
    },
    {
      "file": "questions/pilot-05-007.md",
      "kind": "extra"
    },
    {
      "file": "questions/pilot-06-002.md",
      "kind": "extra"
    },
    {
      "file": "questions/pilot-06-005.md",
      "kind": "extra"
    },
    {
      "file": "questions/pilot-07-004.md",
      "kind": "extra"
    },
    {
      "file": "questions/pilot-07-007-standards-20260913.md",
      "kind": "extra"
    },
    {
      "file": "questions/pilot-08-008-standards-20260913.md",
      "kind": "extra"
    },
    {
      "file": "questions/pilot-09-004.md",
      "kind": "extra"
    },
    {
      "file": "questions/pilot-09-005.md",
      "kind": "extra"
    },
    {
      "file": "questions/pilot-09-006.md",
      "kind": "extra"
    },
    {
      "file": "questions/pilot-10-006-standards-20260913.md",
      "kind": "extra"
    },
    {
      "file": "questions/pilot-10-007-standards.md",
      "kind": "extra"
    },
    {
      "file": "questions/pilot-11-001.md",
      "kind": "extra"
    },
    {
      "file": "questions/pilot-11-003.md",
      "kind": "extra"
    },
    {
      "file": "questions/pilot-11-005-input-tests.md",
      "kind": "extra"
    },
    {
      "file": "questions/pilot-12-004.md",
      "kind": "extra"
    },
    {
      "file": "questions/pilot-12-007.md",
      "kind": "extra"
    },
    {
      "file": "questions/pilot-12-009-standards-20260913.md",
      "kind": "extra"
    },
    {
      "file": "questions/pilot-12-010-standards-20260913.md",
      "kind": "extra"
    },
    {
      "file": "questions/pilot-13-004.md",
      "kind": "extra"
    },
    {
      "file": "questions/pilot-13-005.md",
      "kind": "extra"
    },
    {
      "file": "questions/pilot-13-011-standards-20260913.md",
      "kind": "extra"
    },
    {
      "file": "questions/pilot-14-003.md",
      "kind": "extra"
    },
    {
      "file": "questions/pilot-14-004.md",
      "kind": "extra"
    },
    {
      "file": "questions/pilot-14-005.md",
      "kind": "extra"
    },
    {
      "file": "questions/pilot-15-004.md",
      "kind": "extra"
    },
    {
      "file": "questions/pilot-15-006-standards-20260913.md",
      "kind": "extra"
    },
    {
      "file": "questions/pilot-16-001.md",
      "kind": "extra"
    },
    {
      "file": "questions/pilot-16-006.md",
      "kind": "extra"
    },
    {
      "file": "questions/pilot-16-007.md",
      "kind": "extra"
    },
    {
      "file": "questions/pilot-17-001.md",
      "kind": "extra"
    },
    {
      "file": "questions/pilot-18-002.md",
      "kind": "extra"
    },
    {
      "file": "questions/pilot-18-004.md",
      "kind": "extra"
    }
  ],
  "sourceNavigation": {
    "expectedLinks": 151,
    "actualLinks": 151,
    "topics": 19,
    "errors": []
  },
  "generatedPages": 535,
  "summary": {
    "wikiDir": "C:\\Users\\cntrl\\Workspace\\study\\audit_say\\cpa_uploader\\wiki",
    "topics": 19,
    "questionSets": 363,
    "subquestions": 528,
    "criteria": 1831,
    "requirements": 1385,
    "sourceFiles": 63,
    "sourceUnits": 7849,
    "sourceCatalogPages": 145,
    "sourceNavigationLinks": 151,
    "contentPages": 559
  }
}
