{
  "checked_at": "2026-09-14T10:56:26.195Z",
  "source_file_hash": "e325ff1e5258e9aaae323f48c5ffb69d5234937194ae2a532f253237f08b2ee7",
  "bank_content_hash": "6e30bfa2dcd51558429d7e29216b57450a81dfdd9463a0324e87a51535e7594b",
  "public_content_hash": "854e947faffecc823da8d48e524b5013a15b4f457f7568eb9343d66f3ed03cd0",
  "set_count": 375,
  "subquestion_count": 564,
  "criterion_count": 1907,
  "max_points": 1907,
  "ready": true,
  "errors": [],
  "source_hash_mismatches": [],
  "content_review_performed": true,
  "full_bank_validation": {
    "exit_code": 0,
    "signal": null,
    "elapsed_ms": 115103,
    "error_code": null
  },
  "report_path": "C:\\Users\\cntrl\\Workspace\\study\\audit_say\\cpa_uploader\\analysis\\reviews\\standard-new-verification-2026-09-14\\fix-v4\\publication-v1\\stage\\db-readiness.json"
}
읽기 전용 검증 완료. --apply 없이는 DB를 변경하지 않습니다.
