pilot-05-003: 직렬화 의미검수 입력 291655자
pilot-05-003/5c2cf69e380b4f0fbee43a3cc91f003e420b49435c704d17ea7c5efff5ba886c: 사례 채점 일치
pilot-05-003/7e9254c9404956c19da625cd615bbfbe4f17c0c2eb1651b0c0c1c30bbc44c0da: 사례 채점 일치
pilot-05-003/d52a9debf453823b8f019880012ab71f6fee1d5fb1c51488aefc95a8f442ecd0: 사례 채점 일치
pilot-05-003/f850297d729fe1715fb76b549eb29349259769e8f23dcc7723448afc90daab71: 사례 채점 일치
pilot-05-003/d9b2a092785f67ceda097f99c5d6c24bac47ca64091e63078025215810547d0c: 사례 채점 일치
pilot-05-003/b352eb90a9309ca38125fdc80572c753abda4289bf7eb7f9352466e9934ec00f: 사례 채점 일치
pilot-05-003/5b7a97c1ccc331c16cf23ce421491f9adf2c536e3cbc8cbf6171b9e0df31ea73: 사례 채점 일치
pilot-05-003/dd186422168a07b78358f96bf2ff1f3622d99aeb38579e4b3b53c05b894befe8: 사례 채점 일치
pilot-05-003/cdff68bc24af9ee2d0ab6fa9c569dbcf0424b01fb33e75124c667988ae85e6df: 사례 채점 불일치
pilot-05-003/2699591a23d3c623f67a1713ffb7e25a7ed89aab52bfa9c00bb113ce0c1d8e8d: 사례 채점 일치
pilot-05-003/5de366da151a1b884bdb96a0d721b071d363f3f1d3eb1b73f62f07336ee2da51: 사례 채점 일치
pilot-05-003/c0163c21133688661e30a58da06f22a6099cfe82ae0f7d9e3a7b17883286a886: 사례 채점 일치
pilot-05-003/430d7ffacdac7ae6f5a2ab8de0bb727d044cd14bcb1bf12bcc28378b01853205: 사례 채점 일치
pilot-05-003/659bb6dd132a24255cd28d67a4095d437e43de5b92df3f2ebbeac8e67abd1dc2: 사례 채점 일치
pilot-05-003/b40078980a3a2bf5567580a1d60623cbe18764b00286cca7913c0bcff90cc2cf: 사례 채점 일치
pilot-05-003/209cc91a8c562f8f6b99d71d2cf1b2042f26d804705cfef60832b1ddf8ab25f5: 사례 채점 일치
pilot-05-003/325c26c219fd77725e1f43138b479a4c885cf39fe6a42a0e50c3b81f036aa6d7: 사례 채점 일치
pilot-05-003/99929bcca95ff5fdd500b6ebcaec94c182c138f39043c5dc81fe6b1e9b8b7c9a: 사례 채점 일치
pilot-05-003/64ef986a74a673b53545393e6fa9189ac21956fd861756b1dd552e0f87ce3ca3: 사례 채점 일치
pilot-05-003/88216050ed6ca990079d17868d2dde9ec7c3b8aa0a734b49333ea7d6257d18bb: 사례 채점 일치
pilot-05-003/2ad45f026177ce516c3ff1b8777d8ec5f2c82c4bfbaeb0745d090a6ee9466149: 사례 채점 일치
pilot-05-003/bb9f679523951b62d7307775722cb99421fcf9dc7414bae2972f6de075bb1a86: 사례 채점 일치
pilot-05-003/4f1b40de26bb43c801c0d9c31807bf7c31842035bfae7170978dfc00e0a5d454: 사례 채점 일치
pilot-05-003/784f240aa2edd0be85afd30ce6bd50abe5ef52ccb8e34a09ea6d7846e3d49d14: 사례 채점 일치
pilot-05-003/d291565be03a67fa7ee9e75bd4e927711e44de2799f7d933dc174bfdf9b55879: 사례 채점 일치
pilot-05-003/6b2a6c59aca474e8d33c4866c86e4de60dd3906ceadc3ab791d5c2cb483cd5f3: 사례 채점 일치
pilot-05-003/fd3ada98d1d850f3a12c585fde47b627922fceb204e0f8ef87ae3fe67615f7a4: 사례 채점 일치
pilot-05-003/68d21670897015892821ebb02f8cd40641239febca5d81ecdfbfff9d36c77eb7: 사례 채점 일치
pilot-05-003/75f882ace3dd0af996d54c8babed8a4bcd1a7ef393bc4f8611ab1b23ffc49bbc: 사례 채점 일치
pilot-05-003/f8ab3fe70653fe93f3bb71b0e8d0fc38857cb91bd7063883afc7b479ccc53aa4: 사례 채점 일치
pilot-05-003/a810a9dfbe1391dcbece9ea83728f5de86fd85cd7641d78d1092a9d1ca569030: 사례 채점 일치
pilot-05-003/f0cc377997aa623e163e0e842e204be588429e0caf2b28447197cba86f0b5f3a: 사례 채점 일치
pilot-05-003/fd849e5ad0cb74c7285f682fa9d40782ebfb1cc1a0ad1e08237a4498bd9fbc80: 사례 채점 일치
pilot-05-003/170cadd09df140b7a86f1f11f8060effd7940f5467e72a2a152c0fc52ae59b76: 사례 채점 일치
pilot-05-003/5ca3570a5a21e5c72fa6b08fc762567b11316f778619722cb6446036381b8250: 사례 채점 일치
pilot-05-003/6dbb4a62bbfc1677832684e73011ab73f37f545c36c2267fc63bd55db5e70384: 사례 채점 일치
pilot-05-003/e32f844b979d4468d8a05125c5a7016b3b67fad579984c2e163eb9925189559c: 사례 채점 일치
pilot-05-003/63eef667060b630b412179b58db8152676b0178d217038f52974fb3b76773678: 사례 채점 일치
pilot-05-003/empty-answer: 사례 채점 일치
의미검수 산출물: C:\Users\cntrl\Workspace\study\audit_say\cpa_uploader\analysis\reviews\point-review-and-publication-2026-09-11\execution-resumes\resume-2026-09-12-v4\canary\grading-b\pilot-05-003\grading.json (pilot-05-003=pass)
문항 상태는 변경하지 않았습니다. pass도 사람의 실제 검수 근거와 별도 verified/published 승급이 필요합니다.
