{
  "output": "C:\\Users\\cntrl\\Workspace\\study\\audit_say\\cpa_uploader\\analysis\\reviews\\case-review-2026-09-15\\publication-r33-r40\\db-import\\publication-v1\\verification.json",
  "status": "passed",
  "expected": {
    "sets": 343,
    "questions": 473,
    "criteria": 1753,
    "points": 1753,
    "standard_questions": 371,
    "case_questions": 102,
    "case_parents": 36,
    "learning_units": 407,
    "topic_links": 625,
    "topics": 19
  },
  "failures": [],
  "requests": 347,
  "remote_write_queries": 0,
  "model_api_calls": 0
}
