{"entry":"std-points-20260914-e273557f8513--sub2--model","reused":true,"actual_sdk_calls":0,"original_actual_sdk_calls":1,"strict_matched":true,"within_tolerance":true}
{"entry":"std-points-20260914-e273557f8513--sub2--partial","reused":true,"actual_sdk_calls":0,"original_actual_sdk_calls":1,"strict_matched":true,"within_tolerance":true}
{"entry":"std-points-20260914-e273557f8513--sub2--wrong","reused":true,"actual_sdk_calls":0,"original_actual_sdk_calls":1,"strict_matched":false,"within_tolerance":true}
{"entry":"std-points-20260914-a8aa6a2588c8--sub2--model","reused":true,"actual_sdk_calls":0,"original_actual_sdk_calls":1,"strict_matched":true,"within_tolerance":true}
{"entry":"std-points-20260914-a8aa6a2588c8--sub2--partial","reused":true,"actual_sdk_calls":0,"original_actual_sdk_calls":1,"strict_matched":true,"within_tolerance":true}
{"entry":"std-points-20260914-a8aa6a2588c8--sub2--wrong","reused":true,"actual_sdk_calls":0,"original_actual_sdk_calls":1,"strict_matched":false,"within_tolerance":true}
{"entry":"std-points-20260914-25fc1cfdd6e9--sub1--model","reused":true,"actual_sdk_calls":0,"original_actual_sdk_calls":1,"strict_matched":true,"within_tolerance":true}
{"entry":"std-points-20260914-25fc1cfdd6e9--sub1--partial","reused":true,"actual_sdk_calls":0,"original_actual_sdk_calls":1,"strict_matched":true,"within_tolerance":true}
{"entry":"std-points-20260914-25fc1cfdd6e9--sub1--wrong","reused":true,"actual_sdk_calls":0,"original_actual_sdk_calls":1,"strict_matched":false,"within_tolerance":true}
{"entry":"std-points-20260914-d21b9c45cdb8--sub2--model","reused":true,"actual_sdk_calls":0,"original_actual_sdk_calls":1,"strict_matched":true,"within_tolerance":true}
{"entry":"std-points-20260914-d21b9c45cdb8--sub2--partial","reused":true,"actual_sdk_calls":0,"original_actual_sdk_calls":1,"strict_matched":true,"within_tolerance":true}
{"entry":"std-points-20260914-d21b9c45cdb8--sub2--wrong","reused":true,"actual_sdk_calls":0,"original_actual_sdk_calls":1,"strict_matched":false,"within_tolerance":true}
{"entry":"std-points-20260914-cd4c5fa077a8--sub1--model","reused":true,"actual_sdk_calls":0,"original_actual_sdk_calls":1,"strict_matched":true,"within_tolerance":true}
{"entry":"std-points-20260914-cd4c5fa077a8--sub1--partial","reused":true,"actual_sdk_calls":0,"original_actual_sdk_calls":1,"strict_matched":true,"within_tolerance":true}
{"entry":"std-points-20260914-cd4c5fa077a8--sub1--wrong","reused":true,"actual_sdk_calls":0,"original_actual_sdk_calls":1,"strict_matched":false,"within_tolerance":true}
{"entry":"std-points-20260914-cdd18f0167e1--sub1--model","reused":true,"actual_sdk_calls":0,"original_actual_sdk_calls":1,"strict_matched":true,"within_tolerance":true}
{"entry":"std-points-20260914-cdd18f0167e1--sub1--partial","reused":true,"actual_sdk_calls":0,"original_actual_sdk_calls":1,"strict_matched":true,"within_tolerance":true}
{"entry":"std-points-20260914-cdd18f0167e1--sub1--wrong","reused":true,"actual_sdk_calls":0,"original_actual_sdk_calls":1,"strict_matched":false,"within_tolerance":true}
{"entry":"std-points-20260914-4001655b8b5b--sub3--model","reused":true,"actual_sdk_calls":0,"original_actual_sdk_calls":1,"strict_matched":true,"within_tolerance":true}
{"entry":"std-points-20260914-4001655b8b5b--sub3--partial","reused":true,"actual_sdk_calls":0,"original_actual_sdk_calls":1,"strict_matched":true,"within_tolerance":true}
{"entry":"std-points-20260914-4001655b8b5b--sub3--wrong","reused":true,"actual_sdk_calls":0,"original_actual_sdk_calls":1,"strict_matched":false,"within_tolerance":true}
{"entry":"std-points-20260914-cafdf69bad88--sub1--model","reused":true,"actual_sdk_calls":0,"original_actual_sdk_calls":1,"strict_matched":true,"within_tolerance":true}
{"entry":"std-points-20260914-cafdf69bad88--sub1--partial","reused":true,"actual_sdk_calls":0,"original_actual_sdk_calls":1,"strict_matched":true,"within_tolerance":true}
{"entry":"std-points-20260914-cafdf69bad88--sub1--wrong","reused":true,"actual_sdk_calls":0,"original_actual_sdk_calls":1,"strict_matched":false,"within_tolerance":true}
{"entry":"std-points-20260914-e200ab1e2614--sub1--model","reused":true,"actual_sdk_calls":0,"original_actual_sdk_calls":1,"strict_matched":true,"within_tolerance":true}
{"entry":"std-points-20260914-e200ab1e2614--sub1--partial","reused":true,"actual_sdk_calls":0,"original_actual_sdk_calls":1,"strict_matched":true,"within_tolerance":true}
{"entry":"std-points-20260914-e200ab1e2614--sub1--wrong","reused":true,"actual_sdk_calls":0,"original_actual_sdk_calls":1,"strict_matched":false,"within_tolerance":true}
{"entry":"std-points-20260914-a6ab16588b96--sub2--model","reused":true,"actual_sdk_calls":0,"original_actual_sdk_calls":1,"strict_matched":true,"within_tolerance":true}
{"entry":"std-points-20260914-a6ab16588b96--sub2--partial","reused":true,"actual_sdk_calls":0,"original_actual_sdk_calls":1,"strict_matched":true,"within_tolerance":true}
{"entry":"std-points-20260914-a6ab16588b96--sub2--wrong","reused":true,"actual_sdk_calls":0,"original_actual_sdk_calls":1,"strict_matched":true,"within_tolerance":true}
{"entry":"std-points-20260914-b10e300423f0--sub3--model","reused":true,"actual_sdk_calls":0,"original_actual_sdk_calls":1,"strict_matched":false,"within_tolerance":true}
{"entry":"std-points-20260914-b10e300423f0--sub3--partial","reused":true,"actual_sdk_calls":0,"original_actual_sdk_calls":1,"strict_matched":false,"within_tolerance":true}
{"entry":"std-points-20260914-b10e300423f0--sub3--wrong","reused":true,"actual_sdk_calls":0,"original_actual_sdk_calls":1,"strict_matched":false,"within_tolerance":true}
{"entry":"std-points-20260914-d22c23444c4b--sub1--model","reused":true,"actual_sdk_calls":0,"original_actual_sdk_calls":1,"strict_matched":true,"within_tolerance":true}
{"entry":"std-points-20260914-d22c23444c4b--sub1--partial","reused":true,"actual_sdk_calls":0,"original_actual_sdk_calls":1,"strict_matched":true,"within_tolerance":true}
{"entry":"std-points-20260914-d22c23444c4b--sub1--wrong","reused":true,"actual_sdk_calls":0,"original_actual_sdk_calls":1,"strict_matched":false,"within_tolerance":true}
{"entry":"std-points-20260914-7e1091f2c13f--sub1--model","reused":true,"actual_sdk_calls":0,"original_actual_sdk_calls":1,"strict_matched":true,"within_tolerance":true}
{"entry":"std-points-20260914-7e1091f2c13f--sub1--partial","reused":true,"actual_sdk_calls":0,"original_actual_sdk_calls":1,"strict_matched":true,"within_tolerance":true}
{"entry":"std-points-20260914-7e1091f2c13f--sub1--wrong","reused":true,"actual_sdk_calls":0,"original_actual_sdk_calls":1,"strict_matched":false,"within_tolerance":true}
{"entry":"std-points-20260914-d1153a74ea69--sub1--model","reused":true,"actual_sdk_calls":0,"original_actual_sdk_calls":1,"strict_matched":true,"within_tolerance":true}
{"entry":"std-points-20260914-d1153a74ea69--sub1--partial","reused":true,"actual_sdk_calls":0,"original_actual_sdk_calls":1,"strict_matched":true,"within_tolerance":true}
{"entry":"std-points-20260914-d1153a74ea69--sub1--wrong","reused":true,"actual_sdk_calls":0,"original_actual_sdk_calls":1,"strict_matched":false,"within_tolerance":true}
{"entry":"std-points-20260914-2089042a4b32--sub3--model","reused":true,"actual_sdk_calls":0,"original_actual_sdk_calls":1,"strict_matched":false,"within_tolerance":true}
{"entry":"std-points-20260914-2089042a4b32--sub3--partial","reused":true,"actual_sdk_calls":0,"original_actual_sdk_calls":1,"strict_matched":true,"within_tolerance":true}
{"entry":"std-points-20260914-2089042a4b32--sub3--wrong","reused":true,"actual_sdk_calls":0,"original_actual_sdk_calls":1,"strict_matched":false,"within_tolerance":true}
{"entry":"std-points-20260914-8e18d1382e6d--sub1--model","reused":true,"actual_sdk_calls":0,"original_actual_sdk_calls":1,"strict_matched":true,"within_tolerance":true}
{"entry":"std-points-20260914-8e18d1382e6d--sub1--partial","reused":true,"actual_sdk_calls":0,"original_actual_sdk_calls":1,"strict_matched":true,"within_tolerance":true}
{"entry":"std-points-20260914-8e18d1382e6d--sub1--wrong","reused":true,"actual_sdk_calls":0,"original_actual_sdk_calls":1,"strict_matched":false,"within_tolerance":true}
{"entry":"std-points-20260914-5f4d82b01b64--sub2--model","reused":true,"actual_sdk_calls":0,"original_actual_sdk_calls":1,"strict_matched":true,"within_tolerance":true}
{"entry":"std-points-20260914-5f4d82b01b64--sub2--partial","reused":true,"actual_sdk_calls":0,"original_actual_sdk_calls":1,"strict_matched":true,"within_tolerance":true}
{"entry":"std-points-20260914-5f4d82b01b64--sub2--wrong","reused":true,"actual_sdk_calls":0,"original_actual_sdk_calls":1,"strict_matched":false,"within_tolerance":true}
{"entry":"std-points-20260914-e0f4e9e0403a--sub2--model","reused":true,"actual_sdk_calls":0,"original_actual_sdk_calls":1,"strict_matched":true,"within_tolerance":true}
{"entry":"std-points-20260914-e0f4e9e0403a--sub2--partial","reused":true,"actual_sdk_calls":0,"original_actual_sdk_calls":1,"strict_matched":true,"within_tolerance":true}
{"entry":"std-points-20260914-e0f4e9e0403a--sub2--wrong","reused":true,"actual_sdk_calls":0,"original_actual_sdk_calls":1,"strict_matched":false,"within_tolerance":true}
{"entry":"std-points-20260914-0150aa4db4f4--sub1--model","reused":true,"actual_sdk_calls":0,"original_actual_sdk_calls":1,"strict_matched":true,"within_tolerance":true}
{"entry":"std-points-20260914-0150aa4db4f4--sub1--partial","reused":true,"actual_sdk_calls":0,"original_actual_sdk_calls":1,"strict_matched":true,"within_tolerance":true}
{"entry":"std-points-20260914-0150aa4db4f4--sub1--wrong","reused":true,"actual_sdk_calls":0,"original_actual_sdk_calls":1,"strict_matched":true,"within_tolerance":true}
{"entry":"std-points-20260914-17c71aee6d2b--sub2--model","reused":true,"actual_sdk_calls":0,"original_actual_sdk_calls":1,"strict_matched":true,"within_tolerance":true}
{"entry":"std-points-20260914-17c71aee6d2b--sub2--partial","reused":true,"actual_sdk_calls":0,"original_actual_sdk_calls":1,"strict_matched":false,"within_tolerance":false}
{"entry":"std-points-20260914-17c71aee6d2b--sub2--wrong","reused":true,"actual_sdk_calls":0,"original_actual_sdk_calls":1,"strict_matched":false,"within_tolerance":true}
{"entry":"std-points-20260914-a8c1931d1cec--sub2--model","reused":true,"actual_sdk_calls":0,"original_actual_sdk_calls":1,"strict_matched":false,"within_tolerance":true}
{"entry":"std-points-20260914-a8c1931d1cec--sub2--partial","reused":true,"actual_sdk_calls":0,"original_actual_sdk_calls":1,"strict_matched":false,"within_tolerance":true}
{"entry":"std-points-20260914-a8c1931d1cec--sub2--wrong","reused":true,"actual_sdk_calls":0,"original_actual_sdk_calls":1,"strict_matched":false,"within_tolerance":true}
{"entry":"std-points-20260914-e615676c4f59--sub2--model","reused":true,"actual_sdk_calls":0,"original_actual_sdk_calls":1,"strict_matched":true,"within_tolerance":true}
{"entry":"std-points-20260914-e615676c4f59--sub2--partial","reused":true,"actual_sdk_calls":0,"original_actual_sdk_calls":1,"strict_matched":true,"within_tolerance":true}
{"entry":"std-points-20260914-e615676c4f59--sub2--wrong","reused":true,"actual_sdk_calls":0,"original_actual_sdk_calls":1,"strict_matched":false,"within_tolerance":true}
{"entry":"std-points-20260914-a2dcdc9faa17--sub1--model","reused":true,"actual_sdk_calls":0,"original_actual_sdk_calls":1,"strict_matched":true,"within_tolerance":true}
{"entry":"std-points-20260914-a2dcdc9faa17--sub1--partial","reused":true,"actual_sdk_calls":0,"original_actual_sdk_calls":1,"strict_matched":true,"within_tolerance":true}
{"entry":"std-points-20260914-a2dcdc9faa17--sub1--wrong","reused":true,"actual_sdk_calls":0,"original_actual_sdk_calls":1,"strict_matched":false,"within_tolerance":true}
{"entry":"std-points-20260914-a11d5f35f990--sub1--model","reused":true,"actual_sdk_calls":0,"original_actual_sdk_calls":1,"strict_matched":true,"within_tolerance":true}
{"entry":"std-points-20260914-a11d5f35f990--sub1--partial","reused":true,"actual_sdk_calls":0,"original_actual_sdk_calls":1,"strict_matched":true,"within_tolerance":true}
{"entry":"std-points-20260914-a11d5f35f990--sub1--wrong","reused":true,"actual_sdk_calls":0,"original_actual_sdk_calls":1,"strict_matched":false,"within_tolerance":true}
{"entry":"std-points-20260914-01449b4b68f4--sub2--model","reused":true,"actual_sdk_calls":0,"original_actual_sdk_calls":1,"strict_matched":true,"within_tolerance":true}
{"entry":"std-points-20260914-01449b4b68f4--sub2--partial","reused":true,"actual_sdk_calls":0,"original_actual_sdk_calls":1,"strict_matched":true,"within_tolerance":true}
{"entry":"std-points-20260914-01449b4b68f4--sub2--wrong","reused":true,"actual_sdk_calls":0,"original_actual_sdk_calls":1,"strict_matched":false,"within_tolerance":true}
{"entry":"std-points-20260914-6a655c002ee6--sub2--model","reused":true,"actual_sdk_calls":0,"original_actual_sdk_calls":1,"strict_matched":true,"within_tolerance":true}
{"entry":"std-points-20260914-6a655c002ee6--sub2--partial","reused":true,"actual_sdk_calls":0,"original_actual_sdk_calls":1,"strict_matched":true,"within_tolerance":true}
{"entry":"std-points-20260914-6a655c002ee6--sub2--wrong","reused":true,"actual_sdk_calls":0,"original_actual_sdk_calls":1,"strict_matched":false,"within_tolerance":true}
{"entry":"std-points-20260914-833efb09c6d9--sub4--model","reused":true,"actual_sdk_calls":0,"original_actual_sdk_calls":1,"strict_matched":true,"within_tolerance":true}
{"entry":"std-points-20260914-833efb09c6d9--sub4--partial","reused":true,"actual_sdk_calls":0,"original_actual_sdk_calls":1,"strict_matched":true,"within_tolerance":true}
{"entry":"std-points-20260914-833efb09c6d9--sub4--wrong","reused":true,"actual_sdk_calls":0,"original_actual_sdk_calls":1,"strict_matched":false,"within_tolerance":true}
{"entry":"std-points-20260914-82e96243c6aa--sub1--model","reused":true,"actual_sdk_calls":0,"original_actual_sdk_calls":1,"strict_matched":true,"within_tolerance":true}
{"entry":"std-points-20260914-82e96243c6aa--sub1--partial","reused":true,"actual_sdk_calls":0,"original_actual_sdk_calls":1,"strict_matched":true,"within_tolerance":true}
{"entry":"std-points-20260914-82e96243c6aa--sub1--wrong","reused":true,"actual_sdk_calls":0,"original_actual_sdk_calls":1,"strict_matched":false,"within_tolerance":true}
{"entry":"std-points-20260914-0f1600bf31cf--sub1--model","reused":true,"actual_sdk_calls":0,"original_actual_sdk_calls":1,"strict_matched":true,"within_tolerance":true}
{"entry":"std-points-20260914-0f1600bf31cf--sub1--partial","reused":true,"actual_sdk_calls":0,"original_actual_sdk_calls":1,"strict_matched":true,"within_tolerance":true}
{"entry":"std-points-20260914-0f1600bf31cf--sub1--wrong","reused":true,"actual_sdk_calls":0,"original_actual_sdk_calls":1,"strict_matched":false,"within_tolerance":true}
{"entry":"std-points-20260914-74ee4919bc3f--sub2--model","reused":true,"actual_sdk_calls":0,"original_actual_sdk_calls":1,"strict_matched":true,"within_tolerance":true}
{"entry":"std-points-20260914-74ee4919bc3f--sub2--partial","reused":true,"actual_sdk_calls":0,"original_actual_sdk_calls":1,"strict_matched":true,"within_tolerance":true}
{"entry":"std-points-20260914-74ee4919bc3f--sub2--wrong","reused":true,"actual_sdk_calls":0,"original_actual_sdk_calls":1,"strict_matched":true,"within_tolerance":true}
{"entry":"std-points-20260914-79485430d317--sub2--model","reused":true,"actual_sdk_calls":0,"original_actual_sdk_calls":1,"strict_matched":true,"within_tolerance":true}
{"entry":"std-points-20260914-79485430d317--sub2--partial","reused":true,"actual_sdk_calls":0,"original_actual_sdk_calls":1,"strict_matched":true,"within_tolerance":true}
{"entry":"std-points-20260914-79485430d317--sub2--wrong","reused":true,"actual_sdk_calls":0,"original_actual_sdk_calls":1,"strict_matched":true,"within_tolerance":true}
{"entry":"std-points-20260914-8f1e15100ee9--sub1--model","reused":true,"actual_sdk_calls":0,"original_actual_sdk_calls":1,"strict_matched":true,"within_tolerance":true}
{"entry":"std-points-20260914-8f1e15100ee9--sub1--partial","reused":true,"actual_sdk_calls":0,"original_actual_sdk_calls":1,"strict_matched":true,"within_tolerance":true}
{"entry":"std-points-20260914-8f1e15100ee9--sub1--wrong","reused":true,"actual_sdk_calls":0,"original_actual_sdk_calls":1,"strict_matched":false,"within_tolerance":true}
{"entry":"std-points-20260914-4906e3107ecd--sub1--model","reused":true,"actual_sdk_calls":0,"original_actual_sdk_calls":1,"strict_matched":true,"within_tolerance":true}
{"entry":"std-points-20260914-4906e3107ecd--sub1--partial","reused":true,"actual_sdk_calls":0,"original_actual_sdk_calls":1,"strict_matched":true,"within_tolerance":true}
{"entry":"std-points-20260914-4906e3107ecd--sub1--wrong","reused":true,"actual_sdk_calls":0,"original_actual_sdk_calls":1,"strict_matched":false,"within_tolerance":true}
{"entry":"std-points-20260914-51fe85636c72--sub1--model","reused":true,"actual_sdk_calls":0,"original_actual_sdk_calls":1,"strict_matched":true,"within_tolerance":true}
{"entry":"std-points-20260914-51fe85636c72--sub1--partial","reused":true,"actual_sdk_calls":0,"original_actual_sdk_calls":1,"strict_matched":true,"within_tolerance":true}
{"entry":"std-points-20260914-51fe85636c72--sub1--wrong","reused":true,"actual_sdk_calls":0,"original_actual_sdk_calls":1,"strict_matched":false,"within_tolerance":true}
{"entry":"std-points-20260914-3b3b455f1598--sub1--model","reused":true,"actual_sdk_calls":0,"original_actual_sdk_calls":1,"strict_matched":true,"within_tolerance":true}
{"entry":"std-points-20260914-3b3b455f1598--sub1--partial","reused":true,"actual_sdk_calls":0,"original_actual_sdk_calls":1,"strict_matched":true,"within_tolerance":true}
{"entry":"std-points-20260914-3b3b455f1598--sub1--wrong","reused":true,"actual_sdk_calls":0,"original_actual_sdk_calls":1,"strict_matched":false,"within_tolerance":true}
{"entry":"std-points-20260914-ed784dc766cd--sub2--model","reused":true,"actual_sdk_calls":0,"original_actual_sdk_calls":1,"strict_matched":true,"within_tolerance":true}
{"entry":"std-points-20260914-ed784dc766cd--sub2--partial","reused":true,"actual_sdk_calls":0,"original_actual_sdk_calls":1,"strict_matched":true,"within_tolerance":true}
{"entry":"std-points-20260914-ed784dc766cd--sub2--wrong","reused":true,"actual_sdk_calls":0,"original_actual_sdk_calls":1,"strict_matched":false,"within_tolerance":true}
{"entry":"std-points-20260914-553c373f5e2b--sub2--model","reused":true,"actual_sdk_calls":0,"original_actual_sdk_calls":1,"strict_matched":true,"within_tolerance":true}
{"entry":"std-points-20260914-553c373f5e2b--sub2--partial","reused":true,"actual_sdk_calls":0,"original_actual_sdk_calls":1,"strict_matched":true,"within_tolerance":true}
{"entry":"std-points-20260914-553c373f5e2b--sub2--wrong","reused":true,"actual_sdk_calls":0,"original_actual_sdk_calls":1,"strict_matched":false,"within_tolerance":true}
{"entry":"std-points-20260914-a76ead6fb70b--sub2--model","reused":true,"actual_sdk_calls":0,"original_actual_sdk_calls":1,"strict_matched":true,"within_tolerance":true}
{"entry":"std-points-20260914-a76ead6fb70b--sub2--partial","reused":true,"actual_sdk_calls":0,"original_actual_sdk_calls":1,"strict_matched":true,"within_tolerance":true}
{"entry":"std-points-20260914-a76ead6fb70b--sub2--wrong","reused":true,"actual_sdk_calls":0,"original_actual_sdk_calls":1,"strict_matched":false,"within_tolerance":true}
{"entry":"std-points-20260914-1308920f64f6--sub1--model","reused":true,"actual_sdk_calls":0,"original_actual_sdk_calls":1,"strict_matched":true,"within_tolerance":true}
{"entry":"std-points-20260914-1308920f64f6--sub1--partial","reused":true,"actual_sdk_calls":0,"original_actual_sdk_calls":1,"strict_matched":true,"within_tolerance":true}
{"entry":"std-points-20260914-1308920f64f6--sub1--wrong","reused":true,"actual_sdk_calls":0,"original_actual_sdk_calls":1,"strict_matched":false,"within_tolerance":true}
{"entry":"std-points-20260914-c438dd828686--sub2--model","reused":true,"actual_sdk_calls":0,"original_actual_sdk_calls":1,"strict_matched":true,"within_tolerance":true}
{"entry":"std-points-20260914-c438dd828686--sub2--partial","reused":true,"actual_sdk_calls":0,"original_actual_sdk_calls":1,"strict_matched":true,"within_tolerance":true}
{"entry":"std-points-20260914-c438dd828686--sub2--wrong","reused":true,"actual_sdk_calls":0,"original_actual_sdk_calls":1,"strict_matched":false,"within_tolerance":true}
{"entry":"std-points-20260914-4b6d4f380dd2--sub1--model","reused":true,"actual_sdk_calls":0,"original_actual_sdk_calls":1,"strict_matched":true,"within_tolerance":true}
{"entry":"std-points-20260914-4b6d4f380dd2--sub1--partial","reused":true,"actual_sdk_calls":0,"original_actual_sdk_calls":1,"strict_matched":true,"within_tolerance":true}
{"entry":"std-points-20260914-4b6d4f380dd2--sub1--wrong","reused":true,"actual_sdk_calls":0,"original_actual_sdk_calls":1,"strict_matched":false,"within_tolerance":true}
{"entry":"std-points-20260914-35a9eed180bf--sub3--model","reused":true,"actual_sdk_calls":0,"original_actual_sdk_calls":1,"strict_matched":true,"within_tolerance":true}
{"entry":"std-points-20260914-35a9eed180bf--sub3--partial","reused":true,"actual_sdk_calls":0,"original_actual_sdk_calls":1,"strict_matched":true,"within_tolerance":true}
{"entry":"std-points-20260914-35a9eed180bf--sub3--wrong","reused":true,"actual_sdk_calls":0,"original_actual_sdk_calls":1,"strict_matched":false,"within_tolerance":true}
{"entry":"std-points-20260914-0291445e2bf3--sub2--model","reused":true,"actual_sdk_calls":0,"original_actual_sdk_calls":1,"strict_matched":true,"within_tolerance":true}
{"entry":"std-points-20260914-0291445e2bf3--sub2--partial","reused":true,"actual_sdk_calls":0,"original_actual_sdk_calls":1,"strict_matched":true,"within_tolerance":true}
{"entry":"std-points-20260914-0291445e2bf3--sub2--wrong","reused":true,"actual_sdk_calls":0,"original_actual_sdk_calls":1,"strict_matched":false,"within_tolerance":true}
{"entry":"std-points-20260914-ae218fe45197--sub1--model","reused":true,"actual_sdk_calls":0,"original_actual_sdk_calls":1,"strict_matched":true,"within_tolerance":true}
{"entry":"std-points-20260914-ae218fe45197--sub1--partial","reused":true,"actual_sdk_calls":0,"original_actual_sdk_calls":1,"strict_matched":true,"within_tolerance":true}
{"entry":"std-points-20260914-ae218fe45197--sub1--wrong","reused":true,"actual_sdk_calls":0,"original_actual_sdk_calls":1,"strict_matched":false,"within_tolerance":true}
{"entry":"std-points-20260914-045726cceb66--sub1--model","reused":true,"actual_sdk_calls":0,"original_actual_sdk_calls":1,"strict_matched":true,"within_tolerance":true}
{"entry":"std-points-20260914-045726cceb66--sub1--partial","reused":true,"actual_sdk_calls":0,"original_actual_sdk_calls":1,"strict_matched":true,"within_tolerance":true}
{"entry":"std-points-20260914-045726cceb66--sub1--wrong","reused":true,"actual_sdk_calls":0,"original_actual_sdk_calls":1,"strict_matched":false,"within_tolerance":true}
{"entry":"std-points-20260914-c82d262bd6a8--sub2--model","reused":true,"actual_sdk_calls":0,"original_actual_sdk_calls":1,"strict_matched":true,"within_tolerance":true}
{"entry":"std-points-20260914-c82d262bd6a8--sub2--partial","reused":true,"actual_sdk_calls":0,"original_actual_sdk_calls":1,"strict_matched":true,"within_tolerance":true}
{"entry":"std-points-20260914-c82d262bd6a8--sub2--wrong","reused":true,"actual_sdk_calls":0,"original_actual_sdk_calls":1,"strict_matched":false,"within_tolerance":true}
{"entry":"std-points-20260914-4e5f0be86e91--sub1--model","reused":true,"actual_sdk_calls":0,"original_actual_sdk_calls":1,"strict_matched":true,"within_tolerance":true}
{"entry":"std-points-20260914-4e5f0be86e91--sub1--partial","reused":true,"actual_sdk_calls":0,"original_actual_sdk_calls":1,"strict_matched":true,"within_tolerance":true}
{"entry":"std-points-20260914-4e5f0be86e91--sub1--wrong","reused":true,"actual_sdk_calls":0,"original_actual_sdk_calls":1,"strict_matched":false,"within_tolerance":true}
{"entry":"std-points-20260914-ae160de36d94--sub1--model","reused":true,"actual_sdk_calls":0,"original_actual_sdk_calls":1,"strict_matched":true,"within_tolerance":true}
{"entry":"std-points-20260914-ae160de36d94--sub1--partial","reused":true,"actual_sdk_calls":0,"original_actual_sdk_calls":1,"strict_matched":true,"within_tolerance":true}
{"entry":"std-points-20260914-ae160de36d94--sub1--wrong","reused":true,"actual_sdk_calls":0,"original_actual_sdk_calls":1,"strict_matched":false,"within_tolerance":true}
{"entry":"std-points-20260914-d8f85aa968c1--sub1--model","reused":true,"actual_sdk_calls":0,"original_actual_sdk_calls":1,"strict_matched":true,"within_tolerance":true}
{"entry":"std-points-20260914-d8f85aa968c1--sub1--partial","reused":true,"actual_sdk_calls":0,"original_actual_sdk_calls":1,"strict_matched":true,"within_tolerance":true}
{"entry":"std-points-20260914-d8f85aa968c1--sub1--wrong","reused":true,"actual_sdk_calls":0,"original_actual_sdk_calls":1,"strict_matched":false,"within_tolerance":true}
{"entry":"std-points-20260914-c52d1e2a15c7--sub1--model","reused":true,"actual_sdk_calls":0,"original_actual_sdk_calls":1,"strict_matched":true,"within_tolerance":true}
{"entry":"std-points-20260914-c52d1e2a15c7--sub1--partial","reused":true,"actual_sdk_calls":0,"original_actual_sdk_calls":1,"strict_matched":true,"within_tolerance":true}
{"entry":"std-points-20260914-c52d1e2a15c7--sub1--wrong","reused":true,"actual_sdk_calls":0,"original_actual_sdk_calls":1,"strict_matched":false,"within_tolerance":true}
{"entry":"std-points-20260914-57bf154b6522--sub3--model","reused":true,"actual_sdk_calls":0,"original_actual_sdk_calls":1,"strict_matched":true,"within_tolerance":true}
{"entry":"std-points-20260914-57bf154b6522--sub3--partial","reused":true,"actual_sdk_calls":0,"original_actual_sdk_calls":1,"strict_matched":true,"within_tolerance":true}
{"entry":"std-points-20260914-57bf154b6522--sub3--wrong","reused":true,"actual_sdk_calls":0,"original_actual_sdk_calls":1,"strict_matched":false,"within_tolerance":true}
{"entry":"std-points-20260914-817048b7fa92--sub2--model","reused":true,"actual_sdk_calls":0,"original_actual_sdk_calls":1,"strict_matched":true,"within_tolerance":true}
{"entry":"std-points-20260914-817048b7fa92--sub2--partial","reused":true,"actual_sdk_calls":0,"original_actual_sdk_calls":1,"strict_matched":true,"within_tolerance":true}
{"entry":"std-points-20260914-817048b7fa92--sub2--wrong","reused":true,"actual_sdk_calls":0,"original_actual_sdk_calls":1,"strict_matched":false,"within_tolerance":true}
{"entry":"std-points-20260914-0d598cf9ff4c--sub2--model","reused":true,"actual_sdk_calls":0,"original_actual_sdk_calls":1,"strict_matched":false,"within_tolerance":true}
{"entry":"std-points-20260914-0d598cf9ff4c--sub2--partial","reused":true,"actual_sdk_calls":0,"original_actual_sdk_calls":1,"strict_matched":true,"within_tolerance":true}
{"entry":"std-points-20260914-0d598cf9ff4c--sub2--wrong","reused":true,"actual_sdk_calls":0,"original_actual_sdk_calls":1,"strict_matched":false,"within_tolerance":true}
{"entry":"std-points-20260914-3b0db7d243b3--sub2--model","reused":true,"actual_sdk_calls":0,"original_actual_sdk_calls":1,"strict_matched":true,"within_tolerance":true}
{"entry":"std-points-20260914-3b0db7d243b3--sub2--partial","reused":true,"actual_sdk_calls":0,"original_actual_sdk_calls":1,"strict_matched":true,"within_tolerance":true}
{"entry":"std-points-20260914-3b0db7d243b3--sub2--wrong","reused":true,"actual_sdk_calls":0,"original_actual_sdk_calls":1,"strict_matched":false,"within_tolerance":true}
{"entry":"std-points-20260914-d74b40b8b7d6--sub2--model","reused":true,"actual_sdk_calls":0,"original_actual_sdk_calls":1,"strict_matched":true,"within_tolerance":true}
{"entry":"std-points-20260914-d74b40b8b7d6--sub2--partial","reused":true,"actual_sdk_calls":0,"original_actual_sdk_calls":1,"strict_matched":true,"within_tolerance":true}
{"entry":"std-points-20260914-d74b40b8b7d6--sub2--wrong","reused":true,"actual_sdk_calls":0,"original_actual_sdk_calls":1,"strict_matched":false,"within_tolerance":true}
{"entry":"std-points-20260914-42f9d95192db--sub4--model","reused":true,"actual_sdk_calls":0,"original_actual_sdk_calls":1,"strict_matched":true,"within_tolerance":true}
{"entry":"std-points-20260914-42f9d95192db--sub4--partial","reused":true,"actual_sdk_calls":0,"original_actual_sdk_calls":1,"strict_matched":true,"within_tolerance":true}
{"entry":"std-points-20260914-42f9d95192db--sub4--wrong","reused":true,"actual_sdk_calls":0,"original_actual_sdk_calls":1,"strict_matched":false,"within_tolerance":true}
{"entry":"std-points-20260914-77c18d11552f--sub1--model","reused":true,"actual_sdk_calls":0,"original_actual_sdk_calls":1,"strict_matched":true,"within_tolerance":true}
{"entry":"std-points-20260914-77c18d11552f--sub1--partial","reused":true,"actual_sdk_calls":0,"original_actual_sdk_calls":1,"strict_matched":true,"within_tolerance":true}
{"entry":"std-points-20260914-77c18d11552f--sub1--wrong","reused":true,"actual_sdk_calls":0,"original_actual_sdk_calls":1,"strict_matched":false,"within_tolerance":true}
{"entry":"std-points-20260914-15c4192496ff--sub1--model","reused":true,"actual_sdk_calls":0,"original_actual_sdk_calls":1,"strict_matched":true,"within_tolerance":true}
{"entry":"std-points-20260914-15c4192496ff--sub1--partial","reused":true,"actual_sdk_calls":0,"original_actual_sdk_calls":1,"strict_matched":true,"within_tolerance":true}
{"entry":"std-points-20260914-15c4192496ff--sub1--wrong","reused":true,"actual_sdk_calls":0,"original_actual_sdk_calls":1,"strict_matched":false,"within_tolerance":true}
{"entry":"std-points-20260914-1b0434136b2c--sub2--model","reused":true,"actual_sdk_calls":0,"original_actual_sdk_calls":1,"strict_matched":true,"within_tolerance":true}
{"entry":"std-points-20260914-1b0434136b2c--sub2--partial","reused":true,"actual_sdk_calls":0,"original_actual_sdk_calls":1,"strict_matched":true,"within_tolerance":true}
{"entry":"std-points-20260914-1b0434136b2c--sub2--wrong","reused":true,"actual_sdk_calls":0,"original_actual_sdk_calls":1,"strict_matched":false,"within_tolerance":true}
{"entry":"std-points-20260914-681e4da36d6a--sub4--model","reused":true,"actual_sdk_calls":0,"original_actual_sdk_calls":1,"strict_matched":true,"within_tolerance":true}
{"entry":"std-points-20260914-681e4da36d6a--sub4--partial","reused":true,"actual_sdk_calls":0,"original_actual_sdk_calls":1,"strict_matched":true,"within_tolerance":true}
{"entry":"std-points-20260914-681e4da36d6a--sub4--wrong","reused":true,"actual_sdk_calls":0,"original_actual_sdk_calls":1,"strict_matched":false,"within_tolerance":true}
{"entry":"std-points-20260914-dbdae4853860--sub2--model","reused":true,"actual_sdk_calls":0,"original_actual_sdk_calls":1,"strict_matched":true,"within_tolerance":true}
{"entry":"std-points-20260914-dbdae4853860--sub2--partial","reused":true,"actual_sdk_calls":0,"original_actual_sdk_calls":1,"strict_matched":true,"within_tolerance":true}
{"entry":"std-points-20260914-dbdae4853860--sub2--wrong","reused":true,"actual_sdk_calls":0,"original_actual_sdk_calls":1,"strict_matched":false,"within_tolerance":true}
{"entry":"pilot-09-001--subq1--model","reused":true,"actual_sdk_calls":0,"original_actual_sdk_calls":1,"strict_matched":true,"within_tolerance":true}
{"entry":"pilot-09-001--subq1--partial","reused":true,"actual_sdk_calls":0,"original_actual_sdk_calls":1,"strict_matched":true,"within_tolerance":true}
{"entry":"pilot-09-001--subq1--wrong","reused":true,"actual_sdk_calls":0,"original_actual_sdk_calls":1,"strict_matched":false,"within_tolerance":true}
{"entry":"pilot-11-002--sub2--model","reused":true,"actual_sdk_calls":0,"original_actual_sdk_calls":1,"strict_matched":true,"within_tolerance":true}
{"entry":"pilot-11-002--sub2--partial","reused":true,"actual_sdk_calls":0,"original_actual_sdk_calls":1,"strict_matched":true,"within_tolerance":true}
{"entry":"pilot-11-002--sub2--wrong","reused":true,"actual_sdk_calls":0,"original_actual_sdk_calls":1,"strict_matched":false,"within_tolerance":true}
{"entry":"pilot-17-003--sub2--model","reused":true,"actual_sdk_calls":0,"original_actual_sdk_calls":1,"strict_matched":true,"within_tolerance":true}
{"entry":"pilot-17-003--sub2--partial","reused":true,"actual_sdk_calls":0,"original_actual_sdk_calls":1,"strict_matched":true,"within_tolerance":true}
{"entry":"pilot-17-003--sub2--wrong","reused":true,"actual_sdk_calls":0,"original_actual_sdk_calls":1,"strict_matched":false,"within_tolerance":true}
