{"entry":"std-points-20260914-a001bf7e83a6--sub1--model","reused":true,"actual_sdk_calls":0,"original_actual_sdk_calls":1,"strict_matched":true,"within_tolerance":true}
{"entry":"std-points-20260914-a001bf7e83a6--sub1--partial","reused":true,"actual_sdk_calls":0,"original_actual_sdk_calls":1,"strict_matched":true,"within_tolerance":true}
{"entry":"std-points-20260914-a001bf7e83a6--sub1--wrong","reused":true,"actual_sdk_calls":0,"original_actual_sdk_calls":1,"strict_matched":false,"within_tolerance":true}
{"entry":"std-points-20260914-b33e932bcfc6--sub3--model","reused":true,"actual_sdk_calls":0,"original_actual_sdk_calls":1,"strict_matched":true,"within_tolerance":true}
{"entry":"std-points-20260914-b33e932bcfc6--sub3--partial","reused":true,"actual_sdk_calls":0,"original_actual_sdk_calls":1,"strict_matched":true,"within_tolerance":true}
{"entry":"std-points-20260914-b33e932bcfc6--sub3--wrong","reused":true,"actual_sdk_calls":0,"original_actual_sdk_calls":1,"strict_matched":false,"within_tolerance":true}
{"entry":"std-points-20260914-cb878e26070e--sub2--model","reused":true,"actual_sdk_calls":0,"original_actual_sdk_calls":1,"strict_matched":true,"within_tolerance":true}
{"entry":"std-points-20260914-cb878e26070e--sub2--partial","reused":true,"actual_sdk_calls":0,"original_actual_sdk_calls":1,"strict_matched":true,"within_tolerance":true}
{"entry":"std-points-20260914-cb878e26070e--sub2--wrong","reused":true,"actual_sdk_calls":0,"original_actual_sdk_calls":1,"strict_matched":false,"within_tolerance":true}
{"entry":"std-points-20260914-b49e4b716a04--sub2--model","reused":true,"actual_sdk_calls":0,"original_actual_sdk_calls":1,"strict_matched":true,"within_tolerance":true}
{"entry":"std-points-20260914-b49e4b716a04--sub2--partial","reused":true,"actual_sdk_calls":0,"original_actual_sdk_calls":1,"strict_matched":true,"within_tolerance":true}
{"entry":"std-points-20260914-b49e4b716a04--sub2--wrong","reused":true,"actual_sdk_calls":0,"original_actual_sdk_calls":1,"strict_matched":false,"within_tolerance":true}
{"entry":"std-points-20260914-2108b997b5da--sub2--model","reused":true,"actual_sdk_calls":0,"original_actual_sdk_calls":1,"strict_matched":true,"within_tolerance":true}
{"entry":"std-points-20260914-2108b997b5da--sub2--partial","reused":true,"actual_sdk_calls":0,"original_actual_sdk_calls":1,"strict_matched":true,"within_tolerance":true}
{"entry":"std-points-20260914-2108b997b5da--sub2--wrong","reused":true,"actual_sdk_calls":0,"original_actual_sdk_calls":1,"strict_matched":false,"within_tolerance":true}
{"entry":"std-points-20260914-b2e0749e7e9b--sub2--model","reused":true,"actual_sdk_calls":0,"original_actual_sdk_calls":1,"strict_matched":true,"within_tolerance":true}
{"entry":"std-points-20260914-b2e0749e7e9b--sub2--partial","reused":true,"actual_sdk_calls":0,"original_actual_sdk_calls":1,"strict_matched":true,"within_tolerance":true}
{"entry":"std-points-20260914-b2e0749e7e9b--sub2--wrong","reused":true,"actual_sdk_calls":0,"original_actual_sdk_calls":1,"strict_matched":false,"within_tolerance":true}
{"entry":"std-points-20260914-751cb14c554b--sub3--model","reused":true,"actual_sdk_calls":0,"original_actual_sdk_calls":1,"strict_matched":true,"within_tolerance":true}
{"entry":"std-points-20260914-751cb14c554b--sub3--partial","reused":true,"actual_sdk_calls":0,"original_actual_sdk_calls":1,"strict_matched":true,"within_tolerance":true}
{"entry":"std-points-20260914-751cb14c554b--sub3--wrong","reused":true,"actual_sdk_calls":0,"original_actual_sdk_calls":1,"strict_matched":false,"within_tolerance":true}
{"entry":"std-points-20260914-02a763f7c8a9--sub2--model","reused":true,"actual_sdk_calls":0,"original_actual_sdk_calls":1,"strict_matched":true,"within_tolerance":true}
{"entry":"std-points-20260914-02a763f7c8a9--sub2--partial","reused":true,"actual_sdk_calls":0,"original_actual_sdk_calls":1,"strict_matched":true,"within_tolerance":true}
{"entry":"std-points-20260914-02a763f7c8a9--sub2--wrong","reused":true,"actual_sdk_calls":0,"original_actual_sdk_calls":1,"strict_matched":false,"within_tolerance":true}
{"entry":"std-points-20260914-d6a4bdf3b543--sub1--model","reused":true,"actual_sdk_calls":0,"original_actual_sdk_calls":1,"strict_matched":true,"within_tolerance":true}
{"entry":"std-points-20260914-d6a4bdf3b543--sub1--partial","reused":true,"actual_sdk_calls":0,"original_actual_sdk_calls":1,"strict_matched":true,"within_tolerance":true}
{"entry":"std-points-20260914-d6a4bdf3b543--sub1--wrong","reused":true,"actual_sdk_calls":0,"original_actual_sdk_calls":1,"strict_matched":false,"within_tolerance":true}
{"entry":"std-points-20260914-314b990cde78--sub2--model","reused":true,"actual_sdk_calls":0,"original_actual_sdk_calls":1,"strict_matched":true,"within_tolerance":true}
{"entry":"std-points-20260914-314b990cde78--sub2--partial","reused":true,"actual_sdk_calls":0,"original_actual_sdk_calls":1,"strict_matched":true,"within_tolerance":true}
{"entry":"std-points-20260914-314b990cde78--sub2--wrong","reused":true,"actual_sdk_calls":0,"original_actual_sdk_calls":1,"strict_matched":false,"within_tolerance":true}
{"entry":"std-points-20260914-ea841eca2989--sub1--model","reused":true,"actual_sdk_calls":0,"original_actual_sdk_calls":1,"strict_matched":true,"within_tolerance":true}
{"entry":"std-points-20260914-ea841eca2989--sub1--partial","reused":true,"actual_sdk_calls":0,"original_actual_sdk_calls":1,"strict_matched":true,"within_tolerance":true}
{"entry":"std-points-20260914-ea841eca2989--sub1--wrong","reused":true,"actual_sdk_calls":0,"original_actual_sdk_calls":1,"strict_matched":false,"within_tolerance":true}
{"entry":"std-points-20260914-6f12ce8e9c6b--sub1--model","reused":true,"actual_sdk_calls":0,"original_actual_sdk_calls":1,"strict_matched":true,"within_tolerance":true}
{"entry":"std-points-20260914-6f12ce8e9c6b--sub1--partial","reused":true,"actual_sdk_calls":0,"original_actual_sdk_calls":1,"strict_matched":true,"within_tolerance":true}
{"entry":"std-points-20260914-6f12ce8e9c6b--sub1--wrong","reused":true,"actual_sdk_calls":0,"original_actual_sdk_calls":1,"strict_matched":false,"within_tolerance":true}
{"entry":"std-points-20260914-f47d4eaf7a09--sub1--model","reused":true,"actual_sdk_calls":0,"original_actual_sdk_calls":1,"strict_matched":true,"within_tolerance":true}
{"entry":"std-points-20260914-f47d4eaf7a09--sub1--partial","reused":true,"actual_sdk_calls":0,"original_actual_sdk_calls":1,"strict_matched":true,"within_tolerance":true}
{"entry":"std-points-20260914-f47d4eaf7a09--sub1--wrong","reused":true,"actual_sdk_calls":0,"original_actual_sdk_calls":1,"strict_matched":false,"within_tolerance":true}
{"entry":"std-points-20260914-b536c2e2b3ec--sub1--model","reused":true,"actual_sdk_calls":0,"original_actual_sdk_calls":1,"strict_matched":true,"within_tolerance":true}
{"entry":"std-points-20260914-b536c2e2b3ec--sub1--partial","reused":true,"actual_sdk_calls":0,"original_actual_sdk_calls":1,"strict_matched":true,"within_tolerance":true}
{"entry":"std-points-20260914-b536c2e2b3ec--sub1--wrong","reused":true,"actual_sdk_calls":0,"original_actual_sdk_calls":1,"strict_matched":true,"within_tolerance":true}
{"entry":"std-points-20260914-733bd911cb7c--sub2--model","reused":true,"actual_sdk_calls":0,"original_actual_sdk_calls":1,"strict_matched":true,"within_tolerance":true}
{"entry":"std-points-20260914-733bd911cb7c--sub2--partial","reused":true,"actual_sdk_calls":0,"original_actual_sdk_calls":1,"strict_matched":true,"within_tolerance":true}
{"entry":"std-points-20260914-733bd911cb7c--sub2--wrong","reused":true,"actual_sdk_calls":0,"original_actual_sdk_calls":1,"strict_matched":false,"within_tolerance":true}
{"entry":"std-points-20260914-d76958b07148--sub2--model","reused":true,"actual_sdk_calls":0,"original_actual_sdk_calls":1,"strict_matched":true,"within_tolerance":true}
{"entry":"std-points-20260914-d76958b07148--sub2--partial","reused":true,"actual_sdk_calls":0,"original_actual_sdk_calls":1,"strict_matched":true,"within_tolerance":true}
{"entry":"std-points-20260914-d76958b07148--sub2--wrong","reused":true,"actual_sdk_calls":0,"original_actual_sdk_calls":1,"strict_matched":false,"within_tolerance":true}
{"entry":"std-points-20260914-a4d1cda9f275--sub2--model","reused":true,"actual_sdk_calls":0,"original_actual_sdk_calls":1,"strict_matched":true,"within_tolerance":true}
{"entry":"std-points-20260914-a4d1cda9f275--sub2--partial","reused":true,"actual_sdk_calls":0,"original_actual_sdk_calls":1,"strict_matched":true,"within_tolerance":true}
{"entry":"std-points-20260914-a4d1cda9f275--sub2--wrong","reused":true,"actual_sdk_calls":0,"original_actual_sdk_calls":1,"strict_matched":false,"within_tolerance":true}
{"entry":"std-points-20260914-c9c523cdf8c0--sub2--model","reused":true,"actual_sdk_calls":0,"original_actual_sdk_calls":1,"strict_matched":true,"within_tolerance":true}
{"entry":"std-points-20260914-c9c523cdf8c0--sub2--partial","reused":true,"actual_sdk_calls":0,"original_actual_sdk_calls":1,"strict_matched":true,"within_tolerance":true}
{"entry":"std-points-20260914-c9c523cdf8c0--sub2--wrong","reused":true,"actual_sdk_calls":0,"original_actual_sdk_calls":1,"strict_matched":false,"within_tolerance":true}
{"entry":"std-points-20260914-7e9a593c651c--sub1--model","reused":true,"actual_sdk_calls":0,"original_actual_sdk_calls":1,"strict_matched":true,"within_tolerance":true}
{"entry":"std-points-20260914-7e9a593c651c--sub1--partial","reused":true,"actual_sdk_calls":0,"original_actual_sdk_calls":1,"strict_matched":true,"within_tolerance":true}
{"entry":"std-points-20260914-7e9a593c651c--sub1--wrong","reused":true,"actual_sdk_calls":0,"original_actual_sdk_calls":1,"strict_matched":true,"within_tolerance":true}
{"entry":"std-points-20260914-c2034c10008a--sub2--model","reused":true,"actual_sdk_calls":0,"original_actual_sdk_calls":1,"strict_matched":true,"within_tolerance":true}
{"entry":"std-points-20260914-c2034c10008a--sub2--partial","reused":true,"actual_sdk_calls":0,"original_actual_sdk_calls":1,"strict_matched":true,"within_tolerance":true}
{"entry":"std-points-20260914-c2034c10008a--sub2--wrong","reused":true,"actual_sdk_calls":0,"original_actual_sdk_calls":1,"strict_matched":false,"within_tolerance":true}
{"entry":"std-points-20260914-4e4ea9e128a7--sub1--model","reused":true,"actual_sdk_calls":0,"original_actual_sdk_calls":1,"strict_matched":true,"within_tolerance":true}
{"entry":"std-points-20260914-4e4ea9e128a7--sub1--partial","reused":true,"actual_sdk_calls":0,"original_actual_sdk_calls":1,"strict_matched":true,"within_tolerance":true}
{"entry":"std-points-20260914-4e4ea9e128a7--sub1--wrong","reused":true,"actual_sdk_calls":0,"original_actual_sdk_calls":1,"strict_matched":false,"within_tolerance":true}
{"entry":"std-points-20260914-f5d37b0c8b8a--subq2--model","reused":true,"actual_sdk_calls":0,"original_actual_sdk_calls":1,"strict_matched":true,"within_tolerance":true}
{"entry":"std-points-20260914-f5d37b0c8b8a--subq2--partial","reused":true,"actual_sdk_calls":0,"original_actual_sdk_calls":1,"strict_matched":true,"within_tolerance":true}
{"entry":"std-points-20260914-f5d37b0c8b8a--subq2--wrong","reused":true,"actual_sdk_calls":0,"original_actual_sdk_calls":1,"strict_matched":false,"within_tolerance":true}
{"entry":"std-points-20260914-c2f71f331a7b--sub1--model","reused":true,"actual_sdk_calls":0,"original_actual_sdk_calls":1,"strict_matched":true,"within_tolerance":true}
{"entry":"std-points-20260914-c2f71f331a7b--sub1--partial","reused":true,"actual_sdk_calls":0,"original_actual_sdk_calls":1,"strict_matched":true,"within_tolerance":true}
{"entry":"std-points-20260914-c2f71f331a7b--sub1--wrong","reused":true,"actual_sdk_calls":0,"original_actual_sdk_calls":1,"strict_matched":false,"within_tolerance":true}
{"entry":"std-points-20260914-aa672e0fc674--subq2--model","reused":true,"actual_sdk_calls":0,"original_actual_sdk_calls":1,"strict_matched":true,"within_tolerance":true}
{"entry":"std-points-20260914-aa672e0fc674--subq2--partial","reused":true,"actual_sdk_calls":0,"original_actual_sdk_calls":1,"strict_matched":true,"within_tolerance":true}
{"entry":"std-points-20260914-aa672e0fc674--subq2--wrong","reused":true,"actual_sdk_calls":0,"original_actual_sdk_calls":1,"strict_matched":false,"within_tolerance":true}
{"entry":"std-points-20260914-e5b7001074a3--sub3--model","reused":true,"actual_sdk_calls":0,"original_actual_sdk_calls":1,"strict_matched":true,"within_tolerance":true}
{"entry":"std-points-20260914-e5b7001074a3--sub3--partial","reused":true,"actual_sdk_calls":0,"original_actual_sdk_calls":1,"strict_matched":false,"within_tolerance":true}
{"entry":"std-points-20260914-e5b7001074a3--sub3--wrong","reused":true,"actual_sdk_calls":0,"original_actual_sdk_calls":1,"strict_matched":false,"within_tolerance":true}
{"entry":"std-points-20260914-9daf79eb8757--sub2--model","reused":true,"actual_sdk_calls":0,"original_actual_sdk_calls":1,"strict_matched":true,"within_tolerance":true}
{"entry":"std-points-20260914-9daf79eb8757--sub2--partial","reused":true,"actual_sdk_calls":0,"original_actual_sdk_calls":1,"strict_matched":true,"within_tolerance":true}
{"entry":"std-points-20260914-9daf79eb8757--sub2--wrong","reused":true,"actual_sdk_calls":0,"original_actual_sdk_calls":1,"strict_matched":false,"within_tolerance":true}
{"entry":"std-points-20260914-2a29fdefe2d7--sub4--model","reused":true,"actual_sdk_calls":0,"original_actual_sdk_calls":1,"strict_matched":true,"within_tolerance":true}
{"entry":"std-points-20260914-2a29fdefe2d7--sub4--partial","reused":true,"actual_sdk_calls":0,"original_actual_sdk_calls":1,"strict_matched":true,"within_tolerance":true}
{"entry":"std-points-20260914-2a29fdefe2d7--sub4--wrong","reused":true,"actual_sdk_calls":0,"original_actual_sdk_calls":1,"strict_matched":false,"within_tolerance":true}
{"entry":"std-points-20260914-a9f84f7eef8b--sub3--model","reused":true,"actual_sdk_calls":0,"original_actual_sdk_calls":1,"strict_matched":true,"within_tolerance":true}
{"entry":"std-points-20260914-a9f84f7eef8b--sub3--partial","reused":true,"actual_sdk_calls":0,"original_actual_sdk_calls":1,"strict_matched":false,"within_tolerance":true}
{"entry":"std-points-20260914-a9f84f7eef8b--sub3--wrong","reused":true,"actual_sdk_calls":0,"original_actual_sdk_calls":1,"strict_matched":false,"within_tolerance":true}
{"entry":"std-points-20260914-44a4823e71a6--sub1--model","reused":true,"actual_sdk_calls":0,"original_actual_sdk_calls":1,"strict_matched":true,"within_tolerance":true}
{"entry":"std-points-20260914-44a4823e71a6--sub1--partial","reused":true,"actual_sdk_calls":0,"original_actual_sdk_calls":1,"strict_matched":true,"within_tolerance":true}
{"entry":"std-points-20260914-44a4823e71a6--sub1--wrong","reused":true,"actual_sdk_calls":0,"original_actual_sdk_calls":1,"strict_matched":true,"within_tolerance":true}
{"entry":"std-points-20260914-6ca8aa8dcc2a--sub1--model","reused":true,"actual_sdk_calls":0,"original_actual_sdk_calls":1,"strict_matched":true,"within_tolerance":true}
{"entry":"std-points-20260914-6ca8aa8dcc2a--sub1--partial","reused":true,"actual_sdk_calls":0,"original_actual_sdk_calls":1,"strict_matched":true,"within_tolerance":true}
{"entry":"std-points-20260914-6ca8aa8dcc2a--sub1--wrong","reused":true,"actual_sdk_calls":0,"original_actual_sdk_calls":1,"strict_matched":false,"within_tolerance":true}
{"entry":"std-points-20260914-1d76603a5832--sub2--model","reused":true,"actual_sdk_calls":0,"original_actual_sdk_calls":1,"strict_matched":true,"within_tolerance":true}
{"entry":"std-points-20260914-1d76603a5832--sub2--partial","reused":true,"actual_sdk_calls":0,"original_actual_sdk_calls":1,"strict_matched":true,"within_tolerance":true}
{"entry":"std-points-20260914-1d76603a5832--sub2--wrong","reused":true,"actual_sdk_calls":0,"original_actual_sdk_calls":1,"strict_matched":true,"within_tolerance":true}
{"entry":"std-points-20260914-5571d08338aa--sub1--model","reused":true,"actual_sdk_calls":0,"original_actual_sdk_calls":1,"strict_matched":true,"within_tolerance":true}
{"entry":"std-points-20260914-5571d08338aa--sub1--partial","reused":true,"actual_sdk_calls":0,"original_actual_sdk_calls":1,"strict_matched":true,"within_tolerance":true}
{"entry":"std-points-20260914-5571d08338aa--sub1--wrong","reused":true,"actual_sdk_calls":0,"original_actual_sdk_calls":1,"strict_matched":false,"within_tolerance":true}
{"entry":"std-points-20260914-1cbf1e117847--sub1--model","reused":true,"actual_sdk_calls":0,"original_actual_sdk_calls":1,"strict_matched":true,"within_tolerance":true}
{"entry":"std-points-20260914-1cbf1e117847--sub1--partial","reused":true,"actual_sdk_calls":0,"original_actual_sdk_calls":1,"strict_matched":true,"within_tolerance":true}
{"entry":"std-points-20260914-1cbf1e117847--sub1--wrong","reused":true,"actual_sdk_calls":0,"original_actual_sdk_calls":1,"strict_matched":true,"within_tolerance":true}
{"entry":"std-points-20260914-22ef6986d79c--sub2--model","reused":true,"actual_sdk_calls":0,"original_actual_sdk_calls":1,"strict_matched":true,"within_tolerance":true}
{"entry":"std-points-20260914-22ef6986d79c--sub2--partial","reused":true,"actual_sdk_calls":0,"original_actual_sdk_calls":1,"strict_matched":true,"within_tolerance":true}
{"entry":"std-points-20260914-22ef6986d79c--sub2--wrong","reused":true,"actual_sdk_calls":0,"original_actual_sdk_calls":1,"strict_matched":false,"within_tolerance":true}
{"entry":"std-points-20260914-c6b9b767a54d--sub1--model","reused":true,"actual_sdk_calls":0,"original_actual_sdk_calls":1,"strict_matched":true,"within_tolerance":true}
{"entry":"std-points-20260914-c6b9b767a54d--sub1--partial","reused":true,"actual_sdk_calls":0,"original_actual_sdk_calls":1,"strict_matched":true,"within_tolerance":true}
{"entry":"std-points-20260914-c6b9b767a54d--sub1--wrong","reused":true,"actual_sdk_calls":0,"original_actual_sdk_calls":1,"strict_matched":false,"within_tolerance":true}
{"entry":"std-points-20260914-4e39b686bc62--sub1--model","reused":true,"actual_sdk_calls":0,"original_actual_sdk_calls":1,"strict_matched":true,"within_tolerance":true}
{"entry":"std-points-20260914-4e39b686bc62--sub1--partial","reused":true,"actual_sdk_calls":0,"original_actual_sdk_calls":1,"strict_matched":true,"within_tolerance":true}
{"entry":"std-points-20260914-4e39b686bc62--sub1--wrong","reused":true,"actual_sdk_calls":0,"original_actual_sdk_calls":1,"strict_matched":false,"within_tolerance":true}
{"entry":"std-points-20260914-fc177136627b--sub2--model","reused":true,"actual_sdk_calls":0,"original_actual_sdk_calls":1,"strict_matched":true,"within_tolerance":true}
{"entry":"std-points-20260914-fc177136627b--sub2--partial","reused":true,"actual_sdk_calls":0,"original_actual_sdk_calls":1,"strict_matched":true,"within_tolerance":true}
{"entry":"std-points-20260914-fc177136627b--sub2--wrong","reused":true,"actual_sdk_calls":0,"original_actual_sdk_calls":1,"strict_matched":false,"within_tolerance":true}
{"entry":"std-points-20260914-da16629297a8--sub1--model","reused":true,"actual_sdk_calls":0,"original_actual_sdk_calls":1,"strict_matched":true,"within_tolerance":true}
{"entry":"std-points-20260914-da16629297a8--sub1--partial","reused":true,"actual_sdk_calls":0,"original_actual_sdk_calls":1,"strict_matched":true,"within_tolerance":true}
{"entry":"std-points-20260914-da16629297a8--sub1--wrong","reused":true,"actual_sdk_calls":0,"original_actual_sdk_calls":1,"strict_matched":false,"within_tolerance":true}
{"entry":"std-points-20260914-4760b36cae38--sub2--model","reused":true,"actual_sdk_calls":0,"original_actual_sdk_calls":1,"strict_matched":true,"within_tolerance":true}
{"entry":"std-points-20260914-4760b36cae38--sub2--partial","reused":true,"actual_sdk_calls":0,"original_actual_sdk_calls":1,"strict_matched":true,"within_tolerance":true}
{"entry":"std-points-20260914-4760b36cae38--sub2--wrong","reused":true,"actual_sdk_calls":0,"original_actual_sdk_calls":1,"strict_matched":false,"within_tolerance":true}
{"entry":"std-points-20260914-7964875328ac--sub1--model","reused":true,"actual_sdk_calls":0,"original_actual_sdk_calls":1,"strict_matched":true,"within_tolerance":true}
{"entry":"std-points-20260914-7964875328ac--sub1--partial","reused":true,"actual_sdk_calls":0,"original_actual_sdk_calls":1,"strict_matched":true,"within_tolerance":true}
{"entry":"std-points-20260914-7964875328ac--sub1--wrong","reused":true,"actual_sdk_calls":0,"original_actual_sdk_calls":1,"strict_matched":false,"within_tolerance":true}
{"entry":"std-points-20260914-a5aa3fa526c2--sub1--model","reused":true,"actual_sdk_calls":0,"original_actual_sdk_calls":1,"strict_matched":true,"within_tolerance":true}
{"entry":"std-points-20260914-a5aa3fa526c2--sub1--partial","reused":true,"actual_sdk_calls":0,"original_actual_sdk_calls":1,"strict_matched":true,"within_tolerance":true}
{"entry":"std-points-20260914-a5aa3fa526c2--sub1--wrong","reused":true,"actual_sdk_calls":0,"original_actual_sdk_calls":1,"strict_matched":false,"within_tolerance":true}
{"entry":"std-points-20260914-c228552756b4--sub2--model","reused":true,"actual_sdk_calls":0,"original_actual_sdk_calls":1,"strict_matched":true,"within_tolerance":true}
{"entry":"std-points-20260914-c228552756b4--sub2--partial","reused":true,"actual_sdk_calls":0,"original_actual_sdk_calls":1,"strict_matched":true,"within_tolerance":true}
{"entry":"std-points-20260914-c228552756b4--sub2--wrong","reused":true,"actual_sdk_calls":0,"original_actual_sdk_calls":1,"strict_matched":false,"within_tolerance":true}
{"entry":"std-points-20260914-72088a7ed092--sub3--model","reused":true,"actual_sdk_calls":0,"original_actual_sdk_calls":1,"strict_matched":true,"within_tolerance":true}
{"entry":"std-points-20260914-72088a7ed092--sub3--partial","reused":true,"actual_sdk_calls":0,"original_actual_sdk_calls":1,"strict_matched":true,"within_tolerance":true}
{"entry":"std-points-20260914-72088a7ed092--sub3--wrong","reused":true,"actual_sdk_calls":0,"original_actual_sdk_calls":1,"strict_matched":false,"within_tolerance":true}
{"entry":"std-points-20260914-de06831a21f9--input1--model","reused":true,"actual_sdk_calls":0,"original_actual_sdk_calls":1,"strict_matched":true,"within_tolerance":true}
{"entry":"std-points-20260914-de06831a21f9--input1--partial","reused":true,"actual_sdk_calls":0,"original_actual_sdk_calls":1,"strict_matched":true,"within_tolerance":true}
{"entry":"std-points-20260914-de06831a21f9--input1--wrong","reused":true,"actual_sdk_calls":0,"original_actual_sdk_calls":1,"strict_matched":false,"within_tolerance":true}
{"entry":"std-points-20260914-31ae55b0b72f--sub1--model","reused":true,"actual_sdk_calls":0,"original_actual_sdk_calls":1,"strict_matched":true,"within_tolerance":true}
{"entry":"std-points-20260914-31ae55b0b72f--sub1--partial","reused":true,"actual_sdk_calls":0,"original_actual_sdk_calls":1,"strict_matched":true,"within_tolerance":true}
{"entry":"std-points-20260914-31ae55b0b72f--sub1--wrong","reused":true,"actual_sdk_calls":0,"original_actual_sdk_calls":1,"strict_matched":false,"within_tolerance":true}
{"entry":"std-points-20260914-aca6e1dc8f26--sub2--model","reused":true,"actual_sdk_calls":0,"original_actual_sdk_calls":1,"strict_matched":true,"within_tolerance":true}
{"entry":"std-points-20260914-aca6e1dc8f26--sub2--partial","reused":true,"actual_sdk_calls":0,"original_actual_sdk_calls":1,"strict_matched":true,"within_tolerance":true}
{"entry":"std-points-20260914-aca6e1dc8f26--sub2--wrong","reused":true,"actual_sdk_calls":0,"original_actual_sdk_calls":1,"strict_matched":false,"within_tolerance":true}
{"entry":"std-points-20260914-5fb89d86a799--sub1--model","reused":true,"actual_sdk_calls":0,"original_actual_sdk_calls":1,"strict_matched":true,"within_tolerance":true}
{"entry":"std-points-20260914-5fb89d86a799--sub1--partial","reused":true,"actual_sdk_calls":0,"original_actual_sdk_calls":1,"strict_matched":true,"within_tolerance":true}
{"entry":"std-points-20260914-5fb89d86a799--sub1--wrong","reused":true,"actual_sdk_calls":0,"original_actual_sdk_calls":1,"strict_matched":false,"within_tolerance":true}
{"entry":"std-points-20260914-1cae16e579d0--sub1--model","reused":true,"actual_sdk_calls":0,"original_actual_sdk_calls":1,"strict_matched":true,"within_tolerance":true}
{"entry":"std-points-20260914-1cae16e579d0--sub1--partial","reused":true,"actual_sdk_calls":0,"original_actual_sdk_calls":1,"strict_matched":true,"within_tolerance":true}
{"entry":"std-points-20260914-1cae16e579d0--sub1--wrong","reused":true,"actual_sdk_calls":0,"original_actual_sdk_calls":1,"strict_matched":false,"within_tolerance":true}
{"entry":"std-points-20260914-69b535e26ab0--sub1--model","reused":true,"actual_sdk_calls":0,"original_actual_sdk_calls":1,"strict_matched":true,"within_tolerance":true}
{"entry":"std-points-20260914-69b535e26ab0--sub1--partial","reused":true,"actual_sdk_calls":0,"original_actual_sdk_calls":1,"strict_matched":true,"within_tolerance":true}
{"entry":"std-points-20260914-69b535e26ab0--sub1--wrong","reused":true,"actual_sdk_calls":0,"original_actual_sdk_calls":1,"strict_matched":false,"within_tolerance":true}
{"entry":"std-points-20260914-97a86c8d6e2f--sub2--model","reused":true,"actual_sdk_calls":0,"original_actual_sdk_calls":1,"strict_matched":true,"within_tolerance":true}
{"entry":"std-points-20260914-97a86c8d6e2f--sub2--partial","reused":true,"actual_sdk_calls":0,"original_actual_sdk_calls":1,"strict_matched":true,"within_tolerance":true}
{"entry":"std-points-20260914-97a86c8d6e2f--sub2--wrong","reused":true,"actual_sdk_calls":0,"original_actual_sdk_calls":1,"strict_matched":false,"within_tolerance":true}
{"entry":"std-points-20260914-771713ec50f2--sub3--model","reused":true,"actual_sdk_calls":0,"original_actual_sdk_calls":1,"strict_matched":true,"within_tolerance":true}
{"entry":"std-points-20260914-771713ec50f2--sub3--partial","reused":true,"actual_sdk_calls":0,"original_actual_sdk_calls":1,"strict_matched":true,"within_tolerance":true}
{"entry":"std-points-20260914-771713ec50f2--sub3--wrong","reused":true,"actual_sdk_calls":0,"original_actual_sdk_calls":1,"strict_matched":false,"within_tolerance":true}
{"entry":"std-points-20260914-36761d91c393--sub1--model","reused":true,"actual_sdk_calls":0,"original_actual_sdk_calls":1,"strict_matched":true,"within_tolerance":true}
{"entry":"std-points-20260914-36761d91c393--sub1--partial","reused":true,"actual_sdk_calls":0,"original_actual_sdk_calls":1,"strict_matched":true,"within_tolerance":true}
{"entry":"std-points-20260914-36761d91c393--sub1--wrong","reused":true,"actual_sdk_calls":0,"original_actual_sdk_calls":1,"strict_matched":false,"within_tolerance":true}
{"entry":"std-points-20260914-1b7c27cd473f--sub2--model","reused":true,"actual_sdk_calls":0,"original_actual_sdk_calls":1,"strict_matched":true,"within_tolerance":true}
{"entry":"std-points-20260914-1b7c27cd473f--sub2--partial","reused":true,"actual_sdk_calls":0,"original_actual_sdk_calls":1,"strict_matched":true,"within_tolerance":true}
{"entry":"std-points-20260914-1b7c27cd473f--sub2--wrong","reused":true,"actual_sdk_calls":0,"original_actual_sdk_calls":1,"strict_matched":false,"within_tolerance":true}
{"entry":"std-points-20260914-25bbd5d8d184--sub1--model","reused":true,"actual_sdk_calls":0,"original_actual_sdk_calls":1,"strict_matched":true,"within_tolerance":true}
{"entry":"std-points-20260914-25bbd5d8d184--sub1--partial","reused":true,"actual_sdk_calls":0,"original_actual_sdk_calls":1,"strict_matched":true,"within_tolerance":true}
{"entry":"std-points-20260914-25bbd5d8d184--sub1--wrong","reused":true,"actual_sdk_calls":0,"original_actual_sdk_calls":1,"strict_matched":false,"within_tolerance":true}
{"entry":"std-points-20260914-99e4265696b2--sub1--model","reused":true,"actual_sdk_calls":0,"original_actual_sdk_calls":1,"strict_matched":true,"within_tolerance":true}
{"entry":"std-points-20260914-99e4265696b2--sub1--partial","reused":true,"actual_sdk_calls":0,"original_actual_sdk_calls":1,"strict_matched":true,"within_tolerance":true}
{"entry":"std-points-20260914-99e4265696b2--sub1--wrong","reused":true,"actual_sdk_calls":0,"original_actual_sdk_calls":1,"strict_matched":false,"within_tolerance":true}
{"entry":"std-points-20260914-45d36d547d8d--sub2--model","reused":true,"actual_sdk_calls":0,"original_actual_sdk_calls":1,"strict_matched":true,"within_tolerance":true}
{"entry":"std-points-20260914-45d36d547d8d--sub2--partial","reused":true,"actual_sdk_calls":0,"original_actual_sdk_calls":1,"strict_matched":true,"within_tolerance":true}
{"entry":"std-points-20260914-45d36d547d8d--sub2--wrong","reused":true,"actual_sdk_calls":0,"original_actual_sdk_calls":1,"strict_matched":false,"within_tolerance":true}
{"entry":"std-points-20260914-b0790aeef077--sub1--model","reused":true,"actual_sdk_calls":0,"original_actual_sdk_calls":1,"strict_matched":true,"within_tolerance":true}
{"entry":"std-points-20260914-b0790aeef077--sub1--partial","reused":true,"actual_sdk_calls":0,"original_actual_sdk_calls":1,"strict_matched":true,"within_tolerance":true}
{"entry":"std-points-20260914-b0790aeef077--sub1--wrong","reused":true,"actual_sdk_calls":0,"original_actual_sdk_calls":1,"strict_matched":false,"within_tolerance":true}
{"entry":"std-points-20260914-1f185dbcb15a--sub1--model","reused":true,"actual_sdk_calls":0,"original_actual_sdk_calls":1,"strict_matched":true,"within_tolerance":true}
{"entry":"std-points-20260914-1f185dbcb15a--sub1--partial","reused":true,"actual_sdk_calls":0,"original_actual_sdk_calls":1,"strict_matched":true,"within_tolerance":true}
{"entry":"std-points-20260914-1f185dbcb15a--sub1--wrong","reused":true,"actual_sdk_calls":0,"original_actual_sdk_calls":1,"strict_matched":false,"within_tolerance":true}
{"entry":"std-points-20260914-dacecd7e7ab8--sub2--model","reused":true,"actual_sdk_calls":0,"original_actual_sdk_calls":1,"strict_matched":true,"within_tolerance":true}
{"entry":"std-points-20260914-dacecd7e7ab8--sub2--partial","reused":true,"actual_sdk_calls":0,"original_actual_sdk_calls":1,"strict_matched":true,"within_tolerance":true}
{"entry":"std-points-20260914-dacecd7e7ab8--sub2--wrong","reused":true,"actual_sdk_calls":0,"original_actual_sdk_calls":1,"strict_matched":false,"within_tolerance":true}
{"entry":"std-points-20260914-5c0adea400e4--sub3--model","reused":true,"actual_sdk_calls":0,"original_actual_sdk_calls":1,"strict_matched":true,"within_tolerance":true}
{"entry":"std-points-20260914-5c0adea400e4--sub3--partial","reused":true,"actual_sdk_calls":0,"original_actual_sdk_calls":1,"strict_matched":true,"within_tolerance":true}
{"entry":"std-points-20260914-5c0adea400e4--sub3--wrong","reused":true,"actual_sdk_calls":0,"original_actual_sdk_calls":1,"strict_matched":false,"within_tolerance":true}
{"entry":"std-points-20260914-b4e5429af4e3--sub2--model","reused":true,"actual_sdk_calls":0,"original_actual_sdk_calls":1,"strict_matched":true,"within_tolerance":true}
{"entry":"std-points-20260914-b4e5429af4e3--sub2--partial","reused":true,"actual_sdk_calls":0,"original_actual_sdk_calls":1,"strict_matched":true,"within_tolerance":true}
{"entry":"std-points-20260914-b4e5429af4e3--sub2--wrong","reused":true,"actual_sdk_calls":0,"original_actual_sdk_calls":1,"strict_matched":false,"within_tolerance":true}
{"entry":"pilot-06-004--sub1--model","reused":true,"actual_sdk_calls":0,"original_actual_sdk_calls":1,"strict_matched":true,"within_tolerance":true}
{"entry":"pilot-06-004--sub1--partial","reused":true,"actual_sdk_calls":0,"original_actual_sdk_calls":1,"strict_matched":true,"within_tolerance":true}
{"entry":"pilot-06-004--sub1--wrong","reused":true,"actual_sdk_calls":0,"original_actual_sdk_calls":1,"strict_matched":false,"within_tolerance":true}
{"entry":"pilot-10-005--sub2--model","reused":true,"actual_sdk_calls":0,"original_actual_sdk_calls":1,"strict_matched":true,"within_tolerance":true}
{"entry":"pilot-10-005--sub2--partial","reused":true,"actual_sdk_calls":0,"original_actual_sdk_calls":1,"strict_matched":true,"within_tolerance":true}
{"entry":"pilot-10-005--sub2--wrong","reused":true,"actual_sdk_calls":0,"original_actual_sdk_calls":1,"strict_matched":false,"within_tolerance":true}
{"entry":"pilot-16-002--sub1--model","reused":true,"actual_sdk_calls":0,"original_actual_sdk_calls":1,"strict_matched":true,"within_tolerance":true}
{"entry":"pilot-16-002--sub1--partial","reused":true,"actual_sdk_calls":0,"original_actual_sdk_calls":1,"strict_matched":true,"within_tolerance":true}
{"entry":"pilot-16-002--sub1--wrong","reused":true,"actual_sdk_calls":0,"original_actual_sdk_calls":1,"strict_matched":false,"within_tolerance":true}
