{"entry":"std-points-20260914-aa9e4d7d4084--sub2--model","reused":true,"actual_sdk_calls":0,"original_actual_sdk_calls":1,"strict_matched":true,"within_tolerance":true}
{"entry":"std-points-20260914-aa9e4d7d4084--sub2--partial","reused":true,"actual_sdk_calls":0,"original_actual_sdk_calls":1,"strict_matched":true,"within_tolerance":true}
{"entry":"std-points-20260914-aa9e4d7d4084--sub2--wrong","reused":true,"actual_sdk_calls":0,"original_actual_sdk_calls":1,"strict_matched":false,"within_tolerance":true}
{"entry":"std-points-20260914-e5ad8e728e7e--sub1--model","reused":true,"actual_sdk_calls":0,"original_actual_sdk_calls":1,"strict_matched":true,"within_tolerance":true}
{"entry":"std-points-20260914-e5ad8e728e7e--sub1--partial","reused":true,"actual_sdk_calls":0,"original_actual_sdk_calls":1,"strict_matched":true,"within_tolerance":true}
{"entry":"std-points-20260914-e5ad8e728e7e--sub1--wrong","reused":true,"actual_sdk_calls":0,"original_actual_sdk_calls":1,"strict_matched":false,"within_tolerance":true}
{"entry":"std-points-20260914-218f4f34b5e9--sub2--model","reused":true,"actual_sdk_calls":0,"original_actual_sdk_calls":1,"strict_matched":true,"within_tolerance":true}
{"entry":"std-points-20260914-218f4f34b5e9--sub2--partial","reused":true,"actual_sdk_calls":0,"original_actual_sdk_calls":1,"strict_matched":true,"within_tolerance":true}
{"entry":"std-points-20260914-218f4f34b5e9--sub2--wrong","reused":true,"actual_sdk_calls":0,"original_actual_sdk_calls":1,"strict_matched":false,"within_tolerance":true}
{"entry":"std-points-20260914-aef70f6ac9e0--sub2--model","reused":true,"actual_sdk_calls":0,"original_actual_sdk_calls":1,"strict_matched":true,"within_tolerance":true}
{"entry":"std-points-20260914-aef70f6ac9e0--sub2--partial","reused":true,"actual_sdk_calls":0,"original_actual_sdk_calls":1,"strict_matched":true,"within_tolerance":true}
{"entry":"std-points-20260914-aef70f6ac9e0--sub2--wrong","reused":true,"actual_sdk_calls":0,"original_actual_sdk_calls":1,"strict_matched":false,"within_tolerance":true}
{"entry":"std-points-20260914-1d4a862d1757--sub2--model","reused":true,"actual_sdk_calls":0,"original_actual_sdk_calls":1,"strict_matched":true,"within_tolerance":true}
{"entry":"std-points-20260914-1d4a862d1757--sub2--partial","reused":true,"actual_sdk_calls":0,"original_actual_sdk_calls":1,"strict_matched":true,"within_tolerance":true}
{"entry":"std-points-20260914-1d4a862d1757--sub2--wrong","reused":true,"actual_sdk_calls":0,"original_actual_sdk_calls":1,"strict_matched":false,"within_tolerance":true}
{"entry":"std-points-20260914-72f9a91627b4--sub1--model","reused":true,"actual_sdk_calls":0,"original_actual_sdk_calls":1,"strict_matched":true,"within_tolerance":true}
{"entry":"std-points-20260914-72f9a91627b4--sub1--partial","reused":true,"actual_sdk_calls":0,"original_actual_sdk_calls":1,"strict_matched":true,"within_tolerance":true}
{"entry":"std-points-20260914-72f9a91627b4--sub1--wrong","reused":true,"actual_sdk_calls":0,"original_actual_sdk_calls":1,"strict_matched":false,"within_tolerance":true}
{"entry":"std-points-20260914-3e8c258952c9--sub2--model","reused":true,"actual_sdk_calls":0,"original_actual_sdk_calls":1,"strict_matched":true,"within_tolerance":true}
{"entry":"std-points-20260914-3e8c258952c9--sub2--partial","reused":true,"actual_sdk_calls":0,"original_actual_sdk_calls":1,"strict_matched":true,"within_tolerance":true}
{"entry":"std-points-20260914-3e8c258952c9--sub2--wrong","reused":true,"actual_sdk_calls":0,"original_actual_sdk_calls":1,"strict_matched":false,"within_tolerance":true}
{"entry":"std-points-20260914-9f80e0e919ee--sub1--model","reused":true,"actual_sdk_calls":0,"original_actual_sdk_calls":1,"strict_matched":true,"within_tolerance":true}
{"entry":"std-points-20260914-9f80e0e919ee--sub1--partial","reused":true,"actual_sdk_calls":0,"original_actual_sdk_calls":1,"strict_matched":true,"within_tolerance":true}
{"entry":"std-points-20260914-9f80e0e919ee--sub1--wrong","reused":true,"actual_sdk_calls":0,"original_actual_sdk_calls":1,"strict_matched":true,"within_tolerance":true}
{"entry":"std-points-20260914-7e4d0729cd29--sub2--model","reused":true,"actual_sdk_calls":0,"original_actual_sdk_calls":1,"strict_matched":true,"within_tolerance":true}
{"entry":"std-points-20260914-7e4d0729cd29--sub2--partial","reused":true,"actual_sdk_calls":0,"original_actual_sdk_calls":1,"strict_matched":true,"within_tolerance":true}
{"entry":"std-points-20260914-7e4d0729cd29--sub2--wrong","reused":true,"actual_sdk_calls":0,"original_actual_sdk_calls":1,"strict_matched":false,"within_tolerance":true}
{"entry":"std-points-20260914-622fea303bdb--sub2--model","reused":true,"actual_sdk_calls":0,"original_actual_sdk_calls":1,"strict_matched":true,"within_tolerance":true}
{"entry":"std-points-20260914-622fea303bdb--sub2--partial","reused":true,"actual_sdk_calls":0,"original_actual_sdk_calls":1,"strict_matched":true,"within_tolerance":true}
{"entry":"std-points-20260914-622fea303bdb--sub2--wrong","reused":true,"actual_sdk_calls":0,"original_actual_sdk_calls":1,"strict_matched":false,"within_tolerance":true}
{"entry":"std-points-20260914-461c50004844--sub4--model","reused":true,"actual_sdk_calls":0,"original_actual_sdk_calls":1,"strict_matched":true,"within_tolerance":true}
{"entry":"std-points-20260914-461c50004844--sub4--partial","reused":true,"actual_sdk_calls":0,"original_actual_sdk_calls":1,"strict_matched":true,"within_tolerance":true}
{"entry":"std-points-20260914-461c50004844--sub4--wrong","reused":true,"actual_sdk_calls":0,"original_actual_sdk_calls":1,"strict_matched":false,"within_tolerance":true}
{"entry":"std-points-20260914-6e9dfa933285--sub1--model","reused":true,"actual_sdk_calls":0,"original_actual_sdk_calls":1,"strict_matched":true,"within_tolerance":true}
{"entry":"std-points-20260914-6e9dfa933285--sub1--partial","reused":true,"actual_sdk_calls":0,"original_actual_sdk_calls":1,"strict_matched":true,"within_tolerance":true}
{"entry":"std-points-20260914-6e9dfa933285--sub1--wrong","reused":true,"actual_sdk_calls":0,"original_actual_sdk_calls":1,"strict_matched":false,"within_tolerance":true}
{"entry":"std-points-20260914-4c199da69f8f--sub1--model","reused":true,"actual_sdk_calls":0,"original_actual_sdk_calls":1,"strict_matched":true,"within_tolerance":true}
{"entry":"std-points-20260914-4c199da69f8f--sub1--partial","reused":true,"actual_sdk_calls":0,"original_actual_sdk_calls":1,"strict_matched":true,"within_tolerance":true}
{"entry":"std-points-20260914-4c199da69f8f--sub1--wrong","reused":true,"actual_sdk_calls":0,"original_actual_sdk_calls":1,"strict_matched":false,"within_tolerance":true}
{"entry":"std-points-20260914-f2b5ccde7895--sub2--model","reused":true,"actual_sdk_calls":0,"original_actual_sdk_calls":1,"strict_matched":true,"within_tolerance":true}
{"entry":"std-points-20260914-f2b5ccde7895--sub2--partial","reused":true,"actual_sdk_calls":0,"original_actual_sdk_calls":1,"strict_matched":true,"within_tolerance":true}
{"entry":"std-points-20260914-f2b5ccde7895--sub2--wrong","reused":true,"actual_sdk_calls":0,"original_actual_sdk_calls":1,"strict_matched":false,"within_tolerance":true}
{"entry":"std-points-20260914-c5489dbc1eec--sub2--model","reused":true,"actual_sdk_calls":0,"original_actual_sdk_calls":1,"strict_matched":true,"within_tolerance":true}
{"entry":"std-points-20260914-c5489dbc1eec--sub2--partial","reused":true,"actual_sdk_calls":0,"original_actual_sdk_calls":1,"strict_matched":true,"within_tolerance":true}
{"entry":"std-points-20260914-c5489dbc1eec--sub2--wrong","reused":true,"actual_sdk_calls":0,"original_actual_sdk_calls":1,"strict_matched":false,"within_tolerance":true}
{"entry":"std-points-20260914-a95fb9474769--sub1--model","reused":true,"actual_sdk_calls":0,"original_actual_sdk_calls":1,"strict_matched":true,"within_tolerance":true}
{"entry":"std-points-20260914-a95fb9474769--sub1--partial","reused":true,"actual_sdk_calls":0,"original_actual_sdk_calls":1,"strict_matched":true,"within_tolerance":true}
{"entry":"std-points-20260914-a95fb9474769--sub1--wrong","reused":true,"actual_sdk_calls":0,"original_actual_sdk_calls":1,"strict_matched":false,"within_tolerance":true}
{"entry":"std-points-20260914-f5bf4555a7d6--sub1--model","reused":true,"actual_sdk_calls":0,"original_actual_sdk_calls":1,"strict_matched":true,"within_tolerance":true}
{"entry":"std-points-20260914-f5bf4555a7d6--sub1--partial","reused":true,"actual_sdk_calls":0,"original_actual_sdk_calls":1,"strict_matched":true,"within_tolerance":true}
{"entry":"std-points-20260914-f5bf4555a7d6--sub1--wrong","reused":true,"actual_sdk_calls":0,"original_actual_sdk_calls":1,"strict_matched":false,"within_tolerance":true}
{"entry":"std-points-20260914-3e3ab8d53e62--sub2--model","reused":true,"actual_sdk_calls":0,"original_actual_sdk_calls":1,"strict_matched":true,"within_tolerance":true}
{"entry":"std-points-20260914-3e3ab8d53e62--sub2--partial","reused":true,"actual_sdk_calls":0,"original_actual_sdk_calls":1,"strict_matched":true,"within_tolerance":true}
{"entry":"std-points-20260914-3e3ab8d53e62--sub2--wrong","reused":true,"actual_sdk_calls":0,"original_actual_sdk_calls":1,"strict_matched":false,"within_tolerance":true}
{"entry":"std-points-20260914-0194805a515e--sub2--model","reused":true,"actual_sdk_calls":0,"original_actual_sdk_calls":1,"strict_matched":true,"within_tolerance":true}
{"entry":"std-points-20260914-0194805a515e--sub2--partial","reused":true,"actual_sdk_calls":0,"original_actual_sdk_calls":1,"strict_matched":true,"within_tolerance":true}
{"entry":"std-points-20260914-0194805a515e--sub2--wrong","reused":true,"actual_sdk_calls":0,"original_actual_sdk_calls":1,"strict_matched":false,"within_tolerance":true}
{"entry":"std-points-20260914-ac4f0f2444b0--sub2--model","reused":true,"actual_sdk_calls":0,"original_actual_sdk_calls":1,"strict_matched":false,"within_tolerance":true}
{"entry":"std-points-20260914-ac4f0f2444b0--sub2--partial","reused":true,"actual_sdk_calls":0,"original_actual_sdk_calls":1,"strict_matched":false,"within_tolerance":true}
{"entry":"std-points-20260914-ac4f0f2444b0--sub2--wrong","reused":true,"actual_sdk_calls":0,"original_actual_sdk_calls":1,"strict_matched":false,"within_tolerance":true}
{"entry":"std-points-20260914-a3ca61fccae4--sub2--model","reused":true,"actual_sdk_calls":0,"original_actual_sdk_calls":1,"strict_matched":true,"within_tolerance":true}
{"entry":"std-points-20260914-a3ca61fccae4--sub2--partial","reused":true,"actual_sdk_calls":0,"original_actual_sdk_calls":1,"strict_matched":true,"within_tolerance":true}
{"entry":"std-points-20260914-a3ca61fccae4--sub2--wrong","reused":true,"actual_sdk_calls":0,"original_actual_sdk_calls":1,"strict_matched":false,"within_tolerance":true}
{"entry":"std-points-20260914-a0ae425fd0b3--sub1--model","reused":true,"actual_sdk_calls":0,"original_actual_sdk_calls":1,"strict_matched":true,"within_tolerance":true}
{"entry":"std-points-20260914-a0ae425fd0b3--sub1--partial","reused":true,"actual_sdk_calls":0,"original_actual_sdk_calls":1,"strict_matched":true,"within_tolerance":true}
{"entry":"std-points-20260914-a0ae425fd0b3--sub1--wrong","reused":true,"actual_sdk_calls":0,"original_actual_sdk_calls":1,"strict_matched":false,"within_tolerance":true}
{"entry":"std-points-20260914-2ae588b5cc20--sub2--model","reused":true,"actual_sdk_calls":0,"original_actual_sdk_calls":1,"strict_matched":false,"within_tolerance":true}
{"entry":"std-points-20260914-2ae588b5cc20--sub2--partial","reused":true,"actual_sdk_calls":0,"original_actual_sdk_calls":1,"strict_matched":true,"within_tolerance":true}
{"entry":"std-points-20260914-2ae588b5cc20--sub2--wrong","reused":true,"actual_sdk_calls":0,"original_actual_sdk_calls":1,"strict_matched":false,"within_tolerance":true}
{"entry":"std-points-20260914-d1bdf656a521--q1--model","reused":true,"actual_sdk_calls":0,"original_actual_sdk_calls":1,"strict_matched":true,"within_tolerance":true}
{"entry":"std-points-20260914-d1bdf656a521--q1--partial","reused":true,"actual_sdk_calls":0,"original_actual_sdk_calls":1,"strict_matched":true,"within_tolerance":true}
{"entry":"std-points-20260914-d1bdf656a521--q1--wrong","reused":true,"actual_sdk_calls":0,"original_actual_sdk_calls":1,"strict_matched":false,"within_tolerance":true}
{"entry":"std-points-20260914-bb44226b906a--sub2--model","reused":true,"actual_sdk_calls":0,"original_actual_sdk_calls":1,"strict_matched":true,"within_tolerance":true}
{"entry":"std-points-20260914-bb44226b906a--sub2--partial","reused":true,"actual_sdk_calls":0,"original_actual_sdk_calls":1,"strict_matched":true,"within_tolerance":true}
{"entry":"std-points-20260914-bb44226b906a--sub2--wrong","reused":true,"actual_sdk_calls":0,"original_actual_sdk_calls":1,"strict_matched":false,"within_tolerance":true}
{"entry":"std-points-20260914-4f14e3b02fd5--sub2--model","reused":true,"actual_sdk_calls":0,"original_actual_sdk_calls":1,"strict_matched":true,"within_tolerance":true}
{"entry":"std-points-20260914-4f14e3b02fd5--sub2--partial","reused":true,"actual_sdk_calls":0,"original_actual_sdk_calls":1,"strict_matched":true,"within_tolerance":true}
{"entry":"std-points-20260914-4f14e3b02fd5--sub2--wrong","reused":true,"actual_sdk_calls":0,"original_actual_sdk_calls":1,"strict_matched":false,"within_tolerance":true}
{"entry":"std-points-20260914-7c8d41e23fcc--sub3--model","reused":true,"actual_sdk_calls":0,"original_actual_sdk_calls":1,"strict_matched":true,"within_tolerance":true}
{"entry":"std-points-20260914-7c8d41e23fcc--sub3--partial","reused":true,"actual_sdk_calls":0,"original_actual_sdk_calls":1,"strict_matched":true,"within_tolerance":true}
{"entry":"std-points-20260914-7c8d41e23fcc--sub3--wrong","reused":true,"actual_sdk_calls":0,"original_actual_sdk_calls":1,"strict_matched":false,"within_tolerance":true}
{"entry":"std-points-20260914-0ba89f2456ad--sub2--model","reused":true,"actual_sdk_calls":0,"original_actual_sdk_calls":1,"strict_matched":true,"within_tolerance":true}
{"entry":"std-points-20260914-0ba89f2456ad--sub2--partial","reused":true,"actual_sdk_calls":0,"original_actual_sdk_calls":1,"strict_matched":true,"within_tolerance":true}
{"entry":"std-points-20260914-0ba89f2456ad--sub2--wrong","reused":true,"actual_sdk_calls":0,"original_actual_sdk_calls":1,"strict_matched":false,"within_tolerance":true}
{"entry":"std-points-20260914-f3a365184a5c--sub1--model","reused":true,"actual_sdk_calls":0,"original_actual_sdk_calls":1,"strict_matched":true,"within_tolerance":true}
{"entry":"std-points-20260914-f3a365184a5c--sub1--partial","reused":true,"actual_sdk_calls":0,"original_actual_sdk_calls":1,"strict_matched":true,"within_tolerance":true}
{"entry":"std-points-20260914-f3a365184a5c--sub1--wrong","reused":true,"actual_sdk_calls":0,"original_actual_sdk_calls":1,"strict_matched":true,"within_tolerance":true}
{"entry":"std-points-20260914-b1669eebcd57--sub2--model","reused":true,"actual_sdk_calls":0,"original_actual_sdk_calls":1,"strict_matched":true,"within_tolerance":true}
{"entry":"std-points-20260914-b1669eebcd57--sub2--partial","reused":true,"actual_sdk_calls":0,"original_actual_sdk_calls":1,"strict_matched":true,"within_tolerance":true}
{"entry":"std-points-20260914-b1669eebcd57--sub2--wrong","reused":true,"actual_sdk_calls":0,"original_actual_sdk_calls":1,"strict_matched":false,"within_tolerance":true}
{"entry":"std-points-20260914-c3d6fde34fc2--sub1--model","reused":true,"actual_sdk_calls":0,"original_actual_sdk_calls":1,"strict_matched":true,"within_tolerance":true}
{"entry":"std-points-20260914-c3d6fde34fc2--sub1--partial","reused":true,"actual_sdk_calls":0,"original_actual_sdk_calls":1,"strict_matched":true,"within_tolerance":true}
{"entry":"std-points-20260914-c3d6fde34fc2--sub1--wrong","reused":true,"actual_sdk_calls":0,"original_actual_sdk_calls":1,"strict_matched":false,"within_tolerance":true}
{"entry":"std-points-20260914-f70c845ada83--sub1--model","reused":true,"actual_sdk_calls":0,"original_actual_sdk_calls":1,"strict_matched":true,"within_tolerance":true}
{"entry":"std-points-20260914-f70c845ada83--sub1--partial","reused":true,"actual_sdk_calls":0,"original_actual_sdk_calls":1,"strict_matched":true,"within_tolerance":true}
{"entry":"std-points-20260914-f70c845ada83--sub1--wrong","reused":true,"actual_sdk_calls":0,"original_actual_sdk_calls":1,"strict_matched":false,"within_tolerance":true}
{"entry":"std-points-20260914-d6c7d2ca05e6--sub1--model","reused":true,"actual_sdk_calls":0,"original_actual_sdk_calls":1,"strict_matched":true,"within_tolerance":true}
{"entry":"std-points-20260914-d6c7d2ca05e6--sub1--partial","reused":true,"actual_sdk_calls":0,"original_actual_sdk_calls":1,"strict_matched":true,"within_tolerance":true}
{"entry":"std-points-20260914-d6c7d2ca05e6--sub1--wrong","reused":true,"actual_sdk_calls":0,"original_actual_sdk_calls":1,"strict_matched":false,"within_tolerance":true}
{"entry":"std-points-20260914-5f7d9ba868f6--sub3--model","reused":true,"actual_sdk_calls":0,"original_actual_sdk_calls":1,"strict_matched":true,"within_tolerance":true}
{"entry":"std-points-20260914-5f7d9ba868f6--sub3--partial","reused":true,"actual_sdk_calls":0,"original_actual_sdk_calls":1,"strict_matched":true,"within_tolerance":true}
{"entry":"std-points-20260914-5f7d9ba868f6--sub3--wrong","reused":true,"actual_sdk_calls":0,"original_actual_sdk_calls":1,"strict_matched":false,"within_tolerance":true}
{"entry":"std-points-20260914-15386556daa8--sub1--model","reused":true,"actual_sdk_calls":0,"original_actual_sdk_calls":1,"strict_matched":true,"within_tolerance":true}
{"entry":"std-points-20260914-15386556daa8--sub1--partial","reused":true,"actual_sdk_calls":0,"original_actual_sdk_calls":1,"strict_matched":true,"within_tolerance":true}
{"entry":"std-points-20260914-15386556daa8--sub1--wrong","reused":true,"actual_sdk_calls":0,"original_actual_sdk_calls":1,"strict_matched":false,"within_tolerance":true}
{"entry":"std-points-20260914-b1ca4afb323f--sub2--model","reused":true,"actual_sdk_calls":0,"original_actual_sdk_calls":1,"strict_matched":true,"within_tolerance":true}
{"entry":"std-points-20260914-b1ca4afb323f--sub2--partial","reused":true,"actual_sdk_calls":0,"original_actual_sdk_calls":1,"strict_matched":true,"within_tolerance":true}
{"entry":"std-points-20260914-b1ca4afb323f--sub2--wrong","reused":true,"actual_sdk_calls":0,"original_actual_sdk_calls":1,"strict_matched":false,"within_tolerance":true}
{"entry":"std-points-20260914-55956c126c3e--sub1--model","reused":true,"actual_sdk_calls":0,"original_actual_sdk_calls":1,"strict_matched":true,"within_tolerance":true}
{"entry":"std-points-20260914-55956c126c3e--sub1--partial","reused":true,"actual_sdk_calls":0,"original_actual_sdk_calls":1,"strict_matched":true,"within_tolerance":true}
{"entry":"std-points-20260914-55956c126c3e--sub1--wrong","reused":true,"actual_sdk_calls":0,"original_actual_sdk_calls":1,"strict_matched":false,"within_tolerance":true}
{"entry":"std-points-20260914-8fb759615dea--sub2--model","reused":true,"actual_sdk_calls":0,"original_actual_sdk_calls":1,"strict_matched":true,"within_tolerance":true}
{"entry":"std-points-20260914-8fb759615dea--sub2--partial","reused":true,"actual_sdk_calls":0,"original_actual_sdk_calls":1,"strict_matched":true,"within_tolerance":true}
{"entry":"std-points-20260914-8fb759615dea--sub2--wrong","reused":true,"actual_sdk_calls":0,"original_actual_sdk_calls":1,"strict_matched":false,"within_tolerance":true}
{"entry":"std-points-20260914-2222be03fee2--sub1--model","reused":true,"actual_sdk_calls":0,"original_actual_sdk_calls":1,"strict_matched":true,"within_tolerance":true}
{"entry":"std-points-20260914-2222be03fee2--sub1--partial","reused":true,"actual_sdk_calls":0,"original_actual_sdk_calls":1,"strict_matched":false,"within_tolerance":true}
{"entry":"std-points-20260914-2222be03fee2--sub1--wrong","reused":true,"actual_sdk_calls":0,"original_actual_sdk_calls":1,"strict_matched":false,"within_tolerance":true}
{"entry":"std-points-20260914-3e6441db2bd9--sub2--model","reused":true,"actual_sdk_calls":0,"original_actual_sdk_calls":1,"strict_matched":true,"within_tolerance":true}
{"entry":"std-points-20260914-3e6441db2bd9--sub2--partial","reused":true,"actual_sdk_calls":0,"original_actual_sdk_calls":1,"strict_matched":true,"within_tolerance":true}
{"entry":"std-points-20260914-3e6441db2bd9--sub2--wrong","reused":true,"actual_sdk_calls":0,"original_actual_sdk_calls":1,"strict_matched":false,"within_tolerance":true}
{"entry":"std-points-20260914-fba1084ab549--sub2--model","reused":true,"actual_sdk_calls":0,"original_actual_sdk_calls":1,"strict_matched":true,"within_tolerance":true}
{"entry":"std-points-20260914-fba1084ab549--sub2--partial","reused":true,"actual_sdk_calls":0,"original_actual_sdk_calls":1,"strict_matched":true,"within_tolerance":true}
{"entry":"std-points-20260914-fba1084ab549--sub2--wrong","reused":true,"actual_sdk_calls":0,"original_actual_sdk_calls":1,"strict_matched":false,"within_tolerance":true}
{"entry":"std-points-20260914-1f65e5f78564--sub3--model","reused":true,"actual_sdk_calls":0,"original_actual_sdk_calls":1,"strict_matched":true,"within_tolerance":true}
{"entry":"std-points-20260914-1f65e5f78564--sub3--partial","reused":true,"actual_sdk_calls":0,"original_actual_sdk_calls":1,"strict_matched":true,"within_tolerance":true}
{"entry":"std-points-20260914-1f65e5f78564--sub3--wrong","reused":true,"actual_sdk_calls":0,"original_actual_sdk_calls":1,"strict_matched":false,"within_tolerance":true}
{"entry":"std-points-20260914-74a3c46b71eb--sub2--model","reused":true,"actual_sdk_calls":0,"original_actual_sdk_calls":1,"strict_matched":true,"within_tolerance":true}
{"entry":"std-points-20260914-74a3c46b71eb--sub2--partial","reused":true,"actual_sdk_calls":0,"original_actual_sdk_calls":1,"strict_matched":true,"within_tolerance":true}
{"entry":"std-points-20260914-74a3c46b71eb--sub2--wrong","reused":true,"actual_sdk_calls":0,"original_actual_sdk_calls":1,"strict_matched":false,"within_tolerance":true}
{"entry":"std-points-20260914-81b9b4f8bd91--sub2--model","reused":true,"actual_sdk_calls":0,"original_actual_sdk_calls":1,"strict_matched":true,"within_tolerance":true}
{"entry":"std-points-20260914-81b9b4f8bd91--sub2--partial","reused":true,"actual_sdk_calls":0,"original_actual_sdk_calls":1,"strict_matched":true,"within_tolerance":true}
{"entry":"std-points-20260914-81b9b4f8bd91--sub2--wrong","reused":true,"actual_sdk_calls":0,"original_actual_sdk_calls":1,"strict_matched":false,"within_tolerance":true}
{"entry":"std-points-20260914-f6e04eee9f12--sub3--model","reused":true,"actual_sdk_calls":0,"original_actual_sdk_calls":1,"strict_matched":true,"within_tolerance":true}
{"entry":"std-points-20260914-f6e04eee9f12--sub3--partial","reused":true,"actual_sdk_calls":0,"original_actual_sdk_calls":1,"strict_matched":true,"within_tolerance":true}
{"entry":"std-points-20260914-f6e04eee9f12--sub3--wrong","reused":true,"actual_sdk_calls":0,"original_actual_sdk_calls":1,"strict_matched":false,"within_tolerance":true}
{"entry":"std-points-20260914-320b18021b39--sub1--model","reused":true,"actual_sdk_calls":0,"original_actual_sdk_calls":1,"strict_matched":true,"within_tolerance":true}
{"entry":"std-points-20260914-320b18021b39--sub1--partial","reused":true,"actual_sdk_calls":0,"original_actual_sdk_calls":1,"strict_matched":true,"within_tolerance":true}
{"entry":"std-points-20260914-320b18021b39--sub1--wrong","reused":true,"actual_sdk_calls":0,"original_actual_sdk_calls":1,"strict_matched":false,"within_tolerance":true}
{"entry":"std-points-20260914-253c5e8ae4fe--sub2--model","reused":true,"actual_sdk_calls":0,"original_actual_sdk_calls":1,"strict_matched":true,"within_tolerance":true}
{"entry":"std-points-20260914-253c5e8ae4fe--sub2--partial","reused":true,"actual_sdk_calls":0,"original_actual_sdk_calls":1,"strict_matched":true,"within_tolerance":true}
{"entry":"std-points-20260914-253c5e8ae4fe--sub2--wrong","reused":true,"actual_sdk_calls":0,"original_actual_sdk_calls":1,"strict_matched":false,"within_tolerance":true}
{"entry":"std-points-20260914-e7a3730d6484--sub1--model","reused":true,"actual_sdk_calls":0,"original_actual_sdk_calls":1,"strict_matched":true,"within_tolerance":true}
{"entry":"std-points-20260914-e7a3730d6484--sub1--partial","reused":true,"actual_sdk_calls":0,"original_actual_sdk_calls":1,"strict_matched":true,"within_tolerance":true}
{"entry":"std-points-20260914-e7a3730d6484--sub1--wrong","reused":true,"actual_sdk_calls":0,"original_actual_sdk_calls":1,"strict_matched":false,"within_tolerance":true}
{"entry":"std-points-20260914-10e28726886d--sub2--model","reused":true,"actual_sdk_calls":0,"original_actual_sdk_calls":1,"strict_matched":true,"within_tolerance":true}
{"entry":"std-points-20260914-10e28726886d--sub2--partial","reused":true,"actual_sdk_calls":0,"original_actual_sdk_calls":1,"strict_matched":true,"within_tolerance":true}
{"entry":"std-points-20260914-10e28726886d--sub2--wrong","reused":true,"actual_sdk_calls":0,"original_actual_sdk_calls":1,"strict_matched":false,"within_tolerance":true}
{"entry":"std-points-20260914-75a082c48cbc--sub1--model","reused":true,"actual_sdk_calls":0,"original_actual_sdk_calls":1,"strict_matched":true,"within_tolerance":true}
{"entry":"std-points-20260914-75a082c48cbc--sub1--partial","reused":true,"actual_sdk_calls":0,"original_actual_sdk_calls":1,"strict_matched":true,"within_tolerance":true}
{"entry":"std-points-20260914-75a082c48cbc--sub1--wrong","reused":true,"actual_sdk_calls":0,"original_actual_sdk_calls":1,"strict_matched":false,"within_tolerance":true}
{"entry":"std-points-20260914-443284e8f64b--sub1--model","reused":true,"actual_sdk_calls":0,"original_actual_sdk_calls":1,"strict_matched":true,"within_tolerance":true}
{"entry":"std-points-20260914-443284e8f64b--sub1--partial","reused":true,"actual_sdk_calls":0,"original_actual_sdk_calls":1,"strict_matched":true,"within_tolerance":true}
{"entry":"std-points-20260914-443284e8f64b--sub1--wrong","reused":true,"actual_sdk_calls":0,"original_actual_sdk_calls":1,"strict_matched":false,"within_tolerance":true}
{"entry":"std-points-20260914-fa2d3a177634--sub2--model","reused":true,"actual_sdk_calls":0,"original_actual_sdk_calls":1,"strict_matched":true,"within_tolerance":true}
{"entry":"std-points-20260914-fa2d3a177634--sub2--partial","reused":true,"actual_sdk_calls":0,"original_actual_sdk_calls":1,"strict_matched":true,"within_tolerance":true}
{"entry":"std-points-20260914-fa2d3a177634--sub2--wrong","reused":true,"actual_sdk_calls":0,"original_actual_sdk_calls":1,"strict_matched":false,"within_tolerance":true}
{"entry":"std-points-20260914-874ec474222d--sub1--model","reused":true,"actual_sdk_calls":0,"original_actual_sdk_calls":1,"strict_matched":true,"within_tolerance":true}
{"entry":"std-points-20260914-874ec474222d--sub1--partial","reused":true,"actual_sdk_calls":0,"original_actual_sdk_calls":1,"strict_matched":true,"within_tolerance":true}
{"entry":"std-points-20260914-874ec474222d--sub1--wrong","reused":true,"actual_sdk_calls":0,"original_actual_sdk_calls":1,"strict_matched":false,"within_tolerance":true}
{"entry":"std-points-20260914-90ff3e9ba9d8--sub2--model","reused":true,"actual_sdk_calls":0,"original_actual_sdk_calls":1,"strict_matched":true,"within_tolerance":true}
{"entry":"std-points-20260914-90ff3e9ba9d8--sub2--partial","reused":true,"actual_sdk_calls":0,"original_actual_sdk_calls":1,"strict_matched":true,"within_tolerance":true}
{"entry":"std-points-20260914-90ff3e9ba9d8--sub2--wrong","reused":true,"actual_sdk_calls":0,"original_actual_sdk_calls":1,"strict_matched":false,"within_tolerance":true}
{"entry":"std-points-20260914-c2bce35fe3c4--sub2--model","reused":true,"actual_sdk_calls":0,"original_actual_sdk_calls":1,"strict_matched":true,"within_tolerance":true}
{"entry":"std-points-20260914-c2bce35fe3c4--sub2--partial","reused":true,"actual_sdk_calls":0,"original_actual_sdk_calls":1,"strict_matched":true,"within_tolerance":true}
{"entry":"std-points-20260914-c2bce35fe3c4--sub2--wrong","reused":true,"actual_sdk_calls":0,"original_actual_sdk_calls":1,"strict_matched":false,"within_tolerance":true}
{"entry":"std-points-20260914-be88bdd7f3fe--subq2--model","reused":true,"actual_sdk_calls":0,"original_actual_sdk_calls":1,"strict_matched":true,"within_tolerance":true}
{"entry":"std-points-20260914-be88bdd7f3fe--subq2--partial","reused":true,"actual_sdk_calls":0,"original_actual_sdk_calls":1,"strict_matched":true,"within_tolerance":true}
{"entry":"std-points-20260914-be88bdd7f3fe--subq2--wrong","reused":true,"actual_sdk_calls":0,"original_actual_sdk_calls":1,"strict_matched":true,"within_tolerance":true}
{"entry":"std-points-20260914-68b9bac9fd95--sub1--model","reused":true,"actual_sdk_calls":0,"original_actual_sdk_calls":1,"strict_matched":true,"within_tolerance":true}
{"entry":"std-points-20260914-68b9bac9fd95--sub1--partial","reused":true,"actual_sdk_calls":0,"original_actual_sdk_calls":1,"strict_matched":true,"within_tolerance":true}
{"entry":"std-points-20260914-68b9bac9fd95--sub1--wrong","reused":true,"actual_sdk_calls":0,"original_actual_sdk_calls":1,"strict_matched":false,"within_tolerance":true}
{"entry":"std-points-20260914-d1d89ea9818e--sub2--model","reused":true,"actual_sdk_calls":0,"original_actual_sdk_calls":1,"strict_matched":true,"within_tolerance":true}
{"entry":"std-points-20260914-d1d89ea9818e--sub2--partial","reused":true,"actual_sdk_calls":0,"original_actual_sdk_calls":1,"strict_matched":true,"within_tolerance":true}
{"entry":"std-points-20260914-d1d89ea9818e--sub2--wrong","reused":true,"actual_sdk_calls":0,"original_actual_sdk_calls":1,"strict_matched":false,"within_tolerance":true}
{"entry":"std-points-20260914-b014c2599fa2--sub3--model","reused":true,"actual_sdk_calls":0,"original_actual_sdk_calls":1,"strict_matched":true,"within_tolerance":true}
{"entry":"std-points-20260914-b014c2599fa2--sub3--partial","reused":true,"actual_sdk_calls":0,"original_actual_sdk_calls":1,"strict_matched":true,"within_tolerance":true}
{"entry":"std-points-20260914-b014c2599fa2--sub3--wrong","reused":true,"actual_sdk_calls":0,"original_actual_sdk_calls":1,"strict_matched":false,"within_tolerance":true}
{"entry":"std-points-20260914-1bf3a2b9fe97--sub4--model","reused":true,"actual_sdk_calls":0,"original_actual_sdk_calls":1,"strict_matched":true,"within_tolerance":true}
{"entry":"std-points-20260914-1bf3a2b9fe97--sub4--partial","reused":true,"actual_sdk_calls":0,"original_actual_sdk_calls":1,"strict_matched":true,"within_tolerance":true}
{"entry":"std-points-20260914-1bf3a2b9fe97--sub4--wrong","reused":true,"actual_sdk_calls":0,"original_actual_sdk_calls":1,"strict_matched":false,"within_tolerance":true}
{"entry":"pilot-02-002--sub2--model","reused":true,"actual_sdk_calls":0,"original_actual_sdk_calls":1,"strict_matched":true,"within_tolerance":true}
{"entry":"pilot-02-002--sub2--partial","reused":true,"actual_sdk_calls":0,"original_actual_sdk_calls":1,"strict_matched":true,"within_tolerance":true}
{"entry":"pilot-02-002--sub2--wrong","reused":true,"actual_sdk_calls":0,"original_actual_sdk_calls":1,"strict_matched":false,"within_tolerance":true}
{"entry":"pilot-10-001--subq1--model","reused":true,"actual_sdk_calls":0,"original_actual_sdk_calls":1,"strict_matched":true,"within_tolerance":true}
{"entry":"pilot-10-001--subq1--partial","reused":true,"actual_sdk_calls":0,"original_actual_sdk_calls":1,"strict_matched":true,"within_tolerance":true}
{"entry":"pilot-10-001--subq1--wrong","reused":true,"actual_sdk_calls":0,"original_actual_sdk_calls":1,"strict_matched":false,"within_tolerance":true}
{"entry":"pilot-13-001--sub1--model","reused":true,"actual_sdk_calls":0,"original_actual_sdk_calls":1,"strict_matched":true,"within_tolerance":true}
{"entry":"pilot-13-001--sub1--partial","reused":true,"actual_sdk_calls":0,"original_actual_sdk_calls":1,"strict_matched":true,"within_tolerance":true}
{"entry":"pilot-13-001--sub1--wrong","reused":true,"actual_sdk_calls":0,"original_actual_sdk_calls":1,"strict_matched":false,"within_tolerance":true}
{"entry":"pilot-18-001--subq1--model","reused":true,"actual_sdk_calls":0,"original_actual_sdk_calls":1,"strict_matched":true,"within_tolerance":true}
{"entry":"pilot-18-001--subq1--partial","reused":true,"actual_sdk_calls":0,"original_actual_sdk_calls":1,"strict_matched":true,"within_tolerance":true}
{"entry":"pilot-18-001--subq1--wrong","reused":true,"actual_sdk_calls":0,"original_actual_sdk_calls":1,"strict_matched":false,"within_tolerance":true}
