pilot-01-002: 직렬화 의미검수 입력 288284자
pilot-01-002/9c34c0337f5f394d0c15f7ad2d3f4ec7b1002784347455d224c2e58dc70d0a70: 사례 채점 일치
pilot-01-002/737139fd36251eeb31e0975c9076fc94bf87928ac82983cbd8d20bdc2ca3e400: 사례 채점 일치
pilot-01-002/f6a14cfc551d3d05a5f9f2bcff64fa65a9c207c79760e547d94ac4dd4202475e: 사례 채점 일치
pilot-01-002/a8e18fb8abb835f6fab622445b34ce5eb6667d13e872bc5e2c783427f739a483: 사례 채점 일치
pilot-01-002/36cbde203a7ec7b5e09961862b294ef04deb023b025160ed646fa3add3c6f471: 사례 채점 일치
pilot-01-002/4bc6dafb4eaeba6cc24faeb045403aef13314fa88a4f6849e6ad3a89523ca506: 사례 채점 일치
pilot-01-002/8cb7eb9042730e2cff61081940242adefedb4f20acf9ed00c6cf4876b3dbe170: 사례 채점 일치
pilot-01-002/13e2b48e6cdb70c35d41f0ca0df12daa143abac7a4a9c590efce9650007fcd8b: 사례 채점 일치
pilot-01-002/0ba50585f955f2fc51a70a5f7beef7b426f3cf5a9cdac8c622332dcbf29abb82: 사례 채점 일치
pilot-01-002/41267b9616b57db2a8a4f194f7b83ff77792ce518b9825b6d094d500b8a47b28: 사례 채점 일치
pilot-01-002/1d84dd6e8502a6f7dd24e3d38332d55ca95ec8c31a1a2ceeebf67792cbd385d2: 사례 채점 일치
pilot-01-002/3b84d311f9b90a6b0d352a0e400d047c50209c8c78d588b75f21ee7cd792d204: 사례 채점 일치
pilot-01-002/9f12c6bbfe8d3dbbdaec7e8c8791ae780a41cb66e50e5e92b8d355f053b43567: 사례 채점 일치
pilot-01-002/b85d8b7c2d08611b5f97b2112795f5714ffc4aa4197b82d60d6100a89af3048a: 사례 채점 일치
pilot-01-002/a4c6a3f34dee4810ebc9b9a7be16d175d3037294abee77f3033437ff4f3c9562: 사례 채점 일치
pilot-01-002/ba81f9a26d1f943be9fbbca5e42963ac3f41fd244e6255f958f60880f20aec06: 사례 채점 일치
pilot-01-002/4597d1cdaf52b36fde1114b6b06ed6ac075b8eadc4927f84da28def0ce56c96b: 사례 채점 일치
pilot-01-002/dbc7c98d7da3e86fcb48451bb81e77c7b1774b13a71dfd247ccc792b00577704: 사례 채점 일치
pilot-01-002/b81ae1f41ae0afc3378408b4f751ff82957eb546c0a117b4ad1500c5f4db2e5a: 사례 채점 일치
pilot-01-002/26d3d408043b1431e4bf58ae276a1838d4440ed7b5d6d4bbac2739d5cde2758c: 사례 채점 일치
pilot-01-002/9f827fdc2ff1f2a0d40ff920166c0929ff0c9ea2a4e5cfd21055fbb6e673cc97: 사례 채점 일치
pilot-01-002/44a58435908f08a468da1fc91b23da9ee43d59a7915686416294f9157df768ea: 사례 채점 일치
pilot-01-002/9a5b67012ad613fab28f1fdd817bdfb891c9fbc3f831ba4dbaefe06d10f2e279: 사례 채점 일치
pilot-01-002/a6c86da3710b940a2c645fd91f6383249faaa687fc9ef236955be6a2847f1971: 사례 채점 일치
pilot-01-002/ce974f5868275e9ea4c860fa571a107ce5c261e1889cc8822ef979afe4510c3b: 사례 채점 일치
pilot-01-002/5df5dac9ff8cceecca37f29a4286c4442633433ce691a8cf37f16fb0a0cdc803: 사례 채점 일치
pilot-01-002/175cbc9bb03e8ff2bc28c367f5e7efc7efc5d8b533391656775882992506b380: 사례 채점 일치
pilot-01-002/580b272f4509a2b7c39c3bf67b59ccde494b1b1a726c73ec7c16c615ccd93e07: 사례 채점 일치
pilot-01-002/99db4b3c4fd824ff554874d2c83fe7044f91b067a4fcc3a6ac6d05c1e6fb0758: 사례 채점 일치
pilot-01-002/ededbf7e3084fb4a952e3191d66ddbf118ba68b99e2639bde2fe4bdf52fc65f9: 사례 채점 일치
pilot-01-002/3b91be0694bd09c006d5b26a20ee329bb7ab8befc42b5e17ab6fdefd04d34a88: 사례 채점 일치
pilot-01-002/1911842f39f537a0d0bccf3c416ad9de64b88949234fcf52409732b5d2e689ed: 사례 채점 일치
pilot-01-002/cbf1ab6a2884f3f843e7f76636f58408c4fad0e3f10299a80549a7b04ccb962b: 사례 채점 일치
pilot-01-002/6353734d9f3ecb15d377f757ed44eae54e223d32338e44241ae278a734694806: 사례 채점 불일치
pilot-01-002/768ebc45d4db91d3a4f37c359b20e6a62bce125ef799ceec4714a16b8581e4b7: 사례 채점 일치
pilot-01-002/09f3f4204b7ea22f179db9c88773cad84e7a3ec39cd643bc1e7d59a424ddf78d: 사례 채점 일치
pilot-01-002/8492870a543fa35dce89ef598de1e7eaf308c07e85e1dd09cf8435cdba271538: 사례 채점 일치
pilot-01-002/4485c5f0e24e1cb4a5222e301dd0b49da6d6d2d0a6cc30c7f76bf057d22ec673: 사례 채점 일치
pilot-01-002/empty-answer: 사례 채점 일치
의미검수 산출물: C:\Users\cntrl\Workspace\study\audit_say\cpa_uploader\analysis\reviews\point-review-and-publication-2026-09-11\execution-resumes\resume-2026-09-12-v2\canary\grading-a\pilot-01-002\grading.json (pilot-01-002=pass)
문항 상태는 변경하지 않았습니다. pass도 사람의 실제 검수 근거와 별도 verified/published 승급이 필요합니다.
