{
  "checked_at": "2026-09-13T02:28:49.004Z",
  "source_file_hash": "c429b6fead174a647cd6575f40dcb87a56fd4fb78bc098aaa2c229cab9660b38",
  "bank_content_hash": "88c7909584e89306b7494387a991852813c07277c9bc86d668b3fdd5c9161068",
  "public_content_hash": "3c20f154a149383e58b7c2e09e4d123e4085ae1582766e9589e2af8e71ce7571",
  "set_count": 161,
  "subquestion_count": 377,
  "criterion_count": 1360,
  "max_points": 1360,
  "ready": true,
  "errors": [],
  "source_hash_mismatches": [],
  "content_review_performed": true,
  "full_bank_validation": {
    "exit_code": 0,
    "signal": null,
    "elapsed_ms": 45526,
    "error_code": null
  },
  "report_path": "C:\\Users\\cntrl\\Workspace\\study\\audit_say\\cpa_uploader\\drafts\\standard-additional-2026-09-13\\publication-v2\\stage\\db-readiness-v2.json"
}
읽기 전용 검증 완료. --apply 없이는 DB를 변경하지 않습니다.
