{
  "output": "C:\\Users\\cntrl\\Workspace\\study\\audit_say\\cpa_uploader\\analysis\\reviews\\standard-points-implementation-2026-09-14\\db-publication-v5\\verification.json",
  "status": "passed",
  "expected": {
    "sets": 363,
    "questions": 528,
    "criteria": 1831,
    "points": 1831,
    "standard_questions": 372,
    "case_questions": 156,
    "case_parents": 61,
    "learning_units": 433,
    "topic_links": 681,
    "topics": 19
  },
  "failures": [],
  "requests": 367,
  "remote_write_queries": 0,
  "model_api_calls": 0
}
