{
  "checked_at": "2026-09-20T07:39:56.264Z",
  "source_file_hash": "a8da89eecb7a79b9f843fa7c774622880e9fa23d259cb4d0e4c2e1dcfe6a86f3",
  "bank_content_hash": "eb185774cdab3a00aeeeff548c71e3b4b388957f7c4b4f7bfee3706dea6e1439",
  "public_content_hash": "5b1ea88009a19fe32c64618e3257c0c7e6d3bdd7e9a00701da306796aaadffa7",
  "set_count": 358,
  "subquestion_count": 514,
  "criterion_count": 1803,
  "max_points": 1803,
  "ready": true,
  "errors": [],
  "source_hash_mismatches": [],
  "content_review_performed": true,
  "full_bank_validation": {
    "exit_code": 0,
    "signal": null,
    "elapsed_ms": 134937,
    "error_code": null
  },
  "report_path": "C:\\Users\\cntrl\\Workspace\\study\\audit_say\\tmp\\case-review-publication-r13-r15\\stage\\db-readiness.json"
}
읽기 전용 검증 완료. --apply 없이는 DB를 변경하지 않습니다.
