{"set_id":"pilot-11-005","unit_id":"subquestion:sub1","attempt":1,"status":"grounded","checks":{"alignment":"pass","source_support":"pass","conditions_exceptions":"pass","edition_scope":"pass","nonduplication":"pass"}}
{"set_id":"pilot-11-005","unit_id":"criterion:sub1:sub1.crit1","attempt":1,"status":"grounded","checks":{"alignment":"pass","source_support":"pass","conditions_exceptions":"pass","edition_scope":"pass","nonduplication":"pass"}}
{"set_id":"pilot-11-005","unit_id":"criterion:sub1:sub1.crit2","attempt":1,"status":"grounded","checks":{"alignment":"pass","source_support":"pass","conditions_exceptions":"pass","edition_scope":"pass","nonduplication":"pass"}}
{"set_id":"pilot-11-005","unit_id":"criterion:sub1:sub1.crit3","attempt":1,"status":"grounded","checks":{"alignment":"pass","source_support":"pass","conditions_exceptions":"pass","edition_scope":"pass","nonduplication":"pass"}}
{"set_id":"pilot-11-005","unit_id":"criterion:sub1:sub1.crit4","attempt":1,"status":"grounded","checks":{"alignment":"pass","source_support":"pass","conditions_exceptions":"pass","edition_scope":"pass","nonduplication":"pass"}}
{"set_id":"pilot-11-005","unit_id":"criterion:sub1:sub1.crit5","attempt":1,"status":"grounded","checks":{"alignment":"pass","source_support":"pass","conditions_exceptions":"pass","edition_scope":"pass","nonduplication":"pass"}}
{"set_id":"pilot-11-005","unit_id":"criterion:sub1:sub1.crit6","attempt":1,"status":"grounded","checks":{"alignment":"pass","source_support":"pass","conditions_exceptions":"pass","edition_scope":"pass","nonduplication":"pass"}}
{"set_id":"pilot-11-005","unit_id":"criterion:sub1:sub1.crit7","attempt":1,"status":"grounded","checks":{"alignment":"pass","source_support":"pass","conditions_exceptions":"pass","edition_scope":"pass","nonduplication":"pass"}}
{"set_id":"pilot-11-005","unit_id":"criterion:sub1:sub1.crit8","attempt":1,"status":"grounded","checks":{"alignment":"pass","source_support":"pass","conditions_exceptions":"pass","edition_scope":"pass","nonduplication":"pass"}}
{"set_id":"pilot-11-005","unit_id":"criterion:sub1:sub1.crit9","attempt":1,"status":"grounded","checks":{"alignment":"pass","source_support":"pass","conditions_exceptions":"pass","edition_scope":"pass","nonduplication":"pass"}}
{"set_id":"pilot-11-005","unit_id":"subquestion:sub2","attempt":1,"status":"grounded","checks":{"alignment":"pass","source_support":"pass","conditions_exceptions":"pass","edition_scope":"pass","nonduplication":"pass"}}
{"set_id":"pilot-11-005","unit_id":"criterion:sub2:sub2.crit1","attempt":1,"status":"grounded","checks":{"alignment":"pass","source_support":"pass","conditions_exceptions":"pass","edition_scope":"pass","nonduplication":"pass"}}
{"set_id":"pilot-11-005","unit_id":"criterion:sub2:sub2.crit2","attempt":1,"status":"grounded","checks":{"alignment":"pass","source_support":"pass","conditions_exceptions":"pass","edition_scope":"pass","nonduplication":"pass"}}
{"set_id":"pilot-11-005","unit_id":"criterion:sub2:sub2.crit3","attempt":1,"status":"grounded","checks":{"alignment":"pass","source_support":"pass","conditions_exceptions":"pass","edition_scope":"pass","nonduplication":"pass"}}
{"set_id":"pilot-11-005","unit_id":"criterion:sub2:sub2.crit4","attempt":2,"status":"grounded","checks":{"alignment":"pass","source_support":"pass","conditions_exceptions":"pass","edition_scope":"pass","nonduplication":"pass"}}
{"set_id":"pilot-11-005","unit_id":"criterion:sub2:sub2.crit5","attempt":2,"status":"grounded","checks":{"alignment":"pass","source_support":"pass","conditions_exceptions":"pass","edition_scope":"pass","nonduplication":"pass"}}
{"set_id":"pilot-11-005","unit_id":"subquestion:sub3","attempt":1,"status":"grounded","checks":{"alignment":"pass","source_support":"uncertain","conditions_exceptions":"pass","edition_scope":"pass","nonduplication":"pass"}}
{"set_id":"pilot-11-005","unit_id":"criterion:sub3:sub3.crit1","attempt":1,"status":"grounded","checks":{"alignment":"pass","source_support":"uncertain","conditions_exceptions":"pass","edition_scope":"pass","nonduplication":"pass"}}
{"set_id":"pilot-11-005","unit_id":"criterion:sub3:sub3.crit2","attempt":1,"status":"grounded","checks":{"alignment":"pass","source_support":"pass","conditions_exceptions":"pass","edition_scope":"pass","nonduplication":"pass"}}
{"set_id":"pilot-11-005","unit_id":"criterion:sub3:sub3.crit3","attempt":1,"status":"grounded","checks":{"alignment":"pass","source_support":"pass","conditions_exceptions":"pass","edition_scope":"pass","nonduplication":"pass"}}
{"set_id":"pilot-11-005","unit_id":"criterion:sub3:sub3.crit4","attempt":1,"status":"grounded","checks":{"alignment":"pass","source_support":"pass","conditions_exceptions":"pass","edition_scope":"pass","nonduplication":"pass"}}
{"set_id":"pilot-11-005","verdict":"uncertain","reused":0,"live_requests":23,"output":"C:\\Users\\cntrl\\Workspace\\study\\audit_say\\cpa_uploader\\drafts\\delegated-authoring-2026-09-11\\n04\\phase-two-v5\\pilot-11-005\\semantic-v5-bank-v3-after-refill-root-01-1\\review"}
