{
  "checked_at": "2026-09-13T02:36:19.386Z",
  "source_file_hash": "c8741c1b6b7c739fe4266597411bef8ec3468b8a3e83f7e559f98ff04af86ddf",
  "bank_content_hash": "ce0e79c7eb117805310d12f14453372e91dc75c2e08374f09db776f9f6b16744",
  "public_content_hash": "f536da7714a083a5c3a29243d5d1e8de14c018fca466ec8b0c0f166db5c3bf94",
  "set_count": 186,
  "subquestion_count": 403,
  "criterion_count": 1429,
  "max_points": 1429,
  "ready": true,
  "errors": [],
  "source_hash_mismatches": [],
  "content_review_performed": true,
  "full_bank_validation": {
    "exit_code": 0,
    "signal": null,
    "elapsed_ms": 51930,
    "error_code": null
  },
  "report_path": "C:\\Users\\cntrl\\Workspace\\study\\audit_say\\cpa_uploader\\analysis\\reviews\\case-expansion-2026-09-13\\publication-v2\\stage\\readiness.json"
}
읽기 전용 검증 완료. --apply 없이는 DB를 변경하지 않습니다.
