{
  "checked_at": "2026-09-14T04:18:20.299Z",
  "source_file_hash": "8bba1a2860f05c10b116c44b64ce922a39cb80ee51a39d2d8f515ff965818df9",
  "bank_content_hash": "a27be8af33ac67413a89d4e49e5202f59cbac107424a994d07dc0ee33e450d91",
  "public_content_hash": "6d3d471231b72a5e76df9245c90d694c25d17a99663fe7c67ad0826909eb3753",
  "set_count": 230,
  "subquestion_count": 492,
  "criterion_count": 1796,
  "max_points": 1796,
  "ready": true,
  "errors": [],
  "source_hash_mismatches": [],
  "content_review_performed": true,
  "full_bank_validation": {
    "exit_code": 0,
    "signal": null,
    "elapsed_ms": 46313,
    "error_code": null
  },
  "report_path": "C:\\Users\\cntrl\\Workspace\\study\\audit_say\\cpa_uploader\\analysis\\reviews\\case-followup-2026-09-14\\publication-v1\\stage\\readiness.json"
}
읽기 전용 검증 완료. --apply 없이는 DB를 변경하지 않습니다.
