{"set_id":"pilot-10-007","case_id":"sub1-model-answer","attempt":1,"matched":true,"execution_error":false}
{"set_id":"pilot-10-007","case_id":"sub1-empty","attempt":1,"matched":true,"execution_error":false}
{"set_id":"pilot-10-007","case_id":"sub1-reverse-order","attempt":1,"matched":true,"execution_error":false}
{"set_id":"pilot-10-007","case_id":"sub1-one-sentence","attempt":1,"matched":true,"execution_error":false}
{"set_id":"pilot-10-007","case_id":"sub1-irrelevant-prefix","attempt":1,"matched":true,"execution_error":false}
{"set_id":"pilot-10-007","case_id":"sub1-duplicate-and-extra-correct","attempt":1,"matched":true,"execution_error":false}
{"set_id":"pilot-10-007","case_id":"sub1-all-paraphrases","attempt":1,"matched":true,"execution_error":false}
{"set_id":"pilot-10-007","case_id":"sub1-risk-assessment-not-520-design-duty","attempt":1,"matched":true,"execution_error":false}
{"set_id":"pilot-10-007","case_id":"sub1-crit1-paraphrase","attempt":1,"matched":true,"execution_error":false}
{"set_id":"pilot-10-007","case_id":"sub1-crit1-opposite","attempt":1,"matched":true,"execution_error":false}
{"set_id":"pilot-10-007","case_id":"sub1-crit1-condition-boundary","attempt":1,"matched":true,"execution_error":false}
{"set_id":"pilot-10-007","case_id":"sub1-crit1-omission","attempt":1,"matched":true,"execution_error":false}
{"set_id":"pilot-10-007","case_id":"sub1-crit2-paraphrase","attempt":1,"matched":true,"execution_error":false}
{"set_id":"pilot-10-007","case_id":"sub1-crit2-opposite","attempt":1,"matched":true,"execution_error":false}
{"set_id":"pilot-10-007","case_id":"sub1-crit2-condition-boundary","attempt":1,"matched":true,"execution_error":false}
{"set_id":"pilot-10-007","case_id":"sub1-crit2-omission","attempt":1,"matched":true,"execution_error":false}
{"set_id":"pilot-10-007","case_id":"sub1-crit3-paraphrase","attempt":1,"matched":true,"execution_error":false}
{"set_id":"pilot-10-007","case_id":"sub1-crit3-opposite","attempt":1,"matched":true,"execution_error":false}
{"set_id":"pilot-10-007","case_id":"sub1-crit3-condition-boundary","attempt":1,"matched":true,"execution_error":false}
{"set_id":"pilot-10-007","case_id":"sub1-crit3-omission","attempt":1,"matched":true,"execution_error":false}
{"set_id":"pilot-10-007","case_id":"sub2-model-answer","attempt":1,"matched":true,"execution_error":false}
{"set_id":"pilot-10-007","case_id":"sub2-empty","attempt":1,"matched":true,"execution_error":false}
{"set_id":"pilot-10-007","case_id":"sub2-reverse-order","attempt":1,"matched":true,"execution_error":false}
{"set_id":"pilot-10-007","case_id":"sub2-one-sentence","attempt":1,"matched":true,"execution_error":false}
{"set_id":"pilot-10-007","case_id":"sub2-irrelevant-prefix","attempt":1,"matched":true,"execution_error":false}
{"set_id":"pilot-10-007","case_id":"sub2-duplicate-and-extra-correct","attempt":1,"matched":true,"execution_error":false}
{"set_id":"pilot-10-007","case_id":"sub2-all-paraphrases","attempt":1,"matched":true,"execution_error":false}
{"set_id":"pilot-10-007","case_id":"sub2-previous-true-omission-implicit","attempt":1,"matched":false,"execution_error":false}
{"set_id":"pilot-10-007","case_id":"sub2-previous-true-omission-implicit","attempt":2,"matched":false,"execution_error":false}
{"set_id":"pilot-10-007","case_id":"sub2-previous-true-omission-implicit","attempt":3,"matched":false,"execution_error":false}
{"set_id":"pilot-10-007","case_id":"sub2-wrong-judgment-right-three-actions","attempt":1,"matched":true,"execution_error":false}
{"set_id":"pilot-10-007","case_id":"sub2-controls-as-evidence","attempt":1,"matched":true,"execution_error":false}
{"set_id":"pilot-10-007","case_id":"sub2-partial-reliability-list","attempt":1,"matched":true,"execution_error":false}
{"set_id":"pilot-10-007","case_id":"sub2-expectation-only-no-reliability","attempt":1,"matched":false,"execution_error":false}
{"set_id":"pilot-10-007","case_id":"sub2-expectation-only-no-reliability","attempt":2,"matched":false,"execution_error":false}
{"set_id":"pilot-10-007","case_id":"sub2-expectation-only-no-reliability","attempt":3,"matched":false,"execution_error":false}
{"set_id":"pilot-10-007","case_id":"sub2-crit4-paraphrase","attempt":1,"matched":true,"execution_error":false}
{"set_id":"pilot-10-007","case_id":"sub2-crit4-opposite","attempt":1,"matched":true,"execution_error":false}
{"set_id":"pilot-10-007","case_id":"sub2-crit4-condition-boundary","attempt":1,"matched":true,"execution_error":false}
{"set_id":"pilot-10-007","case_id":"sub2-crit4-surface-omission-implicit","attempt":1,"matched":false,"execution_error":false}
{"set_id":"pilot-10-007","case_id":"sub2-crit4-surface-omission-implicit","attempt":2,"matched":false,"execution_error":false}
{"set_id":"pilot-10-007","case_id":"sub2-crit4-surface-omission-implicit","attempt":3,"matched":false,"execution_error":false}
{"set_id":"pilot-10-007","case_id":"sub2-crit4-true-omission","attempt":1,"matched":true,"execution_error":false}
{"set_id":"pilot-10-007","case_id":"sub2-crit5-paraphrase","attempt":1,"matched":false,"execution_error":false}
{"set_id":"pilot-10-007","case_id":"sub2-crit5-paraphrase","attempt":2,"matched":false,"execution_error":false}
{"set_id":"pilot-10-007","case_id":"sub2-crit5-paraphrase","attempt":3,"matched":false,"execution_error":false}
{"set_id":"pilot-10-007","case_id":"sub2-crit5-opposite","attempt":1,"matched":true,"execution_error":false}
{"set_id":"pilot-10-007","case_id":"sub2-crit5-condition-boundary","attempt":1,"matched":true,"execution_error":false}
{"set_id":"pilot-10-007","case_id":"sub2-crit5-omission","attempt":1,"matched":true,"execution_error":false}
{"set_id":"pilot-10-007","case_id":"sub2-crit6-paraphrase","attempt":1,"matched":false,"execution_error":false}
{"set_id":"pilot-10-007","case_id":"sub2-crit6-paraphrase","attempt":2,"matched":false,"execution_error":false}
{"set_id":"pilot-10-007","case_id":"sub2-crit6-paraphrase","attempt":3,"matched":false,"execution_error":false}
{"set_id":"pilot-10-007","case_id":"sub2-crit6-opposite","attempt":1,"matched":true,"execution_error":false}
{"set_id":"pilot-10-007","case_id":"sub2-crit6-condition-boundary","attempt":1,"matched":true,"execution_error":false}
{"set_id":"pilot-10-007","case_id":"sub2-crit6-omission","attempt":1,"matched":true,"execution_error":false}
{"set_id":"pilot-10-007","case_id":"sub2-crit7-paraphrase","attempt":1,"matched":false,"execution_error":false}
{"set_id":"pilot-10-007","case_id":"sub2-crit7-paraphrase","attempt":2,"matched":false,"execution_error":true}
