{"set_id":"pilot-08-008","case_id":"sub1-model-answer","attempt":1,"matched":true,"execution_error":false}
{"set_id":"pilot-08-008","case_id":"sub1-empty","attempt":1,"matched":true,"execution_error":false}
{"set_id":"pilot-08-008","case_id":"sub1-reverse-order","attempt":1,"matched":true,"execution_error":false}
{"set_id":"pilot-08-008","case_id":"sub1-one-sentence","attempt":1,"matched":true,"execution_error":false}
{"set_id":"pilot-08-008","case_id":"sub1-irrelevant-prefix","attempt":1,"matched":true,"execution_error":false}
{"set_id":"pilot-08-008","case_id":"sub1-duplicate-and-extra-correct","attempt":1,"matched":true,"execution_error":false}
{"set_id":"pilot-08-008","case_id":"sub1-all-paraphrases","attempt":1,"matched":true,"execution_error":false}
{"set_id":"pilot-08-008","case_id":"sub1-threat-not-certain-fraud","attempt":1,"matched":true,"execution_error":false}
{"set_id":"pilot-08-008","case_id":"sub1-crit1-paraphrase","attempt":1,"matched":true,"execution_error":false}
{"set_id":"pilot-08-008","case_id":"sub1-crit1-opposite","attempt":1,"matched":true,"execution_error":false}
{"set_id":"pilot-08-008","case_id":"sub1-crit1-condition-boundary","attempt":1,"matched":true,"execution_error":false}
{"set_id":"pilot-08-008","case_id":"sub1-crit1-omission","attempt":1,"matched":true,"execution_error":false}
{"set_id":"pilot-08-008","case_id":"sub1-crit2-paraphrase","attempt":1,"matched":true,"execution_error":false}
{"set_id":"pilot-08-008","case_id":"sub1-crit2-opposite","attempt":1,"matched":true,"execution_error":false}
{"set_id":"pilot-08-008","case_id":"sub1-crit2-condition-boundary","attempt":1,"matched":true,"execution_error":false}
{"set_id":"pilot-08-008","case_id":"sub1-crit2-omission","attempt":1,"matched":true,"execution_error":false}
{"set_id":"pilot-08-008","case_id":"sub2-model-answer","attempt":1,"matched":true,"execution_error":false}
{"set_id":"pilot-08-008","case_id":"sub2-empty","attempt":1,"matched":true,"execution_error":false}
{"set_id":"pilot-08-008","case_id":"sub2-reverse-order","attempt":1,"matched":true,"execution_error":false}
{"set_id":"pilot-08-008","case_id":"sub2-one-sentence","attempt":1,"matched":true,"execution_error":false}
{"set_id":"pilot-08-008","case_id":"sub2-irrelevant-prefix","attempt":1,"matched":true,"execution_error":false}
{"set_id":"pilot-08-008","case_id":"sub2-duplicate-and-extra-correct","attempt":1,"matched":true,"execution_error":false}
{"set_id":"pilot-08-008","case_id":"sub2-all-paraphrases","attempt":1,"matched":true,"execution_error":false}
{"set_id":"pilot-08-008","case_id":"sub2-inputs-only-not-conclusion-review","attempt":1,"matched":true,"execution_error":false}
{"set_id":"pilot-08-008","case_id":"sub2-assumptions-only-missing-data","attempt":1,"matched":true,"execution_error":false}
{"set_id":"pilot-08-008","case_id":"sub2-data-only-missing-assumptions","attempt":1,"matched":true,"execution_error":false}
{"set_id":"pilot-08-008","case_id":"sub2-crit3-paraphrase","attempt":1,"matched":true,"execution_error":false}
{"set_id":"pilot-08-008","case_id":"sub2-crit3-opposite","attempt":1,"matched":true,"execution_error":false}
{"set_id":"pilot-08-008","case_id":"sub2-crit3-condition-boundary","attempt":1,"matched":true,"execution_error":false}
{"set_id":"pilot-08-008","case_id":"sub2-crit3-omission","attempt":1,"matched":true,"execution_error":false}
{"set_id":"pilot-08-008","case_id":"sub2-crit4-paraphrase","attempt":1,"matched":true,"execution_error":false}
{"set_id":"pilot-08-008","case_id":"sub2-crit4-opposite","attempt":1,"matched":true,"execution_error":false}
{"set_id":"pilot-08-008","case_id":"sub2-crit4-condition-boundary","attempt":1,"matched":true,"execution_error":false}
{"set_id":"pilot-08-008","case_id":"sub2-crit4-omission","attempt":1,"matched":true,"execution_error":false}
{"set_id":"pilot-08-008","case_id":"sub2-crit5-paraphrase","attempt":1,"matched":true,"execution_error":false}
{"set_id":"pilot-08-008","case_id":"sub2-crit5-opposite","attempt":1,"matched":true,"execution_error":false}
{"set_id":"pilot-08-008","case_id":"sub2-crit5-condition-boundary","attempt":1,"matched":true,"execution_error":false}
{"set_id":"pilot-08-008","case_id":"sub2-crit5-omission","attempt":1,"matched":true,"execution_error":false}
{"set_id":"pilot-08-008","case_id":"sub3-model-answer","attempt":1,"matched":true,"execution_error":false}
{"set_id":"pilot-08-008","case_id":"sub3-empty","attempt":1,"matched":true,"execution_error":false}
{"set_id":"pilot-08-008","case_id":"sub3-reverse-order","attempt":1,"matched":true,"execution_error":false}
{"set_id":"pilot-08-008","case_id":"sub3-one-sentence","attempt":1,"matched":true,"execution_error":false}
{"set_id":"pilot-08-008","case_id":"sub3-irrelevant-prefix","attempt":1,"matched":true,"execution_error":false}
{"set_id":"pilot-08-008","case_id":"sub3-duplicate-and-extra-correct","attempt":1,"matched":true,"execution_error":false}
{"set_id":"pilot-08-008","case_id":"sub3-all-paraphrases","attempt":1,"matched":true,"execution_error":false}
{"set_id":"pilot-08-008","case_id":"sub3-different-source-not-automatic-discard","attempt":1,"matched":true,"execution_error":false}
{"set_id":"pilot-08-008","case_id":"sub3-crit6-paraphrase","attempt":1,"matched":true,"execution_error":false}
{"set_id":"pilot-08-008","case_id":"sub3-crit6-opposite","attempt":1,"matched":true,"execution_error":false}
{"set_id":"pilot-08-008","case_id":"sub3-crit6-condition-boundary","attempt":1,"matched":true,"execution_error":false}
{"set_id":"pilot-08-008","case_id":"sub3-crit6-omission","attempt":1,"matched":true,"execution_error":false}
{"set_id":"pilot-08-008","case_id":"sub3-crit7-paraphrase","attempt":1,"matched":true,"execution_error":false}
{"set_id":"pilot-08-008","case_id":"sub3-crit7-opposite","attempt":1,"matched":true,"execution_error":false}
{"set_id":"pilot-08-008","case_id":"sub3-crit7-condition-boundary","attempt":1,"matched":true,"execution_error":false}
{"set_id":"pilot-08-008","case_id":"sub3-crit7-omission","attempt":1,"matched":true,"execution_error":false}
