pilot-03-001: 직렬화 의미검수 입력 290697자
pilot-03-001/5a5b40972f2e8d891a919cf9cec8c12b3c35c6e81df72ea9639e64152c40d519: 사례 채점 일치
pilot-03-001/9a7ddff9df9262c99dc8750df97376ff41a8c3f3339a88eb50a8bb020ea96000: 사례 채점 일치
pilot-03-001/d88e03b26a04854e19175f8689d3a8083407304caad4fa66b6c1a18266dd58bc: 사례 채점 일치
pilot-03-001/2218badfa46c10c8d00694e1d78f71790e891c8fc20bd4b0f3cc33ff0b71584a: 사례 채점 일치
pilot-03-001/9bfa6d6b2fa1abb229faad6f000129cb0573d0d6aada97df7181ce229b664345: 사례 채점 일치
pilot-03-001/2ef9e008ab837a7176e590df9af9a95451a3e5d160b44f480ae9d47e4657cc47: 사례 채점 일치
pilot-03-001/e3b1bb4057701ffbcd0bc9b75c5564256e8b3fd4f5725220631eef56172350ed: 사례 채점 일치
pilot-03-001/02945ab544ebe533aa6d790d74fbe829d8003269879a37e55125de57f7125d10: 사례 채점 일치
pilot-03-001/93c7e5c34c26c3ae55413ac46f3c7d60643c73580694070d6d3b386c3f8eba48: 사례 채점 일치
pilot-03-001/bfbdfc8c22a2c24715fec4ae29a3fae52faa57d45091c7137df2d50c852df254: 사례 채점 일치
pilot-03-001/4a4b504220c9fd240c637231a1f8cba8aa085326118f43d2fc5e97a22ba3f674: 사례 채점 일치
pilot-03-001/b66dbdd99e4ee0d0b40fcaec27699c3669a19b198a5e941a483da80b14b8e4a3: 사례 채점 일치
pilot-03-001/6a9b8185b9d4a3c488f5ecfd73b6cdc1b6fdf6438381fd0f5e95b5fd561c2ab6: 사례 채점 일치
pilot-03-001/c98f8d83f1f29f172597c8e84be5f7315f0efb946c42dd48da5c6f49752dee1c: 사례 채점 일치
pilot-03-001/5eb18422015558bbb5f2deb527347106e90e35438420554f2508648d7913a599: 사례 채점 일치
pilot-03-001/f2c732a86de22e9ef87fa1fd5e3e9233bfda88d8a88616cca043ab32c14da809: 사례 채점 일치
pilot-03-001/c9767546e817ef2d5c31b9d2e74ca34370fac276ff8165099f62b77792680c8e: 사례 채점 불일치
pilot-03-001/3fcb7d5a9e470ee8f93942bfddcfccdd439ca314395927aa8975ae29e97d4f8f: 사례 채점 일치
pilot-03-001/8e8410a4aac2423a377a05e4c1b42851a9193421d9995096b1bec224c29ebdbd: 사례 채점 일치
pilot-03-001/edd3754b3289a3fb2fac31bd3d8e84d4d3013770c0110b412ed65a0be0dbdba7: 사례 채점 불일치
pilot-03-001/920a43b6215018b754d1f38ae5b70e55e26f25a4b21b1c69d7835214e2fba8db: 사례 채점 일치
pilot-03-001/c9aa7dd01c45fc3311000fb5b02f0e46922b8884a0724ddf35f4c145f5b5e834: 사례 채점 일치
pilot-03-001/0952ba85403268e09e0c35215dd362546c70070241c59c6880f03a0c7ff3ac0e: 사례 채점 일치
pilot-03-001/3078e2aa1fdd622588fe2c392a1b9bf01d42b83c5438001685ba8357b881a5cf: 사례 채점 일치
pilot-03-001/15d09b269b7ae550bab8f499b02647376dd97f45d6719b1388af7a5fdef78636: 사례 채점 일치
pilot-03-001/4c13a516175aaa064ae4554169ac9546cf9b249a6936839155957859860e53ce: 사례 채점 일치
pilot-03-001/empty-answer: 사례 채점 일치
의미검수 산출물: C:\Users\cntrl\Workspace\study\audit_say\cpa_uploader\analysis\reviews\point-review-and-publication-2026-09-11\execution-resumes\resume-2026-09-12-v2\canary\grading-c\pilot-03-001\grading.json (pilot-03-001=pass)
문항 상태는 변경하지 않았습니다. pass도 사람의 실제 검수 근거와 별도 verified/published 승급이 필요합니다.
