{
  "checked_at": "2026-09-14T05:18:14.889Z",
  "source_file_hash": "0626b0396ae96d1fd0d05cd95afe7335b6a0b7ba28007923504a6c796a206624",
  "bank_content_hash": "d04dc84b2726d05c31bc8a04d126257e7c687e629e8e0d59c3e3fb7b4dea074c",
  "public_content_hash": "0e9365a3cf43a622df904b8c5afd794222c88781cb41990e451a8b5e5769075a",
  "set_count": 236,
  "subquestion_count": 510,
  "criterion_count": 1840,
  "max_points": 1840,
  "ready": true,
  "errors": [],
  "source_hash_mismatches": [],
  "content_review_performed": true,
  "full_bank_validation": {
    "exit_code": 0,
    "signal": null,
    "elapsed_ms": 72084,
    "error_code": null
  },
  "report_path": "C:\\Users\\cntrl\\Workspace\\study\\audit_say\\cpa_uploader\\analysis\\reviews\\case-applied-2026-09-14\\publication-v1\\stage\\readiness.json"
}
읽기 전용 검증 완료. --apply 없이는 DB를 변경하지 않습니다.
