
> crimson-lagoon@0.1.0 wiki:check
> node cpa_uploader/wiki/scripts/check-wiki.mjs

{
  "wikiDir": "C:\\Users\\cntrl\\Workspace\\study\\audit_say\\cpa_uploader\\wiki",
  "markdownFiles": 352,
  "contentPages": 349,
  "errors": [],
  "warnings": [
    "index.md: 258줄, 분할 검토 권장",
    "log.md: 229줄, 분할 검토 권장",
    "questions/pilot-07-006.md: 208줄, 분할 검토 권장",
    "questions/pilot-08-008.md: 224줄, 분할 검토 권장",
    "questions/pilot-09-010.md: 207줄, 분할 검토 권장",
    "questions/pilot-10-007.md: 214줄, 분할 검토 권장",
    "questions/pilot-13-009.md: 216줄, 분할 검토 권장",
    "questions/pilot-13-010.md: 205줄, 분할 검토 권장",
    "questions/pilot-14-007.md: 205줄, 분할 검토 권장",
    "questions/pilot-17-006.md: 202줄, 분할 검토 권장"
  ],
  "drift": [],
  "sourceNavigation": {
    "expectedLinks": 151,
    "actualLinks": 151,
    "topics": 19,
    "errors": []
  },
  "generatedPages": 325,
  "summary": {
    "wikiDir": "C:\\Users\\cntrl\\Workspace\\study\\audit_say\\cpa_uploader\\wiki",
    "topics": 19,
    "questionSets": 155,
    "subquestions": 364,
    "criteria": 1298,
    "requirements": 667,
    "sourceFiles": 57,
    "sourceUnits": 7824,
    "sourceCatalogPages": 143,
    "sourceNavigationLinks": 151,
    "contentPages": 349
  }
}
