{"set_id":"draft-12-560-freq01","case_id":"q1/model","attempt":1,"matched":true,"execution_error":false}
{"set_id":"draft-12-560-freq01","case_id":"q1/equivalent","attempt":1,"matched":true,"execution_error":false}
{"set_id":"draft-12-560-freq01","case_id":"q1/reverse-order","attempt":1,"matched":true,"execution_error":false}
{"set_id":"draft-12-560-freq01","case_id":"q1/single-paragraph","attempt":1,"matched":true,"execution_error":false}
{"set_id":"draft-12-560-freq01","case_id":"q1/empty","attempt":1,"matched":true,"execution_error":false}
{"set_id":"draft-12-560-freq01","case_id":"q1/omit-1","attempt":1,"matched":true,"execution_error":false}
{"set_id":"draft-12-560-freq01","case_id":"q1/omit-2","attempt":1,"matched":true,"execution_error":false}
{"set_id":"draft-12-560-freq01","case_id":"q1/opposite","attempt":1,"matched":true,"execution_error":false}
{"set_id":"draft-12-560-freq01","case_id":"q1/condition-boundary","attempt":1,"matched":true,"execution_error":false}
{"set_id":"draft-12-560-freq01","case_id":"q2/equivalent","attempt":1,"matched":true,"execution_error":false}
{"set_id":"draft-12-560-freq01","case_id":"q2/reverse-order","attempt":1,"matched":true,"execution_error":false}
{"set_id":"draft-12-560-freq01","case_id":"q2/single-paragraph","attempt":1,"matched":true,"execution_error":false}
{"set_id":"draft-12-560-freq01","case_id":"q2/empty","attempt":1,"matched":true,"execution_error":false}
{"set_id":"draft-12-560-freq01","case_id":"q2/omit-2","attempt":1,"matched":true,"execution_error":false}
{"set_id":"draft-12-560-freq01","case_id":"q2/omit-3","attempt":1,"matched":true,"execution_error":false}
{"set_id":"draft-12-560-freq01","case_id":"q2/omit-4","attempt":1,"matched":true,"execution_error":false}
{"set_id":"draft-12-560-freq01","case_id":"q2/omit-5","attempt":1,"matched":true,"execution_error":false}
{"set_id":"draft-12-560-freq01","case_id":"q2/condition-boundary","attempt":1,"matched":true,"execution_error":false}
{"set_id":"draft-12-560-freq01","case_id":"q1/irrelevant-prefix","attempt":1,"matched":true,"execution_error":false}
{"set_id":"draft-12-560-freq01","case_id":"q2/irrelevant-prefix","attempt":1,"matched":true,"execution_error":false}
{"set_id":"draft-12-560-freq01","case_id":"q2/true-omission-date-method","attempt":1,"matched":true,"execution_error":false}
{"set_id":"draft-12-560-freq01","case_id":"q1/root-single-sentence","attempt":1,"matched":true,"execution_error":false}
{"set_id":"draft-12-560-freq01","case_id":"q2/root-single-sentence","attempt":1,"matched":true,"execution_error":false}
