{"set_id":"pilot-13-011","case_id":"sub1/model-answer","attempt":1,"matched":true,"execution_error":false}
{"set_id":"pilot-13-011","case_id":"sub1/equivalent","attempt":1,"matched":true,"execution_error":false}
{"set_id":"pilot-13-011","case_id":"sub1/reverse","attempt":1,"matched":true,"execution_error":false}
{"set_id":"pilot-13-011","case_id":"sub1/single-sentence","attempt":1,"matched":true,"execution_error":false}
{"set_id":"pilot-13-011","case_id":"sub1/irrelevant-prefix","attempt":1,"matched":true,"execution_error":false}
{"set_id":"pilot-13-011","case_id":"sub1/empty","attempt":1,"matched":true,"execution_error":false}
{"set_id":"pilot-13-011","case_id":"sub1/omit-1","attempt":1,"matched":true,"execution_error":false}
{"set_id":"pilot-13-011","case_id":"sub1/opposite-1","attempt":1,"matched":true,"execution_error":false}
{"set_id":"pilot-13-011","case_id":"sub1/boundary-1","attempt":1,"matched":true,"execution_error":false}
{"set_id":"pilot-13-011","case_id":"sub1/omit-2","attempt":1,"matched":true,"execution_error":false}
{"set_id":"pilot-13-011","case_id":"sub1/opposite-2","attempt":1,"matched":true,"execution_error":false}
{"set_id":"pilot-13-011","case_id":"sub1/boundary-2","attempt":1,"matched":true,"execution_error":false}
{"set_id":"pilot-13-011","case_id":"sub1/omit-3","attempt":1,"matched":true,"execution_error":false}
{"set_id":"pilot-13-011","case_id":"sub1/opposite-3","attempt":1,"matched":true,"execution_error":false}
{"set_id":"pilot-13-011","case_id":"sub1/boundary-3","attempt":1,"matched":true,"execution_error":false}
{"set_id":"pilot-13-011","case_id":"sub1/omit-4","attempt":1,"matched":true,"execution_error":false}
{"set_id":"pilot-13-011","case_id":"sub1/opposite-4","attempt":1,"matched":true,"execution_error":false}
{"set_id":"pilot-13-011","case_id":"sub1/boundary-4","attempt":1,"matched":true,"execution_error":false}
{"set_id":"pilot-13-011","case_id":"sub1/omit-5","attempt":1,"matched":true,"execution_error":false}
{"set_id":"pilot-13-011","case_id":"sub1/opposite-5","attempt":1,"matched":true,"execution_error":false}
{"set_id":"pilot-13-011","case_id":"sub1/boundary-5","attempt":1,"matched":true,"execution_error":false}
{"set_id":"pilot-13-011","case_id":"sub1/omit-6","attempt":1,"matched":true,"execution_error":false}
{"set_id":"pilot-13-011","case_id":"sub1/opposite-6","attempt":1,"matched":true,"execution_error":false}
{"set_id":"pilot-13-011","case_id":"sub1/boundary-6","attempt":1,"matched":true,"execution_error":false}
{"set_id":"pilot-13-011","case_id":"sub1/omit-7","attempt":1,"matched":true,"execution_error":false}
{"set_id":"pilot-13-011","case_id":"sub1/opposite-7","attempt":1,"matched":true,"execution_error":false}
{"set_id":"pilot-13-011","case_id":"sub1/boundary-7","attempt":1,"matched":true,"execution_error":false}
{"set_id":"pilot-13-011","case_id":"sub1/omit-8","attempt":1,"matched":true,"execution_error":false}
{"set_id":"pilot-13-011","case_id":"sub1/opposite-8","attempt":1,"matched":true,"execution_error":false}
{"set_id":"pilot-13-011","case_id":"sub1/boundary-8","attempt":1,"matched":true,"execution_error":false}
{"set_id":"pilot-13-011","case_id":"sub1/omit-9","attempt":1,"matched":true,"execution_error":false}
{"set_id":"pilot-13-011","case_id":"sub1/opposite-9","attempt":1,"matched":true,"execution_error":false}
{"set_id":"pilot-13-011","case_id":"sub1/boundary-9","attempt":1,"matched":true,"execution_error":false}
{"set_id":"pilot-13-011","case_id":"sub1/report-period-only","attempt":1,"matched":false,"execution_error":false}
{"set_id":"pilot-13-011","case_id":"sub1/report-period-only","attempt":2,"matched":true,"execution_error":false}
{"set_id":"pilot-13-011","case_id":"sub1/report-period-only","attempt":3,"matched":true,"execution_error":false}
{"set_id":"pilot-13-011","case_id":"sub1/complementary-design-only","attempt":1,"matched":true,"execution_error":false}
{"set_id":"pilot-13-011","case_id":"sub1/test-coverage-only","attempt":1,"matched":true,"execution_error":false}
{"set_id":"pilot-13-011","case_id":"sub1/test-recency-only","attempt":1,"matched":true,"execution_error":false}
{"set_id":"pilot-13-011","case_id":"sub2/model-answer","attempt":1,"matched":true,"execution_error":false}
{"set_id":"pilot-13-011","case_id":"sub2/equivalent","attempt":1,"matched":true,"execution_error":false}
{"set_id":"pilot-13-011","case_id":"sub2/reverse","attempt":1,"matched":true,"execution_error":false}
{"set_id":"pilot-13-011","case_id":"sub2/single-sentence","attempt":1,"matched":true,"execution_error":false}
{"set_id":"pilot-13-011","case_id":"sub2/irrelevant-prefix","attempt":1,"matched":true,"execution_error":false}
{"set_id":"pilot-13-011","case_id":"sub2/empty","attempt":1,"matched":true,"execution_error":false}
{"set_id":"pilot-13-011","case_id":"sub2/omit-1","attempt":1,"matched":true,"execution_error":false}
{"set_id":"pilot-13-011","case_id":"sub2/opposite-1","attempt":1,"matched":true,"execution_error":false}
{"set_id":"pilot-13-011","case_id":"sub2/boundary-1","attempt":1,"matched":true,"execution_error":false}
{"set_id":"pilot-13-011","case_id":"sub2/omit-2","attempt":1,"matched":true,"execution_error":false}
{"set_id":"pilot-13-011","case_id":"sub2/opposite-2","attempt":1,"matched":true,"execution_error":false}
{"set_id":"pilot-13-011","case_id":"sub2/boundary-2","attempt":1,"matched":true,"execution_error":false}
