pilot-03-001: 직렬화 의미검수 입력 298440자
pilot-03-001/5a5b40972f2e8d891a919cf9cec8c12b3c35c6e81df72ea9639e64152c40d519: 사례 채점 일치
pilot-03-001/a9a6cd685bc076a7b65243f7e575862754d9e5474e8e538ab6f9bc92a3601c6d: 사례 채점 일치
pilot-03-001/c6af70d902b4a41a3416ccf60959c884b9343d2fcfc1fb1f2be332e0835f319c: 사례 채점 일치
pilot-03-001/0f22afc32fa89efc98c38b7191e934623477c3f697fe302191c4bc1262848a73: 사례 채점 일치
pilot-03-001/1bf0205db688a19edb9381b3f51bed8f95b7f4759eec3d40f790e31164d21116: 사례 채점 일치
pilot-03-001/81695798de9cd38298eb7e15c21c80f0fca1c0c3add052f5d3ea342852517b8d: 사례 채점 일치
pilot-03-001/9951bbc147f47ec7652ecfb632ec9efd674153d6ae5a21825a27e90efcd31f89: 사례 채점 일치
pilot-03-001/9b93858cd2c901489e92e1dcc726b29c2dbd74cfccc245611964d9fdd110e60e: 사례 채점 일치
pilot-03-001/8fbc1d78913f785d656c617eb9d72b351962b2901a4bb3da5d837090b386680a: 사례 채점 일치
pilot-03-001/5ec445c67d54a19598ccd14c7972856ae6aa9f50b71a9ce9cdb282a133d14a42: 사례 채점 일치
pilot-03-001/4daa3e89fd94965b5ea512e79a616b6d850bfa73550dce7a480d18805af0334d: 사례 채점 일치
pilot-03-001/91a988371238be710c4860e4f8dc04804f84c88741291740e0d2ca967b31e4a0: 사례 채점 일치
pilot-03-001/4ac5b25a504156c76e27715894df417fed0c3f4e263978ad8229ae10b82e490c: 사례 채점 일치
pilot-03-001/1371ff8f90039d7b38c8105d2eaf0bdfd1e6c9e0e21efac47cbcf2ac6ee8d26b: 사례 채점 일치
pilot-03-001/c3931c857687e03a1bc7d5201e2aa01bc48b8cba3e2a5422561a6552322d4d68: 사례 채점 일치
pilot-03-001/67dc959ef391ea222888e6c8cb28d73ec54d777a130d9f776708ed0211f8c350: 사례 채점 일치
pilot-03-001/8a33ab94b196edbe225b764cc4c205749b2d37f5bcf4bcd87a29a670653a679d: 사례 채점 일치
pilot-03-001/3fcb7d5a9e470ee8f93942bfddcfccdd439ca314395927aa8975ae29e97d4f8f: 사례 채점 일치
pilot-03-001/a409b7f6e44a9828c63eab1181f38206704f125530e002750a069f4929572652: 사례 채점 일치
pilot-03-001/28749aaf3df245cab85cdb166711f66015394a654ed696e666f3ec223eec55bd: 사례 채점 일치
pilot-03-001/b879b02f38e423e6041559f809b08f8c2e0fe78dadcdbe007a2001a462e8885f: 사례 채점 일치
pilot-03-001/37ca3c10edcdaff6575ad1a68e984ab2e33594dcb050bb33fed9c3e5112231a7: 사례 채점 일치
pilot-03-001/fe9d5dd3cba6a3ecadc5e9ba89a9a93f9eacb3b431f706de7a5d339bf55eeac1: 사례 채점 일치
pilot-03-001/2ebfd95fe656473c3d8bbd55607cfbd36f6e411802d2763553eacb3efc9dbcff: 사례 채점 일치
pilot-03-001/89cddd4f73cc3584f71682fbc4daff5477ae8928a02eaddf4c07533c5a316c7c: 사례 채점 일치
pilot-03-001/2564796b35b572204bbf4be5b58a840ecc8896f048dbff21316f3d1b69a19ede: 사례 채점 일치
pilot-03-001/empty-answer: 사례 채점 일치
의미검수 산출물: C:\Users\cntrl\Workspace\study\audit_say\cpa_uploader\analysis\reviews\point-review-and-publication-2026-09-11\execution-resumes\resume-2026-09-12-v4\canary\grading-c\pilot-03-001\grading.json (pilot-03-001=pass)
문항 상태는 변경하지 않았습니다. pass도 사람의 실제 검수 근거와 별도 verified/published 승급이 필요합니다.
