{
  "output": "C:\\Users\\cntrl\\Workspace\\study\\audit_say\\cpa_uploader\\analysis\\reviews\\standard-new-verification-2026-09-14\\fix-v2\\db-publication-v1\\verification.json",
  "status": "passed",
  "expected": {
    "sets": 372,
    "questions": 555,
    "criteria": 1889,
    "points": 1889,
    "standard_questions": 372,
    "case_questions": 183,
    "case_parents": 70,
    "learning_units": 442,
    "topic_links": 716,
    "topics": 19
  },
  "failures": [],
  "requests": 376,
  "remote_write_queries": 0,
  "model_api_calls": 0
}
