{
  "checked_at": "2026-09-14T08:12:47.930Z",
  "source_file_hash": "fe106741e3b8575f20b1be07786cd034c2ba2f3f4b1a823f2016a2e19a2a9293",
  "bank_content_hash": "f08927952aa7c93158e8fcb2b4e4c70ab7324fa3b8542ab1277fc59458830b77",
  "public_content_hash": "fd93c53220c950c99caa4e756672cc00364df97318a30c4b20a5762af4a0697e",
  "set_count": 372,
  "subquestion_count": 555,
  "criterion_count": 1889,
  "max_points": 1889,
  "ready": true,
  "errors": [],
  "source_hash_mismatches": [],
  "content_review_performed": true,
  "full_bank_validation": {
    "exit_code": 0,
    "signal": null,
    "elapsed_ms": 116163,
    "error_code": null
  },
  "report_path": "C:\\Users\\cntrl\\Workspace\\study\\audit_say\\cpa_uploader\\analysis\\reviews\\case-trio-2026-09-14\\publication-v1\\stage\\readiness.json"
}
읽기 전용 검증 완료. --apply 없이는 DB를 변경하지 않습니다.
