{
  "output": "C:\\Users\\cntrl\\Workspace\\study\\audit_say\\cpa_uploader\\analysis\\reviews\\case-review-2026-09-15\\publication-r05-r06\\db-import\\publication-v2\\verification.json",
  "status": "passed",
  "expected": {
    "sets": 369,
    "questions": 546,
    "criteria": 1871,
    "points": 1871,
    "standard_questions": 372,
    "case_questions": 174,
    "case_parents": 67,
    "learning_units": 439,
    "topic_links": 708,
    "topics": 19
  },
  "failures": [],
  "requests": 373,
  "remote_write_queries": 0,
  "model_api_calls": 0
}
