{
  "checked_at": "2026-09-14T02:25:39.677Z",
  "source_file_hash": "7dbf962d6a86c8659d120c643e70b407ce4da7e95bcffe366f18e6b8d4d5ca7e",
  "bank_content_hash": "5644fcb5e2f62d8c9fea4111408a15a1210d4fdc688c5ccc582d6bfc7eeb0c19",
  "public_content_hash": "372f5bada3c32af7679cdb3d9da23f5c83cdd3ce9857ed2d394221380dc01471",
  "set_count": 219,
  "subquestion_count": 464,
  "criterion_count": 1690,
  "max_points": 1690,
  "ready": true,
  "errors": [],
  "source_hash_mismatches": [],
  "content_review_performed": true,
  "full_bank_validation": {
    "exit_code": 0,
    "signal": null,
    "elapsed_ms": 50300,
    "error_code": null
  },
  "report_path": "C:\\Users\\cntrl\\Workspace\\study\\audit_say\\cpa_uploader\\analysis\\reviews\\case-additional-2026-09-14\\db-publication-v1\\readiness.json"
}
{
  "applied_at": "2026-09-14T02:26:46.180Z",
  "project_host": "xvifzicrjmbfqaepcfpp.supabase.co",
  "applied": true,
  "reused": false,
  "set_count": 219,
  "release_id": "dadfbfbc-5433-4b51-9991-59b6289f08e8",
  "learning_classification_count": 464,
  "source_file_hash": "7dbf962d6a86c8659d120c643e70b407ce4da7e95bcffe366f18e6b8d4d5ca7e",
  "bank_content_hash": "5644fcb5e2f62d8c9fea4111408a15a1210d4fdc688c5ccc582d6bfc7eeb0c19",
  "public_round_trip": true,
  "source_bytes_identical": true,
  "content_review_performed": true,
  "progress_initialized": false,
  "learning_unit_count": 393
}
