{
  "output": "C:\\Users\\cntrl\\Workspace\\study\\audit_say\\cpa_uploader\\analysis\\reviews\\case-additional-2026-09-14\\db-publication-v1\\verification.json",
  "status": "passed",
  "expected": {
    "sets": 219,
    "questions": 464,
    "criteria": 1690,
    "points": 1690,
    "standard_questions": 344,
    "case_questions": 120,
    "case_parents": 49,
    "learning_units": 393,
    "topic_links": 594,
    "topics": 19
  },
  "failures": [],
  "requests": 223,
  "remote_write_queries": 0,
  "model_api_calls": 0
}
