{
  "output": "C:\\Users\\cntrl\\Workspace\\study\\audit_say\\cpa_uploader\\analysis\\reviews\\case-review-2026-09-15\\publication-r16-r19\\db-import\\publication-v1\\verification.json",
  "status": "passed",
  "expected": {
    "sets": 354,
    "questions": 503,
    "criteria": 1784,
    "points": 1784,
    "standard_questions": 371,
    "case_questions": 132,
    "case_parents": 51,
    "learning_units": 422,
    "topic_links": 663,
    "topics": 19
  },
  "failures": [],
  "requests": 358,
  "remote_write_queries": 0,
  "model_api_calls": 0
}
