{
  "wikiDir": "C:\\Users\\cntrl\\Workspace\\study\\audit_say\\cpa_uploader\\wiki",
  "markdownFiles": 574,
  "contentPages": 571,
  "errors": [],
  "warnings": [
    "concepts/audit-evidence-assertions.md: 220줄, 분할 검토 권장",
    "concepts/completion-subsequent-events-going-concern.md: 255줄, 분할 검토 권장",
    "concepts/fraud-laws-governance-communication.md: 253줄, 분할 검토 권장",
    "concepts/inventory-litigation-confirmations-opening-balances.md: 232줄, 분할 검토 권장",
    "concepts/planning-documentation-materiality.md: 213줄, 분할 검토 권장",
    "concepts/service-organizations-internal-audit-experts.md: 202줄, 분할 검토 권장",
    "index.md: 300줄, 분할 검토 권장",
    "log.md: 355줄, 분할 검토 권장",
    "questions/draft-standard-expansion-20260913-e01.md: 201줄, 분할 검토 권장",
    "questions/pilot-09-010.md: 207줄, 분할 검토 권장",
    "questions/pilot-17-006.md: 202줄, 분할 검토 권장"
  ],
  "drift": [],
  "sourceNavigation": {
    "expectedLinks": 151,
    "actualLinks": 151,
    "topics": 19,
    "errors": []
  },
  "generatedPages": 547,
  "summary": {
    "wikiDir": "C:\\Users\\cntrl\\Workspace\\study\\audit_say\\cpa_uploader\\wiki",
    "topics": 19,
    "questionSets": 375,
    "subquestions": 564,
    "criteria": 1909,
    "requirements": 1466,
    "sourceFiles": 63,
    "sourceUnits": 7849,
    "sourceCatalogPages": 145,
    "sourceNavigationLinks": 151,
    "contentPages": 571
  }
}
