{
  "checked_at": "2026-09-14T04:20:23.113Z",
  "source_file_hash": "8bba1a2860f05c10b116c44b64ce922a39cb80ee51a39d2d8f515ff965818df9",
  "bank_content_hash": "a27be8af33ac67413a89d4e49e5202f59cbac107424a994d07dc0ee33e450d91",
  "public_content_hash": "6d3d471231b72a5e76df9245c90d694c25d17a99663fe7c67ad0826909eb3753",
  "set_count": 230,
  "subquestion_count": 492,
  "criterion_count": 1796,
  "max_points": 1796,
  "ready": true,
  "errors": [],
  "source_hash_mismatches": [],
  "content_review_performed": true,
  "full_bank_validation": {
    "exit_code": 0,
    "signal": null,
    "elapsed_ms": 58963,
    "error_code": null
  },
  "report_path": "C:\\Users\\cntrl\\Workspace\\study\\audit_say\\cpa_uploader\\analysis\\reviews\\case-followup-2026-09-14\\db-publication-v1\\readiness.json"
}
{
  "applied_at": "2026-09-14T04:21:38.893Z",
  "project_host": "xvifzicrjmbfqaepcfpp.supabase.co",
  "applied": true,
  "reused": false,
  "set_count": 230,
  "release_id": "439d8f1d-bd84-4176-98de-76d9776b6aef",
  "learning_classification_count": 492,
  "source_file_hash": "8bba1a2860f05c10b116c44b64ce922a39cb80ee51a39d2d8f515ff965818df9",
  "bank_content_hash": "a27be8af33ac67413a89d4e49e5202f59cbac107424a994d07dc0ee33e450d91",
  "public_round_trip": true,
  "source_bytes_identical": true,
  "content_review_performed": true,
  "progress_initialized": false,
  "learning_unit_count": 409
}
