{
  "output": "C:\\Users\\cntrl\\Workspace\\study\\audit_say\\cpa_uploader\\analysis\\reviews\\case-followup-2026-09-14\\db-publication-v1\\verification.json",
  "status": "passed",
  "expected": {
    "sets": 230,
    "questions": 492,
    "criteria": 1796,
    "points": 1796,
    "standard_questions": 354,
    "case_questions": 138,
    "case_parents": 55,
    "learning_units": 409,
    "topic_links": 623,
    "topics": 19
  },
  "failures": [],
  "requests": 234,
  "remote_write_queries": 0,
  "model_api_calls": 0
}
